Archive member included to satisfy reference by file (symbol)

c:/st/stm32cubeide_1.6.1/stm32cubeide/plugins/com.st.stm32cube.ide.mcu.externaltools.gnu-tools-for-stm32.9-2020-q2-update.win32_1.5.0.202011040924/tools/bin/../lib/gcc/arm-none-eabi/9.3.1/../../../../arm-none-eabi/lib/thumb/v7e-m+fp/hard\libc_nano.a(lib_a-errno.o)
                              Core/Src/syscalls.o (__errno)
c:/st/stm32cubeide_1.6.1/stm32cubeide/plugins/com.st.stm32cube.ide.mcu.externaltools.gnu-tools-for-stm32.9-2020-q2-update.win32_1.5.0.202011040924/tools/bin/../lib/gcc/arm-none-eabi/9.3.1/../../../../arm-none-eabi/lib/thumb/v7e-m+fp/hard\libc_nano.a(lib_a-exit.o)
                              c:/st/stm32cubeide_1.6.1/stm32cubeide/plugins/com.st.stm32cube.ide.mcu.externaltools.gnu-tools-for-stm32.9-2020-q2-update.win32_1.5.0.202011040924/tools/bin/../lib/gcc/arm-none-eabi/9.3.1/../../../../arm-none-eabi/lib/thumb/v7e-m+fp/hard/crt0.o (exit)
c:/st/stm32cubeide_1.6.1/stm32cubeide/plugins/com.st.stm32cube.ide.mcu.externaltools.gnu-tools-for-stm32.9-2020-q2-update.win32_1.5.0.202011040924/tools/bin/../lib/gcc/arm-none-eabi/9.3.1/../../../../arm-none-eabi/lib/thumb/v7e-m+fp/hard\libc_nano.a(lib_a-impure.o)
                              c:/st/stm32cubeide_1.6.1/stm32cubeide/plugins/com.st.stm32cube.ide.mcu.externaltools.gnu-tools-for-stm32.9-2020-q2-update.win32_1.5.0.202011040924/tools/bin/../lib/gcc/arm-none-eabi/9.3.1/../../../../arm-none-eabi/lib/thumb/v7e-m+fp/hard\libc_nano.a(lib_a-exit.o) (_global_impure_ptr)
c:/st/stm32cubeide_1.6.1/stm32cubeide/plugins/com.st.stm32cube.ide.mcu.externaltools.gnu-tools-for-stm32.9-2020-q2-update.win32_1.5.0.202011040924/tools/bin/../lib/gcc/arm-none-eabi/9.3.1/../../../../arm-none-eabi/lib/thumb/v7e-m+fp/hard\libc_nano.a(lib_a-init.o)
                              c:/st/stm32cubeide_1.6.1/stm32cubeide/plugins/com.st.stm32cube.ide.mcu.externaltools.gnu-tools-for-stm32.9-2020-q2-update.win32_1.5.0.202011040924/tools/bin/../lib/gcc/arm-none-eabi/9.3.1/../../../../arm-none-eabi/lib/thumb/v7e-m+fp/hard/crt0.o (__libc_init_array)
c:/st/stm32cubeide_1.6.1/stm32cubeide/plugins/com.st.stm32cube.ide.mcu.externaltools.gnu-tools-for-stm32.9-2020-q2-update.win32_1.5.0.202011040924/tools/bin/../lib/gcc/arm-none-eabi/9.3.1/../../../../arm-none-eabi/lib/thumb/v7e-m+fp/hard\libc_nano.a(lib_a-memcpy-stub.o)
                              Core/Src/main.o (memcpy)
c:/st/stm32cubeide_1.6.1/stm32cubeide/plugins/com.st.stm32cube.ide.mcu.externaltools.gnu-tools-for-stm32.9-2020-q2-update.win32_1.5.0.202011040924/tools/bin/../lib/gcc/arm-none-eabi/9.3.1/../../../../arm-none-eabi/lib/thumb/v7e-m+fp/hard\libc_nano.a(lib_a-memset.o)
                              c:/st/stm32cubeide_1.6.1/stm32cubeide/plugins/com.st.stm32cube.ide.mcu.externaltools.gnu-tools-for-stm32.9-2020-q2-update.win32_1.5.0.202011040924/tools/bin/../lib/gcc/arm-none-eabi/9.3.1/../../../../arm-none-eabi/lib/thumb/v7e-m+fp/hard/crt0.o (memset)
c:/st/stm32cubeide_1.6.1/stm32cubeide/plugins/com.st.stm32cube.ide.mcu.externaltools.gnu-tools-for-stm32.9-2020-q2-update.win32_1.5.0.202011040924/tools/bin/../lib/gcc/arm-none-eabi/9.3.1/../../../../arm-none-eabi/lib/thumb/v7e-m+fp/hard\libc_nano.a(lib_a-sprintf.o)
                              Core/Src/main.o (sprintf)
c:/st/stm32cubeide_1.6.1/stm32cubeide/plugins/com.st.stm32cube.ide.mcu.externaltools.gnu-tools-for-stm32.9-2020-q2-update.win32_1.5.0.202011040924/tools/bin/../lib/gcc/arm-none-eabi/9.3.1/../../../../arm-none-eabi/lib/thumb/v7e-m+fp/hard\libc_nano.a(lib_a-strcmp.o)
                              Core/Src/main.o (strcmp)
c:/st/stm32cubeide_1.6.1/stm32cubeide/plugins/com.st.stm32cube.ide.mcu.externaltools.gnu-tools-for-stm32.9-2020-q2-update.win32_1.5.0.202011040924/tools/bin/../lib/gcc/arm-none-eabi/9.3.1/../../../../arm-none-eabi/lib/thumb/v7e-m+fp/hard\libc_nano.a(lib_a-strlen.o)
                              Core/Src/main.o (strlen)
c:/st/stm32cubeide_1.6.1/stm32cubeide/plugins/com.st.stm32cube.ide.mcu.externaltools.gnu-tools-for-stm32.9-2020-q2-update.win32_1.5.0.202011040924/tools/bin/../lib/gcc/arm-none-eabi/9.3.1/../../../../arm-none-eabi/lib/thumb/v7e-m+fp/hard\libc_nano.a(lib_a-strncmp.o)
                              Core/Src/webServer.o (strncmp)
c:/st/stm32cubeide_1.6.1/stm32cubeide/plugins/com.st.stm32cube.ide.mcu.externaltools.gnu-tools-for-stm32.9-2020-q2-update.win32_1.5.0.202011040924/tools/bin/../lib/gcc/arm-none-eabi/9.3.1/../../../../arm-none-eabi/lib/thumb/v7e-m+fp/hard\libc_nano.a(lib_a-nano-svfprintf.o)
                              c:/st/stm32cubeide_1.6.1/stm32cubeide/plugins/com.st.stm32cube.ide.mcu.externaltools.gnu-tools-for-stm32.9-2020-q2-update.win32_1.5.0.202011040924/tools/bin/../lib/gcc/arm-none-eabi/9.3.1/../../../../arm-none-eabi/lib/thumb/v7e-m+fp/hard\libc_nano.a(lib_a-sprintf.o) (_svfprintf_r)
[...]
Memory Configuration

Name             Origin             Length             Attributes
CCMRAM           0x0000000010000000 0x0000000000010000 xrw
RAM              0x0000000020000000 0x0000000000020000 xrw
FLASH            0x0000000008000000 0x0000000000100000 xr
*default*        0x0000000000000000 0xffffffffffffffff

Linker script and memory map

LOAD c:/st/stm32cubeide_1.6.1/stm32cubeide/plugins/com.st.stm32cube.ide.mcu.externaltools.gnu-tools-for-stm32.9-2020-q2-update.win32_1.5.0.202011040924/tools/bin/../lib/gcc/arm-none-eabi/9.3.1/thumb/v7e-m+fp/hard/crti.o
LOAD c:/st/stm32cubeide_1.6.1/stm32cubeide/plugins/com.st.stm32cube.ide.mcu.externaltools.gnu-tools-for-stm32.9-2020-q2-update.win32_1.5.0.202011040924/tools/bin/../lib/gcc/arm-none-eabi/9.3.1/thumb/v7e-m+fp/hard/crtbegin.o
LOAD c:/st/stm32cubeide_1.6.1/stm32cubeide/plugins/com.st.stm32cube.ide.mcu.externaltools.gnu-tools-for-stm32.9-2020-q2-update.win32_1.5.0.202011040924/tools/bin/../lib/gcc/arm-none-eabi/9.3.1/../../../../arm-none-eabi/lib/thumb/v7e-m+fp/hard/crt0.o
LOAD Core/Src/STM_ENC28_J60.o
LOAD Core/Src/delay.o
LOAD Core/Src/enc28j60.o
LOAD Core/Src/ip_arp_udp_tcp.o
LOAD Core/Src/main.o
LOAD Core/Src/stm32f4xx_hal_msp.o
LOAD Core/Src/stm32f4xx_hal_timebase_tim.o
LOAD Core/Src/stm32f4xx_it.o
LOAD Core/Src/syscalls.o
LOAD Core/Src/sysmem.o
LOAD Core/Src/system_stm32f4xx.o
LOAD Core/Src/webServer.o
LOAD Core/Startup/startup_stm32f407vgtx.o
LOAD Drivers/STM32F4xx_HAL_Driver/Src/stm32f4xx_hal.o
LOAD Drivers/STM32F4xx_HAL_Driver/Src/stm32f4xx_hal_adc.o
LOAD Drivers/STM32F4xx_HAL_Driver/Src/stm32f4xx_hal_adc_ex.o
LOAD Drivers/STM32F4xx_HAL_Driver/Src/stm32f4xx_hal_cortex.o
LOAD Drivers/STM32F4xx_HAL_Driver/Src/stm32f4xx_hal_dma.o
LOAD Drivers/STM32F4xx_HAL_Driver/Src/stm32f4xx_hal_dma_ex.o
LOAD Drivers/STM32F4xx_HAL_Driver/Src/stm32f4xx_hal_exti.o
LOAD Drivers/STM32F4xx_HAL_Driver/Src/stm32f4xx_hal_flash.o
LOAD Drivers/STM32F4xx_HAL_Driver/Src/stm32f4xx_hal_flash_ex.o
LOAD Drivers/STM32F4xx_HAL_Driver/Src/stm32f4xx_hal_flash_ramfunc.o
LOAD Drivers/STM32F4xx_HAL_Driver/Src/stm32f4xx_hal_gpio.o
LOAD Drivers/STM32F4xx_HAL_Driver/Src/stm32f4xx_hal_pwr.o
LOAD Drivers/STM32F4xx_HAL_Driver/Src/stm32f4xx_hal_pwr_ex.o
LOAD Drivers/STM32F4xx_HAL_Driver/Src/stm32f4xx_hal_rcc.o
LOAD Drivers/STM32F4xx_HAL_Driver/Src/stm32f4xx_hal_rcc_ex.o
LOAD Drivers/STM32F4xx_HAL_Driver/Src/stm32f4xx_hal_spi.o
LOAD Drivers/STM32F4xx_HAL_Driver/Src/stm32f4xx_hal_tim.o
LOAD Drivers/STM32F4xx_HAL_Driver/Src/stm32f4xx_hal_tim_ex.o
LOAD Drivers/STM32F4xx_HAL_Driver/Src/stm32f4xx_hal_uart.o
LOAD Drivers/STM32F4xx_HAL_Driver/Src/stm32f4xx_ll_adc.o
LOAD FreeRTOS/croutine.o
LOAD FreeRTOS/event_groups.o
LOAD FreeRTOS/list.o
LOAD FreeRTOS/queue.o
LOAD FreeRTOS/tasks.o
LOAD FreeRTOS/timers.o
LOAD FreeRTOS/portable/ARM_CM4F/port.o
LOAD FreeRTOS/portable/MemMang/heap_4.o
START GROUP
LOAD c:/st/stm32cubeide_1.6.1/stm32cubeide/plugins/com.st.stm32cube.ide.mcu.externaltools.gnu-tools-for-stm32.9-2020-q2-update.win32_1.5.0.202011040924/tools/bin/../lib/gcc/arm-none-eabi/9.3.1/../../../../arm-none-eabi/lib/thumb/v7e-m+fp/hard\libc_nano.a
LOAD c:/st/stm32cubeide_1.6.1/stm32cubeide/plugins/com.st.stm32cube.ide.mcu.externaltools.gnu-tools-for-stm32.9-2020-q2-update.win32_1.5.0.202011040924/tools/bin/../lib/gcc/arm-none-eabi/9.3.1/../../../../arm-none-eabi/lib/thumb/v7e-m+fp/hard\libm.a
END GROUP
START GROUP
LOAD c:/st/stm32cubeide_1.6.1/stm32cubeide/plugins/com.st.stm32cube.ide.mcu.externaltools.gnu-tools-for-stm32.9-2020-q2-update.win32_1.5.0.202011040924/tools/bin/../lib/gcc/arm-none-eabi/9.3.1/thumb/v7e-m+fp/hard\libgcc.a
LOAD c:/st/stm32cubeide_1.6.1/stm32cubeide/plugins/com.st.stm32cube.ide.mcu.externaltools.gnu-tools-for-stm32.9-2020-q2-update.win32_1.5.0.202011040924/tools/bin/../lib/gcc/arm-none-eabi/9.3.1/../../../../arm-none-eabi/lib/thumb/v7e-m+fp/hard\libc_nano.a
END GROUP
START GROUP
LOAD c:/st/stm32cubeide_1.6.1/stm32cubeide/plugins/com.st.stm32cube.ide.mcu.externaltools.gnu-tools-for-stm32.9-2020-q2-update.win32_1.5.0.202011040924/tools/bin/../lib/gcc/arm-none-eabi/9.3.1/thumb/v7e-m+fp/hard\libgcc.a
LOAD c:/st/stm32cubeide_1.6.1/stm32cubeide/plugins/com.st.stm32cube.ide.mcu.externaltools.gnu-tools-for-stm32.9-2020-q2-update.win32_1.5.0.202011040924/tools/bin/../lib/gcc/arm-none-eabi/9.3.1/../../../../arm-none-eabi/lib/thumb/v7e-m+fp/hard\libc_nano.a
LOAD c:/st/stm32cubeide_1.6.1/stm32cubeide/plugins/com.st.stm32cube.ide.mcu.externaltools.gnu-tools-for-stm32.9-2020-q2-update.win32_1.5.0.202011040924/tools/bin/../lib/gcc/arm-none-eabi/9.3.1/../../../../arm-none-eabi/lib/thumb/v7e-m+fp/hard\libnosys.a
END GROUP
START GROUP
LOAD c:/st/stm32cubeide_1.6.1/stm32cubeide/plugins/com.st.stm32cube.ide.mcu.externaltools.gnu-tools-for-stm32.9-2020-q2-update.win32_1.5.0.202011040924/tools/bin/../lib/gcc/arm-none-eabi/9.3.1/thumb/v7e-m+fp/hard\libgcc.a
LOAD c:/st/stm32cubeide_1.6.1/stm32cubeide/plugins/com.st.stm32cube.ide.mcu.externaltools.gnu-tools-for-stm32.9-2020-q2-update.win32_1.5.0.202011040924/tools/bin/../lib/gcc/arm-none-eabi/9.3.1/../../../../arm-none-eabi/lib/thumb/v7e-m+fp/hard\libc_nano.a
LOAD c:/st/stm32cubeide_1.6.1/stm32cubeide/plugins/com.st.stm32cube.ide.mcu.externaltools.gnu-tools-for-stm32.9-2020-q2-update.win32_1.5.0.202011040924/tools/bin/../lib/gcc/arm-none-eabi/9.3.1/../../../../arm-none-eabi/lib/thumb/v7e-m+fp/hard\libnosys.a
END GROUP
LOAD c:/st/stm32cubeide_1.6.1/stm32cubeide/plugins/com.st.stm32cube.ide.mcu.externaltools.gnu-tools-for-stm32.9-2020-q2-update.win32_1.5.0.202011040924/tools/bin/../lib/gcc/arm-none-eabi/9.3.1/thumb/v7e-m+fp/hard/crtend.o
LOAD c:/st/stm32cubeide_1.6.1/stm32cubeide/plugins/com.st.stm32cube.ide.mcu.externaltools.gnu-tools-for-stm32.9-2020-q2-update.win32_1.5.0.202011040924/tools/bin/../lib/gcc/arm-none-eabi/9.3.1/thumb/v7e-m+fp/hard/crtn.o
                0x0000000020020000                _estack = (ORIGIN (RAM) + LENGTH (RAM))
                0x0000000000000200                _Min_Heap_Size = 0x200
                0x0000000000000400                _Min_Stack_Size = 0x400

.isr_vector     0x0000000008000000      0x188
                0x0000000008000000                . = ALIGN (0x4)
 *(.isr_vector)
 .isr_vector    0x0000000008000000      0x188 Core/Startup/startup_stm32f407vgtx.o
                0x0000000008000000                g_pfnVectors
                0x0000000008000188                . = ALIGN (0x4)

.text           0x0000000008000190     0x8df4
                0x0000000008000190                . = ALIGN (0x4)
 *(.text)
 .text          0x0000000008000190       0x40 c:/st/stm32cubeide_1.6.1/stm32cubeide/plugins/com.st.stm32cube.ide.mcu.externaltools.gnu-tools-for-stm32.9-2020-q2-update.win32_1.5.0.202011040924/tools/bin/../lib/gcc/arm-none-eabi/9.3.1/thumb/v7e-m+fp/hard/crtbegin.o
 .text          0x00000000080001d0       0x14 c:/st/stm32cubeide_1.6.1/stm32cubeide/plugins/com.st.stm32cube.ide.mcu.externaltools.gnu-tools-for-stm32.9-2020-q2-update.win32_1.5.0.202011040924/tools/bin/../lib/gcc/arm-none-eabi/9.3.1/../../../../arm-none-eabi/lib/thumb/v7e-m+fp/hard\libc_nano.a(lib_a-strcmp.o)
                0x00000000080001d0                strcmp
 .text          0x00000000080001e4       0x10 c:/st/stm32cubeide_1.6.1/stm32cubeide/plugins/com.st.stm32cube.ide.mcu.externaltools.gnu-tools-for-stm32.9-2020-q2-update.win32_1.5.0.202011040924/tools/bin/../lib/gcc/arm-none-eabi/9.3.1/../../../../arm-none-eabi/lib/thumb/v7e-m+fp/hard\libc_nano.a(lib_a-strlen.o)
                0x00000000080001e4                strlen
 *fill*         0x00000000080001f4        0xc 
 .text          0x0000000008000200       0xa0 c:/st/stm32cubeide_1.6.1/stm32cubeide/plugins/com.st.stm32cube.ide.mcu.externaltools.gnu-tools-for-stm32.9-2020-q2-update.win32_1.5.0.202011040924/tools/bin/../lib/gcc/arm-none-eabi/9.3.1/../../../../arm-none-eabi/lib/thumb/v7e-m+fp/hard\libc_nano.a(lib_a-memchr.o)
                0x0000000008000200                memchr
 .text          0x00000000080002a0       0x30 c:/st/stm32cubeide_1.6.1/stm32cubeide/plugins/com.st.stm32cube.ide.mcu.externaltools.gnu-tools-for-stm32.9-2020-q2-update.win32_1.5.0.202011040924/tools/bin/../lib/gcc/arm-none-eabi/9.3.1/thumb/v7e-m+fp/hard\libgcc.a(_aeabi_uldivmod.o)
                0x00000000080002a0                __aeabi_uldivmod
 .text          0x00000000080002d0      0x2c4 c:/st/stm32cubeide_1.6.1/stm32cubeide/plugins/com.st.stm32cube.ide.mcu.externaltools.gnu-tools-for-stm32.9-2020-q2-update.win32_1.5.0.202011040924/tools/bin/../lib/gcc/arm-none-eabi/9.3.1/thumb/v7e-m+fp/hard\libgcc.a(_udivmoddi4.o)
                0x00000000080002d0                __udivmoddi4
 .text          0x0000000008000594        0x4 c:/st/stm32cubeide_1.6.1/stm32cubeide/plugins/com.st.stm32cube.ide.mcu.externaltools.gnu-tools-for-stm32.9-2020-q2-update.win32_1.5.0.202011040924/tools/bin/../lib/gcc/arm-none-eabi/9.3.1/thumb/v7e-m+fp/hard\libgcc.a(_dvmd_tls.o)
                0x0000000008000594                __aeabi_idiv0
                0x0000000008000594                __aeabi_ldiv0
 *(.text*)
 .text.delay_us
                0x0000000008000598       0x34 Core/Src/delay.o
                0x0000000008000598                delay_us
 .text.ENC28J60_SendByte
                0x00000000080005cc       0x34 Core/Src/enc28j60.o
                0x00000000080005cc                ENC28J60_SendByte
 .text.enc28j60ReadOp
                0x0000000008000600       0x68 Core/Src/enc28j60.o
                0x0000000008000600                enc28j60ReadOp
 .text.enc28j60WriteOp
                0x0000000008000668       0x54 Core/Src/enc28j60.o
                0x0000000008000668                enc28j60WriteOp
 .text.enc28j60ReadBuffer
                0x00000000080006bc       0x50 Core/Src/enc28j60.o
                0x00000000080006bc                enc28j60ReadBuffer
 .text.enc28j60WriteBuffer
                0x000000000800070c       0x4c Core/Src/enc28j60.o
                0x000000000800070c                enc28j60WriteBuffer
 .text.enc28j60SetBank
                0x0000000008000758       0x50 Core/Src/enc28j60.o
                0x0000000008000758                enc28j60SetBank
 .text.enc28j60Read
                0x00000000080007a8       0x26 Core/Src/enc28j60.o
                0x00000000080007a8                enc28j60Read
 .text.enc28j60Write
                0x00000000080007ce       0x2c Core/Src/enc28j60.o
                0x00000000080007ce                enc28j60Write
 .text.enc28j60PhyWrite
                0x00000000080007fa       0x58 Core/Src/enc28j60.o
                0x00000000080007fa                enc28j60PhyWrite
 .text.enc28j60clkout
                0x0000000008000852       0x22 Core/Src/enc28j60.o
                0x0000000008000852                enc28j60clkout
 .text.enc28j60Init
                0x0000000008000874      0x170 Core/Src/enc28j60.o
                0x0000000008000874                enc28j60Init
 .text.enc28j60PacketSend
                0x00000000080009e4       0x80 Core/Src/enc28j60.o
                0x00000000080009e4                enc28j60PacketSend
 .text.enc28j60PacketReceive
                0x0000000008000a64      0x118 Core/Src/enc28j60.o
                0x0000000008000a64                enc28j60PacketReceive
 .text.checksum
                0x0000000008000b7c       0xa8 Core/Src/ip_arp_udp_tcp.o
                0x0000000008000b7c                checksum
 .text.init_ip_arp_udp_tcp
                0x0000000008000c24       0x70 Core/Src/ip_arp_udp_tcp.o
                0x0000000008000c24                init_ip_arp_udp_tcp
 .text.eth_type_is_arp_and_my_ip
                0x0000000008000c94       0x6c Core/Src/ip_arp_udp_tcp.o
                0x0000000008000c94                eth_type_is_arp_and_my_ip
 .text.eth_type_is_ip_and_my_ip
                0x0000000008000d00       0x78 Core/Src/ip_arp_udp_tcp.o
                0x0000000008000d00                eth_type_is_ip_and_my_ip
 .text.make_eth
                0x0000000008000d78       0x54 Core/Src/ip_arp_udp_tcp.o
                0x0000000008000d78                make_eth
 .text.fill_ip_hdr_checksum
                0x0000000008000dcc       0x62 Core/Src/ip_arp_udp_tcp.o
                0x0000000008000dcc                fill_ip_hdr_checksum
 *fill*         0x0000000008000e2e        0x2 
 .text.make_ip  0x0000000008000e30       0x58 Core/Src/ip_arp_udp_tcp.o
                0x0000000008000e30                make_ip
 .text.make_tcphead
                0x0000000008000e88      0x150 Core/Src/ip_arp_udp_tcp.o
                0x0000000008000e88                make_tcphead
 .text.make_arp_answer_from_request
                0x0000000008000fd8       0xb0 Core/Src/ip_arp_udp_tcp.o
                0x0000000008000fd8                make_arp_answer_from_request
 .text.make_echo_reply_from_request
                0x0000000008001088       0x58 Core/Src/ip_arp_udp_tcp.o
                0x0000000008001088                make_echo_reply_from_request
 .text.make_tcp_synack_from_syn
                0x00000000080010e0       0x72 Core/Src/ip_arp_udp_tcp.o
                0x00000000080010e0                make_tcp_synack_from_syn
 *fill*         0x0000000008001152        0x2 
 .text.get_tcp_data_pointer
                0x0000000008001154       0x30 Core/Src/ip_arp_udp_tcp.o
                0x0000000008001154                get_tcp_data_pointer
 .text.init_len_info
                0x0000000008001184       0x88 Core/Src/ip_arp_udp_tcp.o
                0x0000000008001184                init_len_info
 .text.fill_tcp_data
                0x000000000800120c       0x42 Core/Src/ip_arp_udp_tcp.o
                0x000000000800120c                fill_tcp_data
 *fill*         0x000000000800124e        0x2 
 .text.make_tcp_ack_from_any
                0x0000000008001250       0xa0 Core/Src/ip_arp_udp_tcp.o
                0x0000000008001250                make_tcp_ack_from_any
 .text.make_tcp_ack_with_data_single
                0x00000000080012f0       0x8e Core/Src/ip_arp_udp_tcp.o
                0x00000000080012f0                make_tcp_ack_with_data_single
 *fill*         0x000000000800137e        0x2 
 .text.main     0x0000000008001380       0xc4 Core/Src/main.o
                0x0000000008001380                main
 .text.SystemClock_Config
                0x0000000008001444       0xd0 Core/Src/main.o
                0x0000000008001444                SystemClock_Config
 .text.MX_ADC1_Init
                0x0000000008001514       0xa4 Core/Src/main.o
 .text.MX_SPI1_Init
                0x00000000080015b8       0x6c Core/Src/main.o
 .text.MX_TIM2_Init
                0x0000000008001624       0xec Core/Src/main.o
 .text.MX_TIM3_Init
                0x0000000008001710       0x9c Core/Src/main.o
 .text.MX_USART3_UART_Init
                0x00000000080017ac       0x54 Core/Src/main.o
 .text.MX_GPIO_Init
                0x0000000008001800      0x108 Core/Src/main.o
 .text.vHandlerTask
                0x0000000008001908       0x70 Core/Src/main.o
                0x0000000008001908                vHandlerTask
 .text.HAL_ADC_ConvCpltCallback
                0x0000000008001978       0xa8 Core/Src/main.o
                0x0000000008001978                HAL_ADC_ConvCpltCallback
 .text.server   0x0000000008001a20      0x114 Core/Src/main.o
                0x0000000008001a20                server
 .text.frottemp
                0x0000000008001b34      0x24c Core/Src/main.o
                0x0000000008001b34                frottemp
 .text.backtemp
                0x0000000008001d80       0x68 Core/Src/main.o
                0x0000000008001d80                backtemp
 .text.HAL_TIM_PeriodElapsedCallback
                0x0000000008001de8       0x24 Core/Src/main.o
                0x0000000008001de8                HAL_TIM_PeriodElapsedCallback
 .text.Error_Handler
                0x0000000008001e0c        0xa Core/Src/main.o
                0x0000000008001e0c                Error_Handler
 *fill*         0x0000000008001e16        0x2 
 .text.HAL_MspInit
                0x0000000008001e18       0x50 Core/Src/stm32f4xx_hal_msp.o
                0x0000000008001e18                HAL_MspInit
 .text.HAL_ADC_MspInit
                0x0000000008001e68       0x98 Core/Src/stm32f4xx_hal_msp.o
                0x0000000008001e68                HAL_ADC_MspInit
 .text.HAL_SPI_MspInit
                0x0000000008001f00       0x90 Core/Src/stm32f4xx_hal_msp.o
                0x0000000008001f00                HAL_SPI_MspInit
 .text.HAL_TIM_Base_MspInit
                0x0000000008001f90       0x78 Core/Src/stm32f4xx_hal_msp.o
                0x0000000008001f90                HAL_TIM_Base_MspInit
 .text.HAL_TIM_MspPostInit
                0x0000000008002008       0x70 Core/Src/stm32f4xx_hal_msp.o
                0x0000000008002008                HAL_TIM_MspPostInit
 .text.HAL_UART_MspInit
                0x0000000008002078       0x90 Core/Src/stm32f4xx_hal_msp.o
                0x0000000008002078                HAL_UART_MspInit
 .text.HAL_InitTick
                0x0000000008002108       0xb4 Core/Src/stm32f4xx_hal_timebase_tim.o
                0x0000000008002108                HAL_InitTick
 .text.NMI_Handler
                0x00000000080021bc        0x6 Core/Src/stm32f4xx_it.o
                0x00000000080021bc                NMI_Handler
 .text.HardFault_Handler
                0x00000000080021c2        0x6 Core/Src/stm32f4xx_it.o
                0x00000000080021c2                HardFault_Handler
 .text.MemManage_Handler
                0x00000000080021c8        0x6 Core/Src/stm32f4xx_it.o
                0x00000000080021c8                MemManage_Handler
 .text.BusFault_Handler
                0x00000000080021ce        0x6 Core/Src/stm32f4xx_it.o
                0x00000000080021ce                BusFault_Handler
 .text.UsageFault_Handler
                0x00000000080021d4        0x6 Core/Src/stm32f4xx_it.o
                0x00000000080021d4                UsageFault_Handler
 .text.DebugMon_Handler
                0x00000000080021da        0xe Core/Src/stm32f4xx_it.o
                0x00000000080021da                DebugMon_Handler
 .text.ADC_IRQHandler
                0x00000000080021e8       0x14 Core/Src/stm32f4xx_it.o
                0x00000000080021e8                ADC_IRQHandler
 .text.TIM2_IRQHandler
                0x00000000080021fc       0x14 Core/Src/stm32f4xx_it.o
                0x00000000080021fc                TIM2_IRQHandler
 .text.TIM6_DAC_IRQHandler
                0x0000000008002210       0x14 Core/Src/stm32f4xx_it.o
                0x0000000008002210                TIM6_DAC_IRQHandler
 .text._sbrk    0x0000000008002224       0x6c Core/Src/sysmem.o
                0x0000000008002224                _sbrk
 .text.SystemInit
                0x0000000008002290       0x24 Core/Src/system_stm32f4xx.o
                0x0000000008002290                SystemInit
 .text.setup_server
                0x00000000080022b4       0x9c Core/Src/webServer.o
                0x00000000080022b4                setup_server
 .text.serviceRequest
                0x0000000008002350      0x1b8 Core/Src/webServer.o
                0x0000000008002350                serviceRequest
 .text.print_text
                0x0000000008002508       0x54 Core/Src/webServer.o
                0x0000000008002508                print_text
 .text.respond_single
                0x000000000800255c       0x28 Core/Src/webServer.o
                0x000000000800255c                respond_single
 .text.Reset_Handler
                0x0000000008002584       0x50 Core/Startup/startup_stm32f407vgtx.o
                0x0000000008002584                Reset_Handler
 .text.Default_Handler
                0x00000000080025d4        0x2 Core/Startup/startup_stm32f407vgtx.o
                0x00000000080025d4                RTC_Alarm_IRQHandler
                0x00000000080025d4                HASH_RNG_IRQHandler
                0x00000000080025d4                EXTI2_IRQHandler
                0x00000000080025d4                TIM8_CC_IRQHandler
                0x00000000080025d4                TIM1_CC_IRQHandler
                0x00000000080025d4                DMA2_Stream5_IRQHandler
                0x00000000080025d4                DMA1_Stream5_IRQHandler
                0x00000000080025d4                PVD_IRQHandler
                0x00000000080025d4                SDIO_IRQHandler
                0x00000000080025d4                TAMP_STAMP_IRQHandler
                0x00000000080025d4                CAN2_RX1_IRQHandler
                0x00000000080025d4                EXTI3_IRQHandler
                0x00000000080025d4                TIM8_TRG_COM_TIM14_IRQHandler
                0x00000000080025d4                TIM1_UP_TIM10_IRQHandler
                0x00000000080025d4                TIM8_UP_TIM13_IRQHandler
                0x00000000080025d4                I2C3_ER_IRQHandler
                0x00000000080025d4                EXTI0_IRQHandler
                0x00000000080025d4                I2C2_EV_IRQHandler
                0x00000000080025d4                DMA1_Stream2_IRQHandler
                0x00000000080025d4                CAN1_RX0_IRQHandler
                0x00000000080025d4                FPU_IRQHandler
                0x00000000080025d4                OTG_HS_WKUP_IRQHandler
                0x00000000080025d4                CAN2_SCE_IRQHandler
                0x00000000080025d4                DMA2_Stream2_IRQHandler
                0x00000000080025d4                SPI1_IRQHandler
                0x00000000080025d4                TIM1_BRK_TIM9_IRQHandler
                0x00000000080025d4                DCMI_IRQHandler
                0x00000000080025d4                CAN2_RX0_IRQHandler
                0x00000000080025d4                DMA2_Stream3_IRQHandler
                0x00000000080025d4                USART6_IRQHandler
                0x00000000080025d4                USART3_IRQHandler
                0x00000000080025d4                CAN1_RX1_IRQHandler
                0x00000000080025d4                UART5_IRQHandler
                0x00000000080025d4                DMA2_Stream0_IRQHandler
                0x00000000080025d4                TIM4_IRQHandler
                0x00000000080025d4                I2C1_EV_IRQHandler
                0x00000000080025d4                DMA1_Stream6_IRQHandler
                0x00000000080025d4                DMA1_Stream1_IRQHandler
                0x00000000080025d4                UART4_IRQHandler
                0x00000000080025d4                TIM3_IRQHandler
                0x00000000080025d4                RCC_IRQHandler
                0x00000000080025d4                TIM8_BRK_TIM12_IRQHandler
                0x00000000080025d4                Default_Handler
                0x00000000080025d4                EXTI15_10_IRQHandler
                0x00000000080025d4                DMA1_Stream7_IRQHandler
                0x00000000080025d4                TIM7_IRQHandler
                0x00000000080025d4                CAN2_TX_IRQHandler
                0x00000000080025d4                TIM5_IRQHandler
                0x00000000080025d4                DMA2_Stream7_IRQHandler
                0x00000000080025d4                I2C3_EV_IRQHandler
                0x00000000080025d4                EXTI9_5_IRQHandler
                0x00000000080025d4                RTC_WKUP_IRQHandler
                0x00000000080025d4                ETH_WKUP_IRQHandler
                0x00000000080025d4                SPI2_IRQHandler
                0x00000000080025d4                OTG_HS_EP1_IN_IRQHandler
                0x00000000080025d4                DMA1_Stream0_IRQHandler
                0x00000000080025d4                CAN1_TX_IRQHandler
                0x00000000080025d4                EXTI4_IRQHandler
                0x00000000080025d4                FSMC_IRQHandler
                0x00000000080025d4                ETH_IRQHandler
                0x00000000080025d4                OTG_HS_EP1_OUT_IRQHandler
                0x00000000080025d4                WWDG_IRQHandler
                0x00000000080025d4                OTG_FS_WKUP_IRQHandler
                0x00000000080025d4                TIM1_TRG_COM_TIM11_IRQHandler
                0x00000000080025d4                OTG_HS_IRQHandler
                0x00000000080025d4                EXTI1_IRQHandler
                0x00000000080025d4                USART2_IRQHandler
                0x00000000080025d4                I2C2_ER_IRQHandler
                0x00000000080025d4                DMA2_Stream1_IRQHandler
                0x00000000080025d4                CAN1_SCE_IRQHandler
                0x00000000080025d4                FLASH_IRQHandler
                0x00000000080025d4                DMA2_Stream4_IRQHandler
                0x00000000080025d4                USART1_IRQHandler
                0x00000000080025d4                OTG_FS_IRQHandler
                0x00000000080025d4                SPI3_IRQHandler
                0x00000000080025d4                DMA1_Stream4_IRQHandler
                0x00000000080025d4                I2C1_ER_IRQHandler
                0x00000000080025d4                DMA2_Stream6_IRQHandler
                0x00000000080025d4                DMA1_Stream3_IRQHandler
 *fill*         0x00000000080025d6        0x2 
 .text.HAL_Init
                0x00000000080025d8       0x44 Drivers/STM32F4xx_HAL_Driver/Src/stm32f4xx_hal.o
                0x00000000080025d8                HAL_Init
 .text.HAL_IncTick
                0x000000000800261c       0x28 Drivers/STM32F4xx_HAL_Driver/Src/stm32f4xx_hal.o
                0x000000000800261c                HAL_IncTick
 .text.HAL_GetTick
                0x0000000008002644       0x18 Drivers/STM32F4xx_HAL_Driver/Src/stm32f4xx_hal.o
                0x0000000008002644                HAL_GetTick
 .text.HAL_Delay
                0x000000000800265c       0x48 Drivers/STM32F4xx_HAL_Driver/Src/stm32f4xx_hal.o
                0x000000000800265c                HAL_Delay
 .text.HAL_ADC_Init
                0x00000000080026a4       0x86 Drivers/STM32F4xx_HAL_Driver/Src/stm32f4xx_hal_adc.o
                0x00000000080026a4                HAL_ADC_Init
 *fill*         0x000000000800272a        0x2 
 .text.HAL_ADC_Start_IT
                0x000000000800272c      0x1bc Drivers/STM32F4xx_HAL_Driver/Src/stm32f4xx_hal_adc.o
                0x000000000800272c                HAL_ADC_Start_IT
 .text.HAL_ADC_IRQHandler
                0x00000000080028e8      0x282 Drivers/STM32F4xx_HAL_Driver/Src/stm32f4xx_hal_adc.o
                0x00000000080028e8                HAL_ADC_IRQHandler
 .text.HAL_ADC_GetValue
                0x0000000008002b6a       0x1a Drivers/STM32F4xx_HAL_Driver/Src/stm32f4xx_hal_adc.o
                0x0000000008002b6a                HAL_ADC_GetValue
 .text.HAL_ADC_LevelOutOfWindowCallback
                0x0000000008002b84       0x14 Drivers/STM32F4xx_HAL_Driver/Src/stm32f4xx_hal_adc.o
                0x0000000008002b84                HAL_ADC_LevelOutOfWindowCallback
 .text.HAL_ADC_ErrorCallback
                0x0000000008002b98       0x14 Drivers/STM32F4xx_HAL_Driver/Src/stm32f4xx_hal_adc.o
                0x0000000008002b98                HAL_ADC_ErrorCallback
 .text.HAL_ADC_ConfigChannel
                0x0000000008002bac      0x244 Drivers/STM32F4xx_HAL_Driver/Src/stm32f4xx_hal_adc.o
                0x0000000008002bac                HAL_ADC_ConfigChannel
 .text.ADC_Init
                0x0000000008002df0      0x1f8 Drivers/STM32F4xx_HAL_Driver/Src/stm32f4xx_hal_adc.o
 .text.HAL_ADCEx_InjectedConvCpltCallback
                0x0000000008002fe8       0x14 Drivers/STM32F4xx_HAL_Driver/Src/stm32f4xx_hal_adc_ex.o
                0x0000000008002fe8                HAL_ADCEx_InjectedConvCpltCallback
 .text.__NVIC_SetPriorityGrouping
                0x0000000008002ffc       0x48 Drivers/STM32F4xx_HAL_Driver/Src/stm32f4xx_hal_cortex.o
 .text.__NVIC_GetPriorityGrouping
                0x0000000008003044       0x1c Drivers/STM32F4xx_HAL_Driver/Src/stm32f4xx_hal_cortex.o
 .text.__NVIC_EnableIRQ
                0x0000000008003060       0x3c Drivers/STM32F4xx_HAL_Driver/Src/stm32f4xx_hal_cortex.o
 .text.__NVIC_SetPriority
                0x000000000800309c       0x54 Drivers/STM32F4xx_HAL_Driver/Src/stm32f4xx_hal_cortex.o
 .text.NVIC_EncodePriority
                0x00000000080030f0       0x66 Drivers/STM32F4xx_HAL_Driver/Src/stm32f4xx_hal_cortex.o
 .text.HAL_NVIC_SetPriorityGrouping
                0x0000000008003156       0x16 Drivers/STM32F4xx_HAL_Driver/Src/stm32f4xx_hal_cortex.o
                0x0000000008003156                HAL_NVIC_SetPriorityGrouping
 .text.HAL_NVIC_SetPriority
                0x000000000800316c       0x38 Drivers/STM32F4xx_HAL_Driver/Src/stm32f4xx_hal_cortex.o
                0x000000000800316c                HAL_NVIC_SetPriority
 .text.HAL_NVIC_EnableIRQ
                0x00000000080031a4       0x1c Drivers/STM32F4xx_HAL_Driver/Src/stm32f4xx_hal_cortex.o
                0x00000000080031a4                HAL_NVIC_EnableIRQ
 .text.HAL_GPIO_Init
                0x00000000080031c0      0x338 Drivers/STM32F4xx_HAL_Driver/Src/stm32f4xx_hal_gpio.o
                0x00000000080031c0                HAL_GPIO_Init
 .text.HAL_GPIO_WritePin
                0x00000000080034f8       0x32 Drivers/STM32F4xx_HAL_Driver/Src/stm32f4xx_hal_gpio.o
                0x00000000080034f8                HAL_GPIO_WritePin
 *fill*         0x000000000800352a        0x2 
 .text.HAL_RCC_OscConfig
                0x000000000800352c      0x4f0 Drivers/STM32F4xx_HAL_Driver/Src/stm32f4xx_hal_rcc.o
                0x000000000800352c                HAL_RCC_OscConfig
 .text.HAL_RCC_ClockConfig
                0x0000000008003a1c      0x1cc Drivers/STM32F4xx_HAL_Driver/Src/stm32f4xx_hal_rcc.o
                0x0000000008003a1c                HAL_RCC_ClockConfig
 .text.HAL_RCC_GetSysClockFreq
                0x0000000008003be8      0x1c4 Drivers/STM32F4xx_HAL_Driver/Src/stm32f4xx_hal_rcc.o
                0x0000000008003be8                HAL_RCC_GetSysClockFreq
 .text.HAL_RCC_GetHCLKFreq
                0x0000000008003dac       0x18 Drivers/STM32F4xx_HAL_Driver/Src/stm32f4xx_hal_rcc.o
                0x0000000008003dac                HAL_RCC_GetHCLKFreq
 .text.HAL_RCC_GetPCLK1Freq
                0x0000000008003dc4       0x28 Drivers/STM32F4xx_HAL_Driver/Src/stm32f4xx_hal_rcc.o
                0x0000000008003dc4                HAL_RCC_GetPCLK1Freq
 .text.HAL_RCC_GetPCLK2Freq
                0x0000000008003dec       0x28 Drivers/STM32F4xx_HAL_Driver/Src/stm32f4xx_hal_rcc.o
                0x0000000008003dec                HAL_RCC_GetPCLK2Freq
 .text.HAL_RCC_GetClockConfig
                0x0000000008003e14       0x64 Drivers/STM32F4xx_HAL_Driver/Src/stm32f4xx_hal_rcc.o
                0x0000000008003e14                HAL_RCC_GetClockConfig
 .text.HAL_SPI_Init
                0x0000000008003e78      0x112 Drivers/STM32F4xx_HAL_Driver/Src/stm32f4xx_hal_spi.o
                0x0000000008003e78                HAL_SPI_Init
 .text.HAL_SPI_TransmitReceive
                0x0000000008003f8a      0x344 Drivers/STM32F4xx_HAL_Driver/Src/stm32f4xx_hal_spi.o
                0x0000000008003f8a                HAL_SPI_TransmitReceive
 *fill*         0x00000000080042ce        0x2 
 .text.SPI_WaitFlagStateUntilTimeout
                0x00000000080042d0      0x110 Drivers/STM32F4xx_HAL_Driver/Src/stm32f4xx_hal_spi.o
 .text.SPI_EndRxTxTransaction
                0x00000000080043e0       0x84 Drivers/STM32F4xx_HAL_Driver/Src/stm32f4xx_hal_spi.o
 .text.HAL_TIM_Base_Init
                0x0000000008004464       0x9e Drivers/STM32F4xx_HAL_Driver/Src/stm32f4xx_hal_tim.o
                0x0000000008004464                HAL_TIM_Base_Init
 *fill*         0x0000000008004502        0x2 
 .text.HAL_TIM_Base_Start
                0x0000000008004504       0xd0 Drivers/STM32F4xx_HAL_Driver/Src/stm32f4xx_hal_tim.o
                0x0000000008004504                HAL_TIM_Base_Start
 .text.HAL_TIM_Base_Start_IT
                0x00000000080045d4       0xe0 Drivers/STM32F4xx_HAL_Driver/Src/stm32f4xx_hal_tim.o
                0x00000000080045d4                HAL_TIM_Base_Start_IT
 .text.HAL_TIM_PWM_Init
                0x00000000080046b4       0x9e Drivers/STM32F4xx_HAL_Driver/Src/stm32f4xx_hal_tim.o
                0x00000000080046b4                HAL_TIM_PWM_Init
 .text.HAL_TIM_PWM_MspInit
                0x0000000008004752       0x14 Drivers/STM32F4xx_HAL_Driver/Src/stm32f4xx_hal_tim.o
                0x0000000008004752                HAL_TIM_PWM_MspInit
 *fill*         0x0000000008004766        0x2 
 .text.HAL_TIM_PWM_Start
                0x0000000008004768      0x190 Drivers/STM32F4xx_HAL_Driver/Src/stm32f4xx_hal_tim.o
                0x0000000008004768                HAL_TIM_PWM_Start
 .text.HAL_TIM_IRQHandler
                0x00000000080048f8      0x210 Drivers/STM32F4xx_HAL_Driver/Src/stm32f4xx_hal_tim.o
                0x00000000080048f8                HAL_TIM_IRQHandler
 .text.HAL_TIM_PWM_ConfigChannel
                0x0000000008004b08      0x17c Drivers/STM32F4xx_HAL_Driver/Src/stm32f4xx_hal_tim.o
                0x0000000008004b08                HAL_TIM_PWM_ConfigChannel
 .text.HAL_TIM_ConfigClockSource
                0x0000000008004c84      0x188 Drivers/STM32F4xx_HAL_Driver/Src/stm32f4xx_hal_tim.o
                0x0000000008004c84                HAL_TIM_ConfigClockSource
 .text.HAL_TIM_OC_DelayElapsedCallback
                0x0000000008004e0c       0x14 Drivers/STM32F4xx_HAL_Driver/Src/stm32f4xx_hal_tim.o
                0x0000000008004e0c                HAL_TIM_OC_DelayElapsedCallback
 .text.HAL_TIM_IC_CaptureCallback
                0x0000000008004e20       0x14 Drivers/STM32F4xx_HAL_Driver/Src/stm32f4xx_hal_tim.o
                0x0000000008004e20                HAL_TIM_IC_CaptureCallback
 .text.HAL_TIM_PWM_PulseFinishedCallback
                0x0000000008004e34       0x14 Drivers/STM32F4xx_HAL_Driver/Src/stm32f4xx_hal_tim.o
                0x0000000008004e34                HAL_TIM_PWM_PulseFinishedCallback
 .text.HAL_TIM_TriggerCallback
                0x0000000008004e48       0x14 Drivers/STM32F4xx_HAL_Driver/Src/stm32f4xx_hal_tim.o
                0x0000000008004e48                HAL_TIM_TriggerCallback
 .text.TIM_Base_SetConfig
                0x0000000008004e5c      0x140 Drivers/STM32F4xx_HAL_Driver/Src/stm32f4xx_hal_tim.o
                0x0000000008004e5c                TIM_Base_SetConfig
 .text.TIM_OC1_SetConfig
                0x0000000008004f9c       0xe0 Drivers/STM32F4xx_HAL_Driver/Src/stm32f4xx_hal_tim.o
 .text.TIM_OC2_SetConfig
                0x000000000800507c       0xec Drivers/STM32F4xx_HAL_Driver/Src/stm32f4xx_hal_tim.o
                0x000000000800507c                TIM_OC2_SetConfig
 .text.TIM_OC3_SetConfig
                0x0000000008005168       0xe8 Drivers/STM32F4xx_HAL_Driver/Src/stm32f4xx_hal_tim.o
 .text.TIM_OC4_SetConfig
                0x0000000008005250       0xac Drivers/STM32F4xx_HAL_Driver/Src/stm32f4xx_hal_tim.o
 .text.TIM_TI1_ConfigInputStage
                0x00000000080052fc       0x5e Drivers/STM32F4xx_HAL_Driver/Src/stm32f4xx_hal_tim.o
 .text.TIM_TI2_ConfigInputStage
                0x000000000800535a       0x60 Drivers/STM32F4xx_HAL_Driver/Src/stm32f4xx_hal_tim.o
 .text.TIM_ITRx_SetConfig
                0x00000000080053ba       0x36 Drivers/STM32F4xx_HAL_Driver/Src/stm32f4xx_hal_tim.o
 .text.TIM_ETR_SetConfig
                0x00000000080053f0       0x40 Drivers/STM32F4xx_HAL_Driver/Src/stm32f4xx_hal_tim.o
                0x00000000080053f0                TIM_ETR_SetConfig
 .text.TIM_CCxChannelCmd
                0x0000000008005430       0x4a Drivers/STM32F4xx_HAL_Driver/Src/stm32f4xx_hal_tim.o
                0x0000000008005430                TIM_CCxChannelCmd
 *fill*         0x000000000800547a        0x2 
 .text.HAL_TIMEx_MasterConfigSynchronization
                0x000000000800547c       0xf8 Drivers/STM32F4xx_HAL_Driver/Src/stm32f4xx_hal_tim_ex.o
                0x000000000800547c                HAL_TIMEx_MasterConfigSynchronization
 .text.HAL_TIMEx_CommutCallback
                0x0000000008005574       0x14 Drivers/STM32F4xx_HAL_Driver/Src/stm32f4xx_hal_tim_ex.o
                0x0000000008005574                HAL_TIMEx_CommutCallback
 .text.HAL_TIMEx_BreakCallback
                0x0000000008005588       0x14 Drivers/STM32F4xx_HAL_Driver/Src/stm32f4xx_hal_tim_ex.o
                0x0000000008005588                HAL_TIMEx_BreakCallback
 .text.HAL_UART_Init
                0x000000000800559c       0x9a Drivers/STM32F4xx_HAL_Driver/Src/stm32f4xx_hal_uart.o
                0x000000000800559c                HAL_UART_Init
 .text.HAL_UART_Transmit
                0x0000000008005636      0x124 Drivers/STM32F4xx_HAL_Driver/Src/stm32f4xx_hal_uart.o
                0x0000000008005636                HAL_UART_Transmit
 .text.UART_WaitOnFlagUntilTimeout
                0x000000000800575a       0x94 Drivers/STM32F4xx_HAL_Driver/Src/stm32f4xx_hal_uart.o
 *fill*         0x00000000080057ee        0x2 
 .text.UART_SetConfig
                0x00000000080057f0      0x390 Drivers/STM32F4xx_HAL_Driver/Src/stm32f4xx_hal_uart.o
 .text.vListInitialise
                0x0000000008005b80       0x40 FreeRTOS/list.o
                0x0000000008005b80                vListInitialise
 .text.vListInitialiseItem
                0x0000000008005bc0       0x1a FreeRTOS/list.o
                0x0000000008005bc0                vListInitialiseItem
 .text.vListInsertEnd
                0x0000000008005bda       0x48 FreeRTOS/list.o
                0x0000000008005bda                vListInsertEnd
 .text.vListInsert
                0x0000000008005c22       0x72 FreeRTOS/list.o
                0x0000000008005c22                vListInsert
 .text.uxListRemove
                0x0000000008005c94       0x54 FreeRTOS/list.o
                0x0000000008005c94                uxListRemove
 .text.xQueueGenericReset
                0x0000000008005ce8       0xd0 FreeRTOS/queue.o
                0x0000000008005ce8                xQueueGenericReset
 .text.xQueueGenericCreate
                0x0000000008005db8       0xbe FreeRTOS/queue.o
                0x0000000008005db8                xQueueGenericCreate
 .text.prvInitialiseNewQueue
                0x0000000008005e76       0x46 FreeRTOS/queue.o
 .text.xQueueGenericSend
                0x0000000008005ebc      0x1fc FreeRTOS/queue.o
                0x0000000008005ebc                xQueueGenericSend
 .text.xQueueGenericSendFromISR
                0x00000000080060b8      0x154 FreeRTOS/queue.o
                0x00000000080060b8                xQueueGenericSendFromISR
 .text.xQueueReceive
                0x000000000800620c      0x1c0 FreeRTOS/queue.o
                0x000000000800620c                xQueueReceive
 .text.xQueueSemaphoreTake
                0x00000000080063cc      0x218 FreeRTOS/queue.o
                0x00000000080063cc                xQueueSemaphoreTake
 .text.prvGetDisinheritPriorityAfterTimeout
                0x00000000080065e4       0x30 FreeRTOS/queue.o
 .text.prvCopyDataToQueue
                0x0000000008006614       0xd4 FreeRTOS/queue.o
 .text.prvCopyDataFromQueue
                0x00000000080066e8       0x4c FreeRTOS/queue.o
 .text.prvUnlockQueue
                0x0000000008006734       0xa4 FreeRTOS/queue.o
 .text.prvIsQueueEmpty
                0x00000000080067d8       0x2c FreeRTOS/queue.o
 .text.prvIsQueueFull
                0x0000000008006804       0x30 FreeRTOS/queue.o
 .text.vQueueAddToRegistry
                0x0000000008006834       0x54 FreeRTOS/queue.o
                0x0000000008006834                vQueueAddToRegistry
 .text.vQueueWaitForMessageRestricted
                0x0000000008006888       0x68 FreeRTOS/queue.o
                0x0000000008006888                vQueueWaitForMessageRestricted
 .text.xTaskCreate
                0x00000000080068f0       0x82 FreeRTOS/tasks.o
                0x00000000080068f0                xTaskCreate
 .text.prvInitialiseNewTask
                0x0000000008006972      0x12c FreeRTOS/tasks.o
 *fill*         0x0000000008006a9e        0x2 
 .text.prvAddNewTaskToReadyList
                0x0000000008006aa0       0xdc FreeRTOS/tasks.o
 .text.vTaskStartScheduler
                0x0000000008006b7c       0xa4 FreeRTOS/tasks.o
                0x0000000008006b7c                vTaskStartScheduler
 .text.vTaskSuspendAll
                0x0000000008006c20       0x1c FreeRTOS/tasks.o
                0x0000000008006c20                vTaskSuspendAll
 .text.xTaskResumeAll
                0x0000000008006c3c      0x138 FreeRTOS/tasks.o
                0x0000000008006c3c                xTaskResumeAll
 .text.xTaskGetTickCount
                0x0000000008006d74       0x20 FreeRTOS/tasks.o
                0x0000000008006d74                xTaskGetTickCount
 .text.xTaskIncrementTick
                0x0000000008006d94      0x170 FreeRTOS/tasks.o
                0x0000000008006d94                xTaskIncrementTick
 .text.vTaskSwitchContext
                0x0000000008006f04       0xb8 FreeRTOS/tasks.o
                0x0000000008006f04                vTaskSwitchContext
 .text.vTaskPlaceOnEventList
                0x0000000008006fbc       0x48 FreeRTOS/tasks.o
                0x0000000008006fbc                vTaskPlaceOnEventList
 .text.vTaskPlaceOnEventListRestricted
                0x0000000008007004       0x58 FreeRTOS/tasks.o
                0x0000000008007004                vTaskPlaceOnEventListRestricted
 .text.xTaskRemoveFromEventList
                0x000000000800705c       0xc4 FreeRTOS/tasks.o
                0x000000000800705c                xTaskRemoveFromEventList
 .text.vTaskInternalSetTimeOutState
                0x0000000008007120       0x2c FreeRTOS/tasks.o
                0x0000000008007120                vTaskInternalSetTimeOutState
 .text.xTaskCheckForTimeOut
                0x000000000800714c       0xcc FreeRTOS/tasks.o
                0x000000000800714c                xTaskCheckForTimeOut
 .text.vTaskMissedYield
                0x0000000008007218       0x18 FreeRTOS/tasks.o
                0x0000000008007218                vTaskMissedYield
 .text.prvIdleTask
                0x0000000008007230       0x30 FreeRTOS/tasks.o
 .text.prvInitialiseTaskLists
                0x0000000008007260       0x80 FreeRTOS/tasks.o
 .text.prvCheckTasksWaitingTermination
                0x00000000080072e0       0x5c FreeRTOS/tasks.o
 .text.prvDeleteTCB
                0x000000000800733c       0x20 FreeRTOS/tasks.o
 .text.prvResetNextTaskUnblockTime
                0x000000000800735c       0x38 FreeRTOS/tasks.o
 .text.xTaskGetSchedulerState
                0x0000000008007394       0x3c FreeRTOS/tasks.o
                0x0000000008007394                xTaskGetSchedulerState
 .text.xTaskPriorityInherit
                0x00000000080073d0       0xec FreeRTOS/tasks.o
                0x00000000080073d0                xTaskPriorityInherit
 .text.xTaskPriorityDisinherit
                0x00000000080074bc       0xf4 FreeRTOS/tasks.o
                0x00000000080074bc                xTaskPriorityDisinherit
 .text.vTaskPriorityDisinheritAfterTimeout
                0x00000000080075b0      0x11c FreeRTOS/tasks.o
                0x00000000080075b0                vTaskPriorityDisinheritAfterTimeout
 .text.pvTaskIncrementMutexHeldCount
                0x00000000080076cc       0x28 FreeRTOS/tasks.o
                0x00000000080076cc                pvTaskIncrementMutexHeldCount
 .text.prvAddCurrentTaskToDelayedList
                0x00000000080076f4       0xcc FreeRTOS/tasks.o
 .text.xTimerCreateTimerTask
                0x00000000080077c0       0x64 FreeRTOS/timers.o
                0x00000000080077c0                xTimerCreateTimerTask
 .text.xTimerGenericCommand
                0x0000000008007824       0x9c FreeRTOS/timers.o
                0x0000000008007824                xTimerGenericCommand
 .text.prvProcessExpiredTimer
                0x00000000080078c0       0x98 FreeRTOS/timers.o
 .text.prvTimerTask
                0x0000000008007958       0x24 FreeRTOS/timers.o
 .text.prvProcessTimerOrBlockTask
                0x000000000800797c       0x9c FreeRTOS/timers.o
 .text.prvGetNextExpireTime
                0x0000000008007a18       0x48 FreeRTOS/timers.o
 .text.prvSampleTimeNow
                0x0000000008007a60       0x40 FreeRTOS/timers.o
 .text.prvInsertTimerInActiveList
                0x0000000008007aa0       0x84 FreeRTOS/timers.o
 .text.prvProcessReceivedCommands
                0x0000000008007b24      0x18c FreeRTOS/timers.o
 .text.prvSwitchTimerLists
                0x0000000008007cb0       0xc8 FreeRTOS/timers.o
 .text.prvCheckForValidListAndQueue
                0x0000000008007d78       0x6c FreeRTOS/timers.o
 .text.pxPortInitialiseStack
                0x0000000008007de4       0x68 FreeRTOS/portable/ARM_CM4F/port.o
                0x0000000008007de4                pxPortInitialiseStack
 .text.prvTaskExitError
                0x0000000008007e4c       0x58 FreeRTOS/portable/ARM_CM4F/port.o
 *fill*         0x0000000008007ea4        0xc 
 .text.SVC_Handler
                0x0000000008007eb0       0x28 FreeRTOS/portable/ARM_CM4F/port.o
                0x0000000008007eb0                SVC_Handler
 .text.prvPortStartFirstTask
                0x0000000008007ed8       0x2c FreeRTOS/portable/ARM_CM4F/port.o
 .text.xPortStartScheduler
                0x0000000008007f04      0x144 FreeRTOS/portable/ARM_CM4F/port.o
                0x0000000008007f04                xPortStartScheduler
 .text.vPortEnterCritical
                0x0000000008008048       0x60 FreeRTOS/portable/ARM_CM4F/port.o
                0x0000000008008048                vPortEnterCritical
 .text.vPortExitCritical
                0x00000000080080a8       0x54 FreeRTOS/portable/ARM_CM4F/port.o
                0x00000000080080a8                vPortExitCritical
 *fill*         0x00000000080080fc        0x4 
 .text.PendSV_Handler
                0x0000000008008100       0x68 FreeRTOS/portable/ARM_CM4F/port.o
                0x0000000008008100                PendSV_Handler
 .text.SysTick_Handler
                0x0000000008008168       0x44 FreeRTOS/portable/ARM_CM4F/port.o
                0x0000000008008168                SysTick_Handler
 .text.vPortSetupTimerInterrupt
                0x00000000080081ac       0x48 FreeRTOS/portable/ARM_CM4F/port.o
                0x00000000080081ac                vPortSetupTimerInterrupt
 .text.vPortEnableVFP
                0x00000000080081f4       0x18 FreeRTOS/portable/ARM_CM4F/port.o
 .text.vPortValidateInterruptPriority
                0x000000000800820c       0x80 FreeRTOS/portable/ARM_CM4F/port.o
                0x000000000800820c                vPortValidateInterruptPriority
 .text.pvPortMalloc
                0x000000000800828c      0x1c0 FreeRTOS/portable/MemMang/heap_4.o
                0x000000000800828c                pvPortMalloc
 .text.vPortFree
                0x000000000800844c       0xc4 FreeRTOS/portable/MemMang/heap_4.o
                0x000000000800844c                vPortFree
 .text.prvHeapInit
                0x0000000008008510       0xc4 FreeRTOS/portable/MemMang/heap_4.o
 .text.prvInsertBlockIntoFreeList
                0x00000000080085d4       0xb4 FreeRTOS/portable/MemMang/heap_4.o
 .text.__errno  0x0000000008008688        0xc c:/st/stm32cubeide_1.6.1/stm32cubeide/plugins/com.st.stm32cube.ide.mcu.externaltools.gnu-tools-for-stm32.9-2020-q2-update.win32_1.5.0.202011040924/tools/bin/../lib/gcc/arm-none-eabi/9.3.1/../../../../arm-none-eabi/lib/thumb/v7e-m+fp/hard\libc_nano.a(lib_a-errno.o)
                0x0000000008008688                __errno
 .text.__libc_init_array
                0x0000000008008694       0x48 c:/st/stm32cubeide_1.6.1/stm32cubeide/plugins/com.st.stm32cube.ide.mcu.externaltools.gnu-tools-for-stm32.9-2020-q2-update.win32_1.5.0.202011040924/tools/bin/../lib/gcc/arm-none-eabi/9.3.1/../../../../arm-none-eabi/lib/thumb/v7e-m+fp/hard\libc_nano.a(lib_a-init.o)
                0x0000000008008694                __libc_init_array
 .text.memcpy   0x00000000080086dc       0x1c c:/st/stm32cubeide_1.6.1/stm32cubeide/plugins/com.st.stm32cube.ide.mcu.externaltools.gnu-tools-for-stm32.9-2020-q2-update.win32_1.5.0.202011040924/tools/bin/../lib/gcc/arm-none-eabi/9.3.1/../../../../arm-none-eabi/lib/thumb/v7e-m+fp/hard\libc_nano.a(lib_a-memcpy-stub.o)
                0x00000000080086dc                memcpy
 .text.memset   0x00000000080086f8       0x10 c:/st/stm32cubeide_1.6.1/stm32cubeide/plugins/com.st.stm32cube.ide.mcu.externaltools.gnu-tools-for-stm32.9-2020-q2-update.win32_1.5.0.202011040924/tools/bin/../lib/gcc/arm-none-eabi/9.3.1/../../../../arm-none-eabi/lib/thumb/v7e-m+fp/hard\libc_nano.a(lib_a-memset.o)
                0x00000000080086f8                memset
 .text.sprintf  0x0000000008008708       0x40 c:/st/stm32cubeide_1.6.1/stm32cubeide/plugins/com.st.stm32cube.ide.mcu.externaltools.gnu-tools-for-stm32.9-2020-q2-update.win32_1.5.0.202011040924/tools/bin/../lib/gcc/arm-none-eabi/9.3.1/../../../../arm-none-eabi/lib/thumb/v7e-m+fp/hard\libc_nano.a(lib_a-sprintf.o)
                0x0000000008008708                siprintf
                0x0000000008008708                sprintf
 .text.strncmp  0x0000000008008748       0x24 c:/st/stm32cubeide_1.6.1/stm32cubeide/plugins/com.st.stm32cube.ide.mcu.externaltools.gnu-tools-for-stm32.9-2020-q2-update.win32_1.5.0.202011040924/tools/bin/../lib/gcc/arm-none-eabi/9.3.1/../../../../arm-none-eabi/lib/thumb/v7e-m+fp/hard\libc_nano.a(lib_a-strncmp.o)
                0x0000000008008748                strncmp
 .text.__ssputs_r
                0x000000000800876c       0xb6 c:/st/stm32cubeide_1.6.1/stm32cubeide/plugins/com.st.stm32cube.ide.mcu.externaltools.gnu-tools-for-stm32.9-2020-q2-update.win32_1.5.0.202011040924/tools/bin/../lib/gcc/arm-none-eabi/9.3.1/../../../../arm-none-eabi/lib/thumb/v7e-m+fp/hard\libc_nano.a(lib_a-nano-svfprintf.o)
                0x000000000800876c                __ssputs_r
 *fill*         0x0000000008008822        0x2 
 .text._svfprintf_r
                0x0000000008008824      0x200 c:/st/stm32cubeide_1.6.1/stm32cubeide/plugins/com.st.stm32cube.ide.mcu.externaltools.gnu-tools-for-stm32.9-2020-q2-update.win32_1.5.0.202011040924/tools/bin/../lib/gcc/arm-none-eabi/9.3.1/../../../../arm-none-eabi/lib/thumb/v7e-m+fp/hard\libc_nano.a(lib_a-nano-svfprintf.o)
                0x0000000008008824                _svfiprintf_r
                0x0000000008008824                _svfprintf_r
 .text._printf_common
                0x0000000008008a24       0xda c:/st/stm32cubeide_1.6.1/stm32cubeide/plugins/com.st.stm32cube.ide.mcu.externaltools.gnu-tools-for-stm32.9-2020-q2-update.win32_1.5.0.202011040924/tools/bin/../lib/gcc/arm-none-eabi/9.3.1/../../../../arm-none-eabi/lib/thumb/v7e-m+fp/hard\libc_nano.a(lib_a-nano-vfprintf_i.o)
                0x0000000008008a24                _printf_common
 *fill*         0x0000000008008afe        0x2 
 .text._printf_i
                0x0000000008008b00      0x24c c:/st/stm32cubeide_1.6.1/stm32cubeide/plugins/com.st.stm32cube.ide.mcu.externaltools.gnu-tools-for-stm32.9-2020-q2-update.win32_1.5.0.202011040924/tools/bin/../lib/gcc/arm-none-eabi/9.3.1/../../../../arm-none-eabi/lib/thumb/v7e-m+fp/hard\libc_nano.a(lib_a-nano-vfprintf_i.o)
                0x0000000008008b00                _printf_i
 .text.memmove  0x0000000008008d4c       0x34 c:/st/stm32cubeide_1.6.1/stm32cubeide/plugins/com.st.stm32cube.ide.mcu.externaltools.gnu-tools-for-stm32.9-2020-q2-update.win32_1.5.0.202011040924/tools/bin/../lib/gcc/arm-none-eabi/9.3.1/../../../../arm-none-eabi/lib/thumb/v7e-m+fp/hard\libc_nano.a(lib_a-memmove.o)
                0x0000000008008d4c                memmove
 .text._free_r  0x0000000008008d80       0xa0 c:/st/stm32cubeide_1.6.1/stm32cubeide/plugins/com.st.stm32cube.ide.mcu.externaltools.gnu-tools-for-stm32.9-2020-q2-update.win32_1.5.0.202011040924/tools/bin/../lib/gcc/arm-none-eabi/9.3.1/../../../../arm-none-eabi/lib/thumb/v7e-m+fp/hard\libc_nano.a(lib_a-nano-freer.o)
                0x0000000008008d80                _free_r
 .text._malloc_r
                0x0000000008008e20       0xb4 c:/st/stm32cubeide_1.6.1/stm32cubeide/plugins/com.st.stm32cube.ide.mcu.externaltools.gnu-tools-for-stm32.9-2020-q2-update.win32_1.5.0.202011040924/tools/bin/../lib/gcc/arm-none-eabi/9.3.1/../../../../arm-none-eabi/lib/thumb/v7e-m+fp/hard\libc_nano.a(lib_a-nano-mallocr.o)
                0x0000000008008e20                _malloc_r
 .text._realloc_r
                0x0000000008008ed4       0x4c c:/st/stm32cubeide_1.6.1/stm32cubeide/plugins/com.st.stm32cube.ide.mcu.externaltools.gnu-tools-for-stm32.9-2020-q2-update.win32_1.5.0.202011040924/tools/bin/../lib/gcc/arm-none-eabi/9.3.1/../../../../arm-none-eabi/lib/thumb/v7e-m+fp/hard\libc_nano.a(lib_a-nano-reallocr.o)
                0x0000000008008ed4                _realloc_r
 .text._sbrk_r  0x0000000008008f20       0x20 c:/st/stm32cubeide_1.6.1/stm32cubeide/plugins/com.st.stm32cube.ide.mcu.externaltools.gnu-tools-for-stm32.9-2020-q2-update.win32_1.5.0.202011040924/tools/bin/../lib/gcc/arm-none-eabi/9.3.1/../../../../arm-none-eabi/lib/thumb/v7e-m+fp/hard\libc_nano.a(lib_a-sbrkr.o)
                0x0000000008008f20                _sbrk_r
 .text.__malloc_lock
                0x0000000008008f40        0xc c:/st/stm32cubeide_1.6.1/stm32cubeide/plugins/com.st.stm32cube.ide.mcu.externaltools.gnu-tools-for-stm32.9-2020-q2-update.win32_1.5.0.202011040924/tools/bin/../lib/gcc/arm-none-eabi/9.3.1/../../../../arm-none-eabi/lib/thumb/v7e-m+fp/hard\libc_nano.a(lib_a-mlock.o)
                0x0000000008008f40                __malloc_lock
 .text.__malloc_unlock
                0x0000000008008f4c        0xc c:/st/stm32cubeide_1.6.1/stm32cubeide/plugins/com.st.stm32cube.ide.mcu.externaltools.gnu-tools-for-stm32.9-2020-q2-update.win32_1.5.0.202011040924/tools/bin/../lib/gcc/arm-none-eabi/9.3.1/../../../../arm-none-eabi/lib/thumb/v7e-m+fp/hard\libc_nano.a(lib_a-mlock.o)
                0x0000000008008f4c                __malloc_unlock
 .text._malloc_usable_size_r
                0x0000000008008f58       0x10 c:/st/stm32cubeide_1.6.1/stm32cubeide/plugins/com.st.stm32cube.ide.mcu.externaltools.gnu-tools-for-stm32.9-2020-q2-update.win32_1.5.0.202011040924/tools/bin/../lib/gcc/arm-none-eabi/9.3.1/../../../../arm-none-eabi/lib/thumb/v7e-m+fp/hard\libc_nano.a(lib_a-nano-msizer.o)
                0x0000000008008f58                _malloc_usable_size_r
 .text.__retarget_lock_acquire_recursive
                0x0000000008008f68        0x2 c:/st/stm32cubeide_1.6.1/stm32cubeide/plugins/com.st.stm32cube.ide.mcu.externaltools.gnu-tools-for-stm32.9-2020-q2-update.win32_1.5.0.202011040924/tools/bin/../lib/gcc/arm-none-eabi/9.3.1/../../../../arm-none-eabi/lib/thumb/v7e-m+fp/hard\libc_nano.a(lib_a-lock.o)
                0x0000000008008f68                __retarget_lock_acquire_recursive
 .text.__retarget_lock_release_recursive
                0x0000000008008f6a        0x2 c:/st/stm32cubeide_1.6.1/stm32cubeide/plugins/com.st.stm32cube.ide.mcu.externaltools.gnu-tools-for-stm32.9-2020-q2-update.win32_1.5.0.202011040924/tools/bin/../lib/gcc/arm-none-eabi/9.3.1/../../../../arm-none-eabi/lib/thumb/v7e-m+fp/hard\libc_nano.a(lib_a-lock.o)
                0x0000000008008f6a                __retarget_lock_release_recursive
 *(.glue_7)
 .glue_7        0x0000000008008f6c        0x0 linker stubs
 *(.glue_7t)
 .glue_7t       0x0000000008008f6c        0x0 linker stubs
 *(.eh_frame)
 .eh_frame      0x0000000008008f6c        0x0 c:/st/stm32cubeide_1.6.1/stm32cubeide/plugins/com.st.stm32cube.ide.mcu.externaltools.gnu-tools-for-stm32.9-2020-q2-update.win32_1.5.0.202011040924/tools/bin/../lib/gcc/arm-none-eabi/9.3.1/thumb/v7e-m+fp/hard/crtbegin.o
 *(.init)
 .init          0x0000000008008f6c        0x4 c:/st/stm32cubeide_1.6.1/stm32cubeide/plugins/com.st.stm32cube.ide.mcu.externaltools.gnu-tools-for-stm32.9-2020-q2-update.win32_1.5.0.202011040924/tools/bin/../lib/gcc/arm-none-eabi/9.3.1/thumb/v7e-m+fp/hard/crti.o
                0x0000000008008f6c                _init
 .init          0x0000000008008f70        0x8 c:/st/stm32cubeide_1.6.1/stm32cubeide/plugins/com.st.stm32cube.ide.mcu.externaltools.gnu-tools-for-stm32.9-2020-q2-update.win32_1.5.0.202011040924/tools/bin/../lib/gcc/arm-none-eabi/9.3.1/thumb/v7e-m+fp/hard/crtn.o
 *(.fini)
 .fini          0x0000000008008f78        0x4 c:/st/stm32cubeide_1.6.1/stm32cubeide/plugins/com.st.stm32cube.ide.mcu.externaltools.gnu-tools-for-stm32.9-2020-q2-update.win32_1.5.0.202011040924/tools/bin/../lib/gcc/arm-none-eabi/9.3.1/thumb/v7e-m+fp/hard/crti.o
                0x0000000008008f78                _fini
 .fini          0x0000000008008f7c        0x8 c:/st/stm32cubeide_1.6.1/stm32cubeide/plugins/com.st.stm32cube.ide.mcu.externaltools.gnu-tools-for-stm32.9-2020-q2-update.win32_1.5.0.202011040924/tools/bin/../lib/gcc/arm-none-eabi/9.3.1/thumb/v7e-m+fp/hard/crtn.o
                0x0000000008008f84                . = ALIGN (0x4)
                0x0000000008008f84                _etext = .

.vfp11_veneer   0x0000000008008f84        0x0
 .vfp11_veneer  0x0000000008008f84        0x0 linker stubs

.v4_bx          0x0000000008008f84        0x0
 .v4_bx         0x0000000008008f84        0x0 linker stubs

.iplt           0x0000000008008f84        0x0
 .iplt          0x0000000008008f84        0x0 c:/st/stm32cubeide_1.6.1/stm32cubeide/plugins/com.st.stm32cube.ide.mcu.externaltools.gnu-tools-for-stm32.9-2020-q2-update.win32_1.5.0.202011040924/tools/bin/../lib/gcc/arm-none-eabi/9.3.1/thumb/v7e-m+fp/hard/crtbegin.o

.rodata         0x0000000008008f84      0x3f8
                0x0000000008008f84                . = ALIGN (0x4)
 *(.rodata)
 .rodata        0x0000000008008f84      0x33a Core/Src/main.o
 *fill*         0x00000000080092be        0x2 
 .rodata        0x00000000080092c0       0x57 Core/Src/webServer.o
 *fill*         0x0000000008009317        0x1 
 .rodata        0x0000000008009318        0x5 FreeRTOS/tasks.o
 *fill*         0x000000000800931d        0x3 
 .rodata        0x0000000008009320        0xd FreeRTOS/timers.o
 *(.rodata*)
 *fill*         0x000000000800932d        0x3 
 .rodata.AHBPrescTable
                0x0000000008009330       0x10 Core/Src/system_stm32f4xx.o
                0x0000000008009330                AHBPrescTable
 .rodata.APBPrescTable
                0x0000000008009340        0x8 Core/Src/system_stm32f4xx.o
                0x0000000008009340                APBPrescTable
 .rodata._svfprintf_r.str1.1
                0x0000000008009348       0x11 c:/st/stm32cubeide_1.6.1/stm32cubeide/plugins/com.st.stm32cube.ide.mcu.externaltools.gnu-tools-for-stm32.9-2020-q2-update.win32_1.5.0.202011040924/tools/bin/../lib/gcc/arm-none-eabi/9.3.1/../../../../arm-none-eabi/lib/thumb/v7e-m+fp/hard\libc_nano.a(lib_a-nano-svfprintf.o)
 .rodata._printf_i.str1.1
                0x0000000008009359       0x22 c:/st/stm32cubeide_1.6.1/stm32cubeide/plugins/com.st.stm32cube.ide.mcu.externaltools.gnu-tools-for-stm32.9-2020-q2-update.win32_1.5.0.202011040924/tools/bin/../lib/gcc/arm-none-eabi/9.3.1/../../../../arm-none-eabi/lib/thumb/v7e-m+fp/hard\libc_nano.a(lib_a-nano-vfprintf_i.o)
                0x000000000800937c                . = ALIGN (0x4)
 *fill*         0x000000000800937b        0x1 

.ARM.extab      0x000000000800937c        0x0
                0x000000000800937c                . = ALIGN (0x4)
 *(.ARM.extab* .gnu.linkonce.armextab.*)
                0x000000000800937c                . = ALIGN (0x4)

.ARM            0x000000000800937c        0x8
                0x000000000800937c                . = ALIGN (0x4)
                0x000000000800937c                __exidx_start = .
 *(.ARM.exidx*)
 .ARM.exidx     0x000000000800937c        0x8 c:/st/stm32cubeide_1.6.1/stm32cubeide/plugins/com.st.stm32cube.ide.mcu.externaltools.gnu-tools-for-stm32.9-2020-q2-update.win32_1.5.0.202011040924/tools/bin/../lib/gcc/arm-none-eabi/9.3.1/thumb/v7e-m+fp/hard\libgcc.a(_udivmoddi4.o)
                0x0000000008009384                __exidx_end = .
                0x0000000008009384                . = ALIGN (0x4)

.rel.dyn        0x0000000008009384        0x0
 .rel.iplt      0x0000000008009384        0x0 c:/st/stm32cubeide_1.6.1/stm32cubeide/plugins/com.st.stm32cube.ide.mcu.externaltools.gnu-tools-for-stm32.9-2020-q2-update.win32_1.5.0.202011040924/tools/bin/../lib/gcc/arm-none-eabi/9.3.1/thumb/v7e-m+fp/hard/crtbegin.o

.preinit_array  0x0000000008009384        0x0
                0x0000000008009384                . = ALIGN (0x4)
                0x0000000008009384                PROVIDE (__preinit_array_start = .)
 *(.preinit_array*)
                0x0000000008009384                PROVIDE (__preinit_array_end = .)
                0x0000000008009384                . = ALIGN (0x4)

.init_array     0x0000000008009384        0x4
                0x0000000008009384                . = ALIGN (0x4)
                0x0000000008009384                PROVIDE (__init_array_start = .)
 *(SORT_BY_NAME(.init_array.*))
 *(.init_array*)
 .init_array    0x0000000008009384        0x4 c:/st/stm32cubeide_1.6.1/stm32cubeide/plugins/com.st.stm32cube.ide.mcu.externaltools.gnu-tools-for-stm32.9-2020-q2-update.win32_1.5.0.202011040924/tools/bin/../lib/gcc/arm-none-eabi/9.3.1/thumb/v7e-m+fp/hard/crtbegin.o
                0x0000000008009388                PROVIDE (__init_array_end = .)
                0x0000000008009388                . = ALIGN (0x4)

.fini_array     0x0000000008009388        0x4
                0x0000000008009388                . = ALIGN (0x4)
                [!provide]                        PROVIDE (__fini_array_start = .)
 *(SORT_BY_NAME(.fini_array.*))
 *(.fini_array*)
 .fini_array    0x0000000008009388        0x4 c:/st/stm32cubeide_1.6.1/stm32cubeide/plugins/com.st.stm32cube.ide.mcu.externaltools.gnu-tools-for-stm32.9-2020-q2-update.win32_1.5.0.202011040924/tools/bin/../lib/gcc/arm-none-eabi/9.3.1/thumb/v7e-m+fp/hard/crtbegin.o
                [!provide]                        PROVIDE (__fini_array_end = .)
                0x000000000800938c                . = ALIGN (0x4)
                0x000000000800938c                _sidata = LOADADDR (.data)

.data           0x0000000020000000       0x8c load address 0x000000000800938c
                0x0000000020000000                . = ALIGN (0x4)
                0x0000000020000000                _sdata = .
 *(.data)
 *(.data*)
 .data.wwwport  0x0000000020000000        0x1 Core/Src/ip_arp_udp_tcp.o
 .data.seqnum   0x0000000020000001        0x1 Core/Src/ip_arp_udp_tcp.o
 *fill*         0x0000000020000002        0x2 
 .data.mac      0x0000000020000004        0x6 Core/Src/main.o
                0x0000000020000004                mac
 *fill*         0x000000002000000a        0x2 
 .data.ip       0x000000002000000c        0x4 Core/Src/main.o
                0x000000002000000c                ip
 .data.port     0x0000000020000010        0x2 Core/Src/main.o
                0x0000000020000010                port
 *fill*         0x0000000020000012        0x2 
 .data.SystemCoreClock
                0x0000000020000014        0x4 Core/Src/system_stm32f4xx.o
                0x0000000020000014                SystemCoreClock
 .data.uwTickPrio
                0x0000000020000018        0x4 Drivers/STM32F4xx_HAL_Driver/Src/stm32f4xx_hal.o
                0x0000000020000018                uwTickPrio
 .data.uwTickFreq
                0x000000002000001c        0x1 Drivers/STM32F4xx_HAL_Driver/Src/stm32f4xx_hal.o
                0x000000002000001c                uwTickFreq
 *fill*         0x000000002000001d        0x3 
 .data.uxTopUsedPriority
                0x0000000020000020        0x4 FreeRTOS/tasks.o
                0x0000000020000020                uxTopUsedPriority
 .data.uxCriticalNesting
                0x0000000020000024        0x4 FreeRTOS/portable/ARM_CM4F/port.o
 .data._impure_ptr
                0x0000000020000028        0x4 c:/st/stm32cubeide_1.6.1/stm32cubeide/plugins/com.st.stm32cube.ide.mcu.externaltools.gnu-tools-for-stm32.9-2020-q2-update.win32_1.5.0.202011040924/tools/bin/../lib/gcc/arm-none-eabi/9.3.1/../../../../arm-none-eabi/lib/thumb/v7e-m+fp/hard\libc_nano.a(lib_a-impure.o)
                0x0000000020000028                _impure_ptr
 .data.impure_data
                0x000000002000002c       0x60 c:/st/stm32cubeide_1.6.1/stm32cubeide/plugins/com.st.stm32cube.ide.mcu.externaltools.gnu-tools-for-stm32.9-2020-q2-update.win32_1.5.0.202011040924/tools/bin/../lib/gcc/arm-none-eabi/9.3.1/../../../../arm-none-eabi/lib/thumb/v7e-m+fp/hard\libc_nano.a(lib_a-impure.o)
 *(.RamFunc)
 *(.RamFunc*)
                0x000000002000008c                . = ALIGN (0x4)
                0x000000002000008c                _edata = .

.igot.plt       0x000000002000008c        0x0 load address 0x0000000008009418
 .igot.plt      0x000000002000008c        0x0 c:/st/stm32cubeide_1.6.1/stm32cubeide/plugins/com.st.stm32cube.ide.mcu.externaltools.gnu-tools-for-stm32.9-2020-q2-update.win32_1.5.0.202011040924/tools/bin/../lib/gcc/arm-none-eabi/9.3.1/thumb/v7e-m+fp/hard/crtbegin.o
                0x000000002000008c                . = ALIGN (0x4)

.bss            0x000000002000008c    0x13dd0 load address 0x0000000008009418
                0x000000002000008c                _sbss = .
                0x000000002000008c                __bss_start__ = _sbss
 *(.bss)
 .bss           0x000000002000008c       0x1c c:/st/stm32cubeide_1.6.1/stm32cubeide/plugins/com.st.stm32cube.ide.mcu.externaltools.gnu-tools-for-stm32.9-2020-q2-update.win32_1.5.0.202011040924/tools/bin/../lib/gcc/arm-none-eabi/9.3.1/thumb/v7e-m+fp/hard/crtbegin.o
 *(.bss*)
 .bss.Enc28j60Bank
                0x00000000200000a8        0x1 Core/Src/enc28j60.o
 *fill*         0x00000000200000a9        0x1 
 .bss.NextPacketPtr
                0x00000000200000aa        0x2 Core/Src/enc28j60.o
 .bss.macaddr   0x00000000200000ac        0x6 Core/Src/ip_arp_udp_tcp.o
 *fill*         0x00000000200000b2        0x2 
 .bss.ipaddr    0x00000000200000b4        0x4 Core/Src/ip_arp_udp_tcp.o
 .bss.info_hdr_len
                0x00000000200000b8        0x2 Core/Src/ip_arp_udp_tcp.o
 .bss.info_data_len
                0x00000000200000ba        0x2 Core/Src/ip_arp_udp_tcp.o
 .bss.flag      0x00000000200000bc        0x1 Core/Src/main.o
                0x00000000200000bc                flag
 *fill*         0x00000000200000bd        0x3 
 .bss.adc       0x00000000200000c0        0x4 Core/Src/main.o
                0x00000000200000c0                adc
 .bss.__sbrk_heap_end
                0x00000000200000c4        0x4 Core/Src/sysmem.o
 .bss.buf       0x00000000200000c8      0x5dd Core/Src/webServer.o
 *fill*         0x00000000200006a5        0x3 
 .bss.strbuf    0x00000000200006a8       0x81 Core/Src/webServer.o
 *fill*         0x0000000020000729        0x3 
 .bss.pxCurrentTCB
                0x000000002000072c        0x4 FreeRTOS/tasks.o
                0x000000002000072c                pxCurrentTCB
 .bss.pxReadyTasksLists
                0x0000000020000730       0x64 FreeRTOS/tasks.o
 .bss.xDelayedTaskList1
                0x0000000020000794       0x14 FreeRTOS/tasks.o
 .bss.xDelayedTaskList2
                0x00000000200007a8       0x14 FreeRTOS/tasks.o
 .bss.pxDelayedTaskList
                0x00000000200007bc        0x4 FreeRTOS/tasks.o
 .bss.pxOverflowDelayedTaskList
                0x00000000200007c0        0x4 FreeRTOS/tasks.o
 .bss.xPendingReadyList
                0x00000000200007c4       0x14 FreeRTOS/tasks.o
 .bss.xTasksWaitingTermination
                0x00000000200007d8       0x14 FreeRTOS/tasks.o
 .bss.uxDeletedTasksWaitingCleanUp
                0x00000000200007ec        0x4 FreeRTOS/tasks.o
 .bss.xSuspendedTaskList
                0x00000000200007f0       0x14 FreeRTOS/tasks.o
 .bss.uxCurrentNumberOfTasks
                0x0000000020000804        0x4 FreeRTOS/tasks.o
 .bss.xTickCount
                0x0000000020000808        0x4 FreeRTOS/tasks.o
 .bss.uxTopReadyPriority
                0x000000002000080c        0x4 FreeRTOS/tasks.o
 .bss.xSchedulerRunning
                0x0000000020000810        0x4 FreeRTOS/tasks.o
 .bss.xPendedTicks
                0x0000000020000814        0x4 FreeRTOS/tasks.o
 .bss.xYieldPending
                0x0000000020000818        0x4 FreeRTOS/tasks.o
 .bss.xNumOfOverflows
                0x000000002000081c        0x4 FreeRTOS/tasks.o
 .bss.uxTaskNumber
                0x0000000020000820        0x4 FreeRTOS/tasks.o
 .bss.xNextTaskUnblockTime
                0x0000000020000824        0x4 FreeRTOS/tasks.o
 .bss.xIdleTaskHandle
                0x0000000020000828        0x4 FreeRTOS/tasks.o
 .bss.uxSchedulerSuspended
                0x000000002000082c        0x4 FreeRTOS/tasks.o
 .bss.xActiveTimerList1
                0x0000000020000830       0x14 FreeRTOS/timers.o
 .bss.xActiveTimerList2
                0x0000000020000844       0x14 FreeRTOS/timers.o
 .bss.pxCurrentTimerList
                0x0000000020000858        0x4 FreeRTOS/timers.o
 .bss.pxOverflowTimerList
                0x000000002000085c        0x4 FreeRTOS/timers.o
 .bss.xTimerQueue
                0x0000000020000860        0x4 FreeRTOS/timers.o
 .bss.xTimerTaskHandle
                0x0000000020000864        0x4 FreeRTOS/timers.o
 .bss.xLastTime.6892
                0x0000000020000868        0x4 FreeRTOS/timers.o
 .bss.ucMaxSysCallPriority
                0x000000002000086c        0x1 FreeRTOS/portable/ARM_CM4F/port.o
 *fill*         0x000000002000086d        0x3 
 .bss.ulMaxPRIGROUPValue
                0x0000000020000870        0x4 FreeRTOS/portable/ARM_CM4F/port.o
 .bss.ucHeap    0x0000000020000874    0x12c00 FreeRTOS/portable/MemMang/heap_4.o
 .bss.xStart    0x0000000020013474        0x8 FreeRTOS/portable/MemMang/heap_4.o
 .bss.pxEnd     0x000000002001347c        0x4 FreeRTOS/portable/MemMang/heap_4.o
 .bss.xFreeBytesRemaining
                0x0000000020013480        0x4 FreeRTOS/portable/MemMang/heap_4.o
 .bss.xMinimumEverFreeBytesRemaining
                0x0000000020013484        0x4 FreeRTOS/portable/MemMang/heap_4.o
 .bss.xNumberOfSuccessfulAllocations
                0x0000000020013488        0x4 FreeRTOS/portable/MemMang/heap_4.o
 .bss.xNumberOfSuccessfulFrees
                0x000000002001348c        0x4 FreeRTOS/portable/MemMang/heap_4.o
 .bss.xBlockAllocatedBit
                0x0000000020013490        0x4 FreeRTOS/portable/MemMang/heap_4.o
 .bss.__malloc_free_list
                0x0000000020013494        0x4 c:/st/stm32cubeide_1.6.1/stm32cubeide/plugins/com.st.stm32cube.ide.mcu.externaltools.gnu-tools-for-stm32.9-2020-q2-update.win32_1.5.0.202011040924/tools/bin/../lib/gcc/arm-none-eabi/9.3.1/../../../../arm-none-eabi/lib/thumb/v7e-m+fp/hard\libc_nano.a(lib_a-nano-mallocr.o)
                0x0000000020013494                __malloc_free_list
 .bss.__malloc_sbrk_start
                0x0000000020013498        0x4 c:/st/stm32cubeide_1.6.1/stm32cubeide/plugins/com.st.stm32cube.ide.mcu.externaltools.gnu-tools-for-stm32.9-2020-q2-update.win32_1.5.0.202011040924/tools/bin/../lib/gcc/arm-none-eabi/9.3.1/../../../../arm-none-eabi/lib/thumb/v7e-m+fp/hard\libc_nano.a(lib_a-nano-mallocr.o)
                0x0000000020013498                __malloc_sbrk_start
 *(COMMON)
 COMMON         0x000000002001349c      0x920 Core/Src/main.o
                0x000000002001349c                back
                0x00000000200135c8                huart3
                0x000000002001360c                writeValue
                0x0000000020013648                spiData
                0x000000002001364a                _port
                0x000000002001364c                xSemaphore
                0x0000000020013650                htim3
                0x0000000020013698                front
                0x000000002001388c                adc_value
                0x0000000020013890                hadc1
                0x00000000200138d8                i
                0x00000000200138dc                waterlevel
                0x00000000200138e0                request
                0x00000000200138e4                data
                0x0000000020013934                template
                0x0000000020013d1c                hspi1
                0x0000000020013d74                htim2
 COMMON         0x0000000020013dbc       0x48 Core/Src/stm32f4xx_hal_timebase_tim.o
                0x0000000020013dbc                htim6
 COMMON         0x0000000020013e04        0x2 Core/Src/webServer.o
                0x0000000020013e04                plen
 *fill*         0x0000000020013e06        0x2 
 COMMON         0x0000000020013e08        0x4 Drivers/STM32F4xx_HAL_Driver/Src/stm32f4xx_hal.o
                0x0000000020013e08                uwTick
 COMMON         0x0000000020013e0c       0x40 FreeRTOS/queue.o
                0x0000000020013e0c                xQueueRegistry
 COMMON         0x0000000020013e4c        0x4 c:/st/stm32cubeide_1.6.1/stm32cubeide/plugins/com.st.stm32cube.ide.mcu.externaltools.gnu-tools-for-stm32.9-2020-q2-update.win32_1.5.0.202011040924/tools/bin/../lib/gcc/arm-none-eabi/9.3.1/../../../../arm-none-eabi/lib/thumb/v7e-m+fp/hard\libc_nano.a(lib_a-reent.o)
                0x0000000020013e4c                errno
 COMMON         0x0000000020013e50        0x9 c:/st/stm32cubeide_1.6.1/stm32cubeide/plugins/com.st.stm32cube.ide.mcu.externaltools.gnu-tools-for-stm32.9-2020-q2-update.win32_1.5.0.202011040924/tools/bin/../lib/gcc/arm-none-eabi/9.3.1/../../../../arm-none-eabi/lib/thumb/v7e-m+fp/hard\libc_nano.a(lib_a-lock.o)
                0x0000000020013e50                __lock___atexit_recursive_mutex
                0x0000000020013e51                __lock___arc4random_mutex
                0x0000000020013e52                __lock___env_recursive_mutex
                0x0000000020013e53                __lock___sinit_recursive_mutex
                0x0000000020013e54                __lock___malloc_recursive_mutex
                0x0000000020013e55                __lock___at_quick_exit_mutex
                0x0000000020013e56                __lock___dd_hash_mutex
                0x0000000020013e57                __lock___tz_mutex
                0x0000000020013e58                __lock___sfp_recursive_mutex
                0x0000000020013e5c                . = ALIGN (0x4)
 *fill*         0x0000000020013e59        0x3 
                0x0000000020013e5c                _ebss = .
                0x0000000020013e5c                __bss_end__ = _ebss

._user_heap_stack
                0x0000000020013e5c      0x604 load address 0x0000000008009418
                0x0000000020013e60                . = ALIGN (0x8)
 *fill*         0x0000000020013e5c        0x4 
                [!provide]                        PROVIDE (end = .)
                0x0000000020013e60                PROVIDE (_end = .)
                0x0000000020014060                . = (. + _Min_Heap_Size)
 *fill*         0x0000000020013e60      0x200 
                0x0000000020014460                . = (. + _Min_Stack_Size)
 *fill*         0x0000000020014060      0x400 
                0x0000000020014460                . = ALIGN (0x8)

/DISCARD/
 libc.a(*)
 libm.a(*)
 libgcc.a(*)

.ARM.attributes
                0x0000000000000000       0x30
 *(.ARM.attributes)
 .ARM.attributes
                0x0000000000000000       0x1e c:/st/stm32cubeide_1.6.1/stm32cubeide/plugins/com.st.stm32cube.ide.mcu.externaltools.gnu-tools-for-stm32.9-2020-q2-update.win32_1.5.0.202011040924/tools/bin/../lib/gcc/arm-none-eabi/9.3.1/thumb/v7e-m+fp/hard/crti.o
 .ARM.attributes
                0x000000000000001e       0x34 c:/st/stm32cubeide_1.6.1/stm32cubeide/plugins/com.st.stm32cube.ide.mcu.externaltools.gnu-tools-for-stm32.9-2020-q2-update.win32_1.5.0.202011040924/tools/bin/../lib/gcc/arm-none-eabi/9.3.1/thumb/v7e-m+fp/hard/crtbegin.o
 .ARM.attributes
                0x0000000000000052       0x34 Core/Src/delay.o
 .ARM.attributes
                0x0000000000000086       0x34 Core/Src/enc28j60.o
 .ARM.attributes
                0x00000000000000ba       0x34 Core/Src/ip_arp_udp_tcp.o
 .ARM.attributes
                0x00000000000000ee       0x34 Core/Src/main.o
 .ARM.attributes
                0x0000000000000122       0x34 Core/Src/stm32f4xx_hal_msp.o
 .ARM.attributes
                0x0000000000000156       0x34 Core/Src/stm32f4xx_hal_timebase_tim.o
 .ARM.attributes
                0x000000000000018a       0x34 Core/Src/stm32f4xx_it.o
 .ARM.attributes
                0x00000000000001be       0x34 Core/Src/sysmem.o
 .ARM.attributes
                0x00000000000001f2       0x34 Core/Src/system_stm32f4xx.o
 .ARM.attributes
                0x0000000000000226       0x34 Core/Src/webServer.o
 .ARM.attributes
                0x000000000000025a       0x21 Core/Startup/startup_stm32f407vgtx.o
 .ARM.attributes
                0x000000000000027b       0x34 Drivers/STM32F4xx_HAL_Driver/Src/stm32f4xx_hal.o
 .ARM.attributes
                0x00000000000002af       0x34 Drivers/STM32F4xx_HAL_Driver/Src/stm32f4xx_hal_adc.o
 .ARM.attributes
                0x00000000000002e3       0x34 Drivers/STM32F4xx_HAL_Driver/Src/stm32f4xx_hal_adc_ex.o
 .ARM.attributes
                0x0000000000000317       0x34 Drivers/STM32F4xx_HAL_Driver/Src/stm32f4xx_hal_cortex.o
 .ARM.attributes
                0x000000000000034b       0x34 Drivers/STM32F4xx_HAL_Driver/Src/stm32f4xx_hal_gpio.o
 .ARM.attributes
                0x000000000000037f       0x34 Drivers/STM32F4xx_HAL_Driver/Src/stm32f4xx_hal_rcc.o
 .ARM.attributes
                0x00000000000003b3       0x34 Drivers/STM32F4xx_HAL_Driver/Src/stm32f4xx_hal_spi.o
 .ARM.attributes
                0x00000000000003e7       0x34 Drivers/STM32F4xx_HAL_Driver/Src/stm32f4xx_hal_tim.o
 .ARM.attributes
                0x000000000000041b       0x34 Drivers/STM32F4xx_HAL_Driver/Src/stm32f4xx_hal_tim_ex.o
 .ARM.attributes
                0x000000000000044f       0x34 Drivers/STM32F4xx_HAL_Driver/Src/stm32f4xx_hal_uart.o
 .ARM.attributes
                0x0000000000000483       0x34 FreeRTOS/list.o
 .ARM.attributes
                0x00000000000004b7       0x34 FreeRTOS/queue.o
 .ARM.attributes
                0x00000000000004eb       0x34 FreeRTOS/tasks.o
 .ARM.attributes
                0x000000000000051f       0x34 FreeRTOS/timers.o
 .ARM.attributes
                0x0000000000000553       0x34 FreeRTOS/portable/ARM_CM4F/port.o
 .ARM.attributes
                0x0000000000000587       0x34 FreeRTOS/portable/MemMang/heap_4.o
 .ARM.attributes
                0x00000000000005bb       0x34 c:/st/stm32cubeide_1.6.1/stm32cubeide/plugins/com.st.stm32cube.ide.mcu.externaltools.gnu-tools-for-stm32.9-2020-q2-update.win32_1.5.0.202011040924/tools/bin/../lib/gcc/arm-none-eabi/9.3.1/../../../../arm-none-eabi/lib/thumb/v7e-m+fp/hard\libc_nano.a(lib_a-errno.o)
 .ARM.attributes
                0x00000000000005ef       0x32 c:/st/stm32cubeide_1.6.1/stm32cubeide/plugins/com.st.stm32cube.ide.mcu.externaltools.gnu-tools-for-stm32.9-2020-q2-update.win32_1.5.0.202011040924/tools/bin/../lib/gcc/arm-none-eabi/9.3.1/../../../../arm-none-eabi/lib/thumb/v7e-m+fp/hard\libc_nano.a(lib_a-impure.o)
 .ARM.attributes
                0x0000000000000621       0x34 c:/st/stm32cubeide_1.6.1/stm32cubeide/plugins/com.st.stm32cube.ide.mcu.externaltools.gnu-tools-for-stm32.9-2020-q2-update.win32_1.5.0.202011040924/tools/bin/../lib/gcc/arm-none-eabi/9.3.1/../../../../arm-none-eabi/lib/thumb/v7e-m+fp/hard\libc_nano.a(lib_a-init.o)
 .ARM.attributes
                0x0000000000000655       0x34 c:/st/stm32cubeide_1.6.1/stm32cubeide/plugins/com.st.stm32cube.ide.mcu.externaltools.gnu-tools-for-stm32.9-2020-q2-update.win32_1.5.0.202011040924/tools/bin/../lib/gcc/arm-none-eabi/9.3.1/../../../../arm-none-eabi/lib/thumb/v7e-m+fp/hard\libc_nano.a(lib_a-memcpy-stub.o)
 .ARM.attributes
                0x0000000000000689       0x34 c:/st/stm32cubeide_1.6.1/stm32cubeide/plugins/com.st.stm32cube.ide.mcu.externaltools.gnu-tools-for-stm32.9-2020-q2-update.win32_1.5.0.202011040924/tools/bin/../lib/gcc/arm-none-eabi/9.3.1/../../../../arm-none-eabi/lib/thumb/v7e-m+fp/hard\libc_nano.a(lib_a-memset.o)
 .ARM.attributes
                0x00000000000006bd       0x34 c:/st/stm32cubeide_1.6.1/stm32cubeide/plugins/com.st.stm32cube.ide.mcu.externaltools.gnu-tools-for-stm32.9-2020-q2-update.win32_1.5.0.202011040924/tools/bin/../lib/gcc/arm-none-eabi/9.3.1/../../../../arm-none-eabi/lib/thumb/v7e-m+fp/hard\libc_nano.a(lib_a-sprintf.o)
 .ARM.attributes
                0x00000000000006f1       0x1c c:/st/stm32cubeide_1.6.1/stm32cubeide/plugins/com.st.stm32cube.ide.mcu.externaltools.gnu-tools-for-stm32.9-2020-q2-update.win32_1.5.0.202011040924/tools/bin/../lib/gcc/arm-none-eabi/9.3.1/../../../../arm-none-eabi/lib/thumb/v7e-m+fp/hard\libc_nano.a(lib_a-strcmp.o)
 .ARM.attributes
                0x000000000000070d       0x17 c:/st/stm32cubeide_1.6.1/stm32cubeide/plugins/com.st.stm32cube.ide.mcu.externaltools.gnu-tools-for-stm32.9-2020-q2-update.win32_1.5.0.202011040924/tools/bin/../lib/gcc/arm-none-eabi/9.3.1/../../../../arm-none-eabi/lib/thumb/v7e-m+fp/hard\libc_nano.a(lib_a-strlen.o)
 .ARM.attributes
                0x0000000000000724       0x34 c:/st/stm32cubeide_1.6.1/stm32cubeide/plugins/com.st.stm32cube.ide.mcu.externaltools.gnu-tools-for-stm32.9-2020-q2-update.win32_1.5.0.202011040924/tools/bin/../lib/gcc/arm-none-eabi/9.3.1/../../../../arm-none-eabi/lib/thumb/v7e-m+fp/hard\libc_nano.a(lib_a-strncmp.o)
 .ARM.attributes
                0x0000000000000758       0x34 c:/st/stm32cubeide_1.6.1/stm32cubeide/plugins/com.st.stm32cube.ide.mcu.externaltools.gnu-tools-for-stm32.9-2020-q2-update.win32_1.5.0.202011040924/tools/bin/../lib/gcc/arm-none-eabi/9.3.1/../../../../arm-none-eabi/lib/thumb/v7e-m+fp/hard\libc_nano.a(lib_a-nano-svfprintf.o)
 .ARM.attributes
                0x000000000000078c       0x34 c:/st/stm32cubeide_1.6.1/stm32cubeide/plugins/com.st.stm32cube.ide.mcu.externaltools.gnu-tools-for-stm32.9-2020-q2-update.win32_1.5.0.202011040924/tools/bin/../lib/gcc/arm-none-eabi/9.3.1/../../../../arm-none-eabi/lib/thumb/v7e-m+fp/hard\libc_nano.a(lib_a-nano-vfprintf_i.o)
 .ARM.attributes
                0x00000000000007c0       0x1c c:/st/stm32cubeide_1.6.1/stm32cubeide/plugins/com.st.stm32cube.ide.mcu.externaltools.gnu-tools-for-stm32.9-2020-q2-update.win32_1.5.0.202011040924/tools/bin/../lib/gcc/arm-none-eabi/9.3.1/../../../../arm-none-eabi/lib/thumb/v7e-m+fp/hard\libc_nano.a(lib_a-memchr.o)
 .ARM.attributes
                0x00000000000007dc       0x34 c:/st/stm32cubeide_1.6.1/stm32cubeide/plugins/com.st.stm32cube.ide.mcu.externaltools.gnu-tools-for-stm32.9-2020-q2-update.win32_1.5.0.202011040924/tools/bin/../lib/gcc/arm-none-eabi/9.3.1/../../../../arm-none-eabi/lib/thumb/v7e-m+fp/hard\libc_nano.a(lib_a-memmove.o)
 .ARM.attributes
                0x0000000000000810       0x34 c:/st/stm32cubeide_1.6.1/stm32cubeide/plugins/com.st.stm32cube.ide.mcu.externaltools.gnu-tools-for-stm32.9-2020-q2-update.win32_1.5.0.202011040924/tools/bin/../lib/gcc/arm-none-eabi/9.3.1/../../../../arm-none-eabi/lib/thumb/v7e-m+fp/hard\libc_nano.a(lib_a-nano-freer.o)
 .ARM.attributes
                0x0000000000000844       0x34 c:/st/stm32cubeide_1.6.1/stm32cubeide/plugins/com.st.stm32cube.ide.mcu.externaltools.gnu-tools-for-stm32.9-2020-q2-update.win32_1.5.0.202011040924/tools/bin/../lib/gcc/arm-none-eabi/9.3.1/../../../../arm-none-eabi/lib/thumb/v7e-m+fp/hard\libc_nano.a(lib_a-nano-mallocr.o)
 .ARM.attributes
                0x0000000000000878       0x34 c:/st/stm32cubeide_1.6.1/stm32cubeide/plugins/com.st.stm32cube.ide.mcu.externaltools.gnu-tools-for-stm32.9-2020-q2-update.win32_1.5.0.202011040924/tools/bin/../lib/gcc/arm-none-eabi/9.3.1/../../../../arm-none-eabi/lib/thumb/v7e-m+fp/hard\libc_nano.a(lib_a-nano-reallocr.o)
 .ARM.attributes
                0x00000000000008ac       0x34 c:/st/stm32cubeide_1.6.1/stm32cubeide/plugins/com.st.stm32cube.ide.mcu.externaltools.gnu-tools-for-stm32.9-2020-q2-update.win32_1.5.0.202011040924/tools/bin/../lib/gcc/arm-none-eabi/9.3.1/../../../../arm-none-eabi/lib/thumb/v7e-m+fp/hard\libc_nano.a(lib_a-sbrkr.o)
 .ARM.attributes
                0x00000000000008e0       0x34 c:/st/stm32cubeide_1.6.1/stm32cubeide/plugins/com.st.stm32cube.ide.mcu.externaltools.gnu-tools-for-stm32.9-2020-q2-update.win32_1.5.0.202011040924/tools/bin/../lib/gcc/arm-none-eabi/9.3.1/../../../../arm-none-eabi/lib/thumb/v7e-m+fp/hard\libc_nano.a(lib_a-mlock.o)
 .ARM.attributes
                0x0000000000000914       0x34 c:/st/stm32cubeide_1.6.1/stm32cubeide/plugins/com.st.stm32cube.ide.mcu.externaltools.gnu-tools-for-stm32.9-2020-q2-update.win32_1.5.0.202011040924/tools/bin/../lib/gcc/arm-none-eabi/9.3.1/../../../../arm-none-eabi/lib/thumb/v7e-m+fp/hard\libc_nano.a(lib_a-nano-msizer.o)
 .ARM.attributes
                0x0000000000000948       0x34 c:/st/stm32cubeide_1.6.1/stm32cubeide/plugins/com.st.stm32cube.ide.mcu.externaltools.gnu-tools-for-stm32.9-2020-q2-update.win32_1.5.0.202011040924/tools/bin/../lib/gcc/arm-none-eabi/9.3.1/../../../../arm-none-eabi/lib/thumb/v7e-m+fp/hard\libc_nano.a(lib_a-reent.o)
 .ARM.attributes
                0x000000000000097c       0x34 c:/st/stm32cubeide_1.6.1/stm32cubeide/plugins/com.st.stm32cube.ide.mcu.externaltools.gnu-tools-for-stm32.9-2020-q2-update.win32_1.5.0.202011040924/tools/bin/../lib/gcc/arm-none-eabi/9.3.1/../../../../arm-none-eabi/lib/thumb/v7e-m+fp/hard\libc_nano.a(lib_a-lock.o)
 .ARM.attributes
                0x00000000000009b0       0x1e c:/st/stm32cubeide_1.6.1/stm32cubeide/plugins/com.st.stm32cube.ide.mcu.externaltools.gnu-tools-for-stm32.9-2020-q2-update.win32_1.5.0.202011040924/tools/bin/../lib/gcc/arm-none-eabi/9.3.1/thumb/v7e-m+fp/hard\libgcc.a(_aeabi_uldivmod.o)
 .ARM.attributes
                0x00000000000009ce       0x34 c:/st/stm32cubeide_1.6.1/stm32cubeide/plugins/com.st.stm32cube.ide.mcu.externaltools.gnu-tools-for-stm32.9-2020-q2-update.win32_1.5.0.202011040924/tools/bin/../lib/gcc/arm-none-eabi/9.3.1/thumb/v7e-m+fp/hard\libgcc.a(_udivmoddi4.o)
 .ARM.attributes
                0x0000000000000a02       0x1e c:/st/stm32cubeide_1.6.1/stm32cubeide/plugins/com.st.stm32cube.ide.mcu.externaltools.gnu-tools-for-stm32.9-2020-q2-update.win32_1.5.0.202011040924/tools/bin/../lib/gcc/arm-none-eabi/9.3.1/thumb/v7e-m+fp/hard\libgcc.a(_dvmd_tls.o)
 .ARM.attributes
                0x0000000000000a20       0x1e c:/st/stm32cubeide_1.6.1/stm32cubeide/plugins/com.st.stm32cube.ide.mcu.externaltools.gnu-tools-for-stm32.9-2020-q2-update.win32_1.5.0.202011040924/tools/bin/../lib/gcc/arm-none-eabi/9.3.1/thumb/v7e-m+fp/hard/crtn.o
OUTPUT(final project.elf elf32-littlearm)
LOAD linker stubs
LOAD c:/st/stm32cubeide_1.6.1/stm32cubeide/plugins/com.st.stm32cube.ide.mcu.externaltools.gnu-tools-for-stm32.9-2020-q2-update.win32_1.5.0.202011040924/tools/bin/../lib/gcc/arm-none-eabi/9.3.1/../../../../arm-none-eabi/lib/thumb/v7e-m+fp/hard\libc.a
LOAD c:/st/stm32cubeide_1.6.1/stm32cubeide/plugins/com.st.stm32cube.ide.mcu.externaltools.gnu-tools-for-stm32.9-2020-q2-update.win32_1.5.0.202011040924/tools/bin/../lib/gcc/arm-none-eabi/9.3.1/../../../../arm-none-eabi/lib/thumb/v7e-m+fp/hard\libm.a
LOAD c:/st/stm32cubeide_1.6.1/stm32cubeide/plugins/com.st.stm32cube.ide.mcu.externaltools.gnu-tools-for-stm32.9-2020-q2-update.win32_1.5.0.202011040924/tools/bin/../lib/gcc/arm-none-eabi/9.3.1/thumb/v7e-m+fp/hard\libgcc.a

.debug_info     0x0000000000000000    0x1ce2c
 .debug_info    0x0000000000000000      0x786 Core/Src/delay.o
 .debug_info    0x0000000000000786      0xdc7 Core/Src/enc28j60.o
 .debug_info    0x000000000000154d     0x186a Core/Src/ip_arp_udp_tcp.o
 .debug_info    0x0000000000002db7     0x22c7 Core/Src/main.o
 .debug_info    0x000000000000507e     0x165c Core/Src/stm32f4xx_hal_msp.o
 .debug_info    0x00000000000066da      0xc6c Core/Src/stm32f4xx_hal_timebase_tim.o
 .debug_info    0x0000000000007346      0xa6f Core/Src/stm32f4xx_it.o
 .debug_info    0x0000000000007db5      0xa25 Core/Src/sysmem.o
 .debug_info    0x00000000000087da      0x5a4 Core/Src/system_stm32f4xx.o
 .debug_info    0x0000000000008d7e     0x11b5 Core/Src/webServer.o
 .debug_info    0x0000000000009f33       0x22 Core/Startup/startup_stm32f407vgtx.o
 .debug_info    0x0000000000009f55      0x9b2 Drivers/STM32F4xx_HAL_Driver/Src/stm32f4xx_hal.o
 .debug_info    0x000000000000a907      0xdbc Drivers/STM32F4xx_HAL_Driver/Src/stm32f4xx_hal_adc.o
 .debug_info    0x000000000000b6c3      0xc22 Drivers/STM32F4xx_HAL_Driver/Src/stm32f4xx_hal_adc_ex.o
 .debug_info    0x000000000000c2e5      0xed7 Drivers/STM32F4xx_HAL_Driver/Src/stm32f4xx_hal_cortex.o
 .debug_info    0x000000000000d1bc      0x83e Drivers/STM32F4xx_HAL_Driver/Src/stm32f4xx_hal_gpio.o
 .debug_info    0x000000000000d9fa      0x996 Drivers/STM32F4xx_HAL_Driver/Src/stm32f4xx_hal_rcc.o
 .debug_info    0x000000000000e390     0x17c0 Drivers/STM32F4xx_HAL_Driver/Src/stm32f4xx_hal_spi.o
 .debug_info    0x000000000000fb50     0x2a90 Drivers/STM32F4xx_HAL_Driver/Src/stm32f4xx_hal_tim.o
 .debug_info    0x00000000000125e0     0x1522 Drivers/STM32F4xx_HAL_Driver/Src/stm32f4xx_hal_tim_ex.o
 .debug_info    0x0000000000013b02     0x1665 Drivers/STM32F4xx_HAL_Driver/Src/stm32f4xx_hal_uart.o
 .debug_info    0x0000000000015167      0xb82 FreeRTOS/list.o
 .debug_info    0x0000000000015ce9     0x1fdf FreeRTOS/queue.o
 .debug_info    0x0000000000017cc8     0x2980 FreeRTOS/tasks.o
 .debug_info    0x000000000001a648     0x1567 FreeRTOS/timers.o
 .debug_info    0x000000000001bbaf      0x4f1 FreeRTOS/portable/ARM_CM4F/port.o
 .debug_info    0x000000000001c0a0      0xd8c FreeRTOS/portable/MemMang/heap_4.o

.debug_abbrev   0x0000000000000000     0x3db3
 .debug_abbrev  0x0000000000000000      0x16d Core/Src/delay.o
 .debug_abbrev  0x000000000000016d      0x22b Core/Src/enc28j60.o
 .debug_abbrev  0x0000000000000398      0x32b Core/Src/ip_arp_udp_tcp.o
 .debug_abbrev  0x00000000000006c3      0x367 Core/Src/main.o
 .debug_abbrev  0x0000000000000a2a      0x206 Core/Src/stm32f4xx_hal_msp.o
 .debug_abbrev  0x0000000000000c30      0x1bf Core/Src/stm32f4xx_hal_timebase_tim.o
 .debug_abbrev  0x0000000000000def      0x187 Core/Src/stm32f4xx_it.o
 .debug_abbrev  0x0000000000000f76      0x1bf Core/Src/sysmem.o
 .debug_abbrev  0x0000000000001135      0x145 Core/Src/system_stm32f4xx.o
 .debug_abbrev  0x000000000000127a      0x29d Core/Src/webServer.o
 .debug_abbrev  0x0000000000001517       0x12 Core/Startup/startup_stm32f407vgtx.o
 .debug_abbrev  0x0000000000001529      0x1ed Drivers/STM32F4xx_HAL_Driver/Src/stm32f4xx_hal.o
 .debug_abbrev  0x0000000000001716      0x22f Drivers/STM32F4xx_HAL_Driver/Src/stm32f4xx_hal_adc.o
 .debug_abbrev  0x0000000000001945      0x24a Drivers/STM32F4xx_HAL_Driver/Src/stm32f4xx_hal_adc_ex.o
 .debug_abbrev  0x0000000000001b8f      0x33c Drivers/STM32F4xx_HAL_Driver/Src/stm32f4xx_hal_cortex.o
 .debug_abbrev  0x0000000000001ecb      0x1f1 Drivers/STM32F4xx_HAL_Driver/Src/stm32f4xx_hal_gpio.o
 .debug_abbrev  0x00000000000020bc      0x275 Drivers/STM32F4xx_HAL_Driver/Src/stm32f4xx_hal_rcc.o
 .debug_abbrev  0x0000000000002331      0x26e Drivers/STM32F4xx_HAL_Driver/Src/stm32f4xx_hal_spi.o
 .debug_abbrev  0x000000000000259f      0x25e Drivers/STM32F4xx_HAL_Driver/Src/stm32f4xx_hal_tim.o
 .debug_abbrev  0x00000000000027fd      0x266 Drivers/STM32F4xx_HAL_Driver/Src/stm32f4xx_hal_tim_ex.o
 .debug_abbrev  0x0000000000002a63      0x28b Drivers/STM32F4xx_HAL_Driver/Src/stm32f4xx_hal_uart.o
 .debug_abbrev  0x0000000000002cee      0x1f7 FreeRTOS/list.o
 .debug_abbrev  0x0000000000002ee5      0x333 FreeRTOS/queue.o
 .debug_abbrev  0x0000000000003218      0x39a FreeRTOS/tasks.o
 .debug_abbrev  0x00000000000035b2      0x2fd FreeRTOS/timers.o
 .debug_abbrev  0x00000000000038af      0x231 FreeRTOS/portable/ARM_CM4F/port.o
 .debug_abbrev  0x0000000000003ae0      0x2d3 FreeRTOS/portable/MemMang/heap_4.o

.debug_aranges  0x0000000000000000     0x1670
 .debug_aranges
                0x0000000000000000       0x20 Core/Src/delay.o
 .debug_aranges
                0x0000000000000020       0x88 Core/Src/enc28j60.o
 .debug_aranges
                0x00000000000000a8       0xe8 Core/Src/ip_arp_udp_tcp.o
 .debug_aranges
                0x0000000000000190       0xa0 Core/Src/main.o
 .debug_aranges
                0x0000000000000230       0x68 Core/Src/stm32f4xx_hal_msp.o
 .debug_aranges
                0x0000000000000298       0x30 Core/Src/stm32f4xx_hal_timebase_tim.o
 .debug_aranges
                0x00000000000002c8       0x60 Core/Src/stm32f4xx_it.o
 .debug_aranges
                0x0000000000000328       0x20 Core/Src/sysmem.o
 .debug_aranges
                0x0000000000000348       0x28 Core/Src/system_stm32f4xx.o
 .debug_aranges
                0x0000000000000370       0x58 Core/Src/webServer.o
 .debug_aranges
                0x00000000000003c8       0x28 Core/Startup/startup_stm32f407vgtx.o
 .debug_aranges
                0x00000000000003f0       0xf0 Drivers/STM32F4xx_HAL_Driver/Src/stm32f4xx_hal.o
 .debug_aranges
                0x00000000000004e0       0xe8 Drivers/STM32F4xx_HAL_Driver/Src/stm32f4xx_hal_adc.o
 .debug_aranges
                0x00000000000005c8       0x90 Drivers/STM32F4xx_HAL_Driver/Src/stm32f4xx_hal_adc_ex.o
 .debug_aranges
                0x0000000000000658      0x118 Drivers/STM32F4xx_HAL_Driver/Src/stm32f4xx_hal_cortex.o
 .debug_aranges
                0x0000000000000770       0x58 Drivers/STM32F4xx_HAL_Driver/Src/stm32f4xx_hal_gpio.o
 .debug_aranges
                0x00000000000007c8       0x88 Drivers/STM32F4xx_HAL_Driver/Src/stm32f4xx_hal_rcc.o
 .debug_aranges
                0x0000000000000850      0x1d0 Drivers/STM32F4xx_HAL_Driver/Src/stm32f4xx_hal_spi.o
 .debug_aranges
                0x0000000000000a20      0x3d0 Drivers/STM32F4xx_HAL_Driver/Src/stm32f4xx_hal_tim.o
 .debug_aranges
                0x0000000000000df0      0x168 Drivers/STM32F4xx_HAL_Driver/Src/stm32f4xx_hal_tim_ex.o
 .debug_aranges
                0x0000000000000f58      0x200 Drivers/STM32F4xx_HAL_Driver/Src/stm32f4xx_hal_uart.o
 .debug_aranges
                0x0000000000001158       0x40 FreeRTOS/list.o
 .debug_aranges
                0x0000000000001198      0x130 FreeRTOS/queue.o
 .debug_aranges
                0x00000000000012c8      0x1f8 FreeRTOS/tasks.o
 .debug_aranges
                0x00000000000014c0       0xd8 FreeRTOS/timers.o
 .debug_aranges
                0x0000000000001598       0x80 FreeRTOS/portable/ARM_CM4F/port.o
 .debug_aranges
                0x0000000000001618       0x58 FreeRTOS/portable/MemMang/heap_4.o

.debug_ranges   0x0000000000000000     0x14f8
 .debug_ranges  0x0000000000000000       0x10 Core/Src/delay.o
 .debug_ranges  0x0000000000000010       0x78 Core/Src/enc28j60.o
 .debug_ranges  0x0000000000000088       0xd8 Core/Src/ip_arp_udp_tcp.o
 .debug_ranges  0x0000000000000160       0x90 Core/Src/main.o
 .debug_ranges  0x00000000000001f0       0x58 Core/Src/stm32f4xx_hal_msp.o