Archive member included to satisfy reference by file (symbol)

c:/st/stm32cubeide_1.6.1/stm32cubeide/plugins/com.st.stm32cube.ide.mcu.externaltools.gnu-tools-for-stm32.9-2020-q2-update.win32_1.5.0.202011040924/tools/bin/../lib/gcc/arm-none-eabi/9.3.1/../../../../arm-none-eabi/lib/thumb/v7e-m+fp/hard\libc_nano.a(lib_a-errno.o)
                              Core/Src/syscalls.o (__errno)
c:/st/stm32cubeide_1.6.1/stm32cubeide/plugins/com.st.stm32cube.ide.mcu.externaltools.gnu-tools-for-stm32.9-2020-q2-update.win32_1.5.0.202011040924/tools/bin/../lib/gcc/arm-none-eabi/9.3.1/../../../../arm-none-eabi/lib/thumb/v7e-m+fp/hard\libc_nano.a(lib_a-exit.o)
                              c:/st/stm32cubeide_1.6.1/stm32cubeide/plugins/com.st.stm32cube.ide.mcu.externaltools.gnu-tools-for-stm32.9-2020-q2-update.win32_1.5.0.202011040924/tools/bin/../lib/gcc/arm-none-eabi/9.3.1/../../../../arm-none-eabi/lib/thumb/v7e-m+fp/hard/crt0.o (exit)
c:/st/stm32cubeide_1.6.1/stm32cubeide/plugins/com.st.stm32cube.ide.mcu.externaltools.gnu-tools-for-stm32.9-2020-q2-update.win32_1.5.0.202011040924/tools/bin/../lib/gcc/arm-none-eabi/9.3.1/../../../../arm-none-eabi/lib/thumb/v7e-m+fp/hard\libc_nano.a(lib_a-impure.o)
                              c:/st/stm32cubeide_1.6.1/stm32cubeide/plugins/com.st.stm32cube.ide.mcu.externaltools.gnu-tools-for-stm32.9-2020-q2-update.win32_1.5.0.202011040924/tools/bin/../lib/gcc/arm-none-eabi/9.3.1/../../../../arm-none-eabi/lib/thumb/v7e-m+fp/hard\libc_nano.a(lib_a-exit.o) (_global_impure_ptr)
c:/st/stm32cubeide_1.6.1/stm32cubeide/plugins/com.st.stm32cube.ide.mcu.externaltools.gnu-tools-for-stm32.9-2020-q2-update.win32_1.5.0.202011040924/tools/bin/../lib/gcc/arm-none-eabi/9.3.1/../../../../arm-none-eabi/lib/thumb/v7e-m+fp/hard\libc_nano.a(lib_a-init.o)
                              c:/st/stm32cubeide_1.6.1/stm32cubeide/plugins/com.st.stm32cube.ide.mcu.externaltools.gnu-tools-for-stm32.9-2020-q2-update.win32_1.5.0.202011040924/tools/bin/../lib/gcc/arm-none-eabi/9.3.1/../../../../arm-none-eabi/lib/thumb/v7e-m+fp/hard/crt0.o (__libc_init_array)
c:/st/stm32cubeide_1.6.1/stm32cubeide/plugins/com.st.stm32cube.ide.mcu.externaltools.gnu-tools-for-stm32.9-2020-q2-update.win32_1.5.0.202011040924/tools/bin/../lib/gcc/arm-none-eabi/9.3.1/../../../../arm-none-eabi/lib/thumb/v7e-m+fp/hard\libc_nano.a(lib_a-memcpy-stub.o)
                              FreeRTOS/queue.o (memcpy)
c:/st/stm32cubeide_1.6.1/stm32cubeide/plugins/com.st.stm32cube.ide.mcu.externaltools.gnu-tools-for-stm32.9-2020-q2-update.win32_1.5.0.202011040924/tools/bin/../lib/gcc/arm-none-eabi/9.3.1/../../../../arm-none-eabi/lib/thumb/v7e-m+fp/hard\libc_nano.a(lib_a-memset.o)
                              c:/st/stm32cubeide_1.6.1/stm32cubeide/plugins/com.st.stm32cube.ide.mcu.externaltools.gnu-tools-for-stm32.9-2020-q2-update.win32_1.5.0.202011040924/tools/bin/../lib/gcc/arm-none-eabi/9.3.1/../../../../arm-none-eabi/lib/thumb/v7e-m+fp/hard/crt0.o (memset)
c:/st/stm32cubeide_1.6.1/stm32cubeide/plugins/com.st.stm32cube.ide.mcu.externaltools.gnu-tools-for-stm32.9-2020-q2-update.win32_1.5.0.202011040924/tools/bin/../lib/gcc/arm-none-eabi/9.3.1/../../../../arm-none-eabi/lib/thumb/v7e-m+fp/hard\libc_nano.a(lib_a-sprintf.o)
                              Core/Src/main.o (sprintf)
c:/st/stm32cubeide_1.6.1/stm32cubeide/plugins/com.st.stm32cube.ide.mcu.externaltools.gnu-tools-for-stm32.9-2020-q2-update.win32_1.5.0.202011040924/tools/bin/../lib/gcc/arm-none-eabi/9.3.1/../../../../arm-none-eabi/lib/thumb/v7e-m+fp/hard\libc_nano.a(lib_a-strlen.o)
                              Core/Src/main.o (strlen)
c:/st/stm32cubeide_1.6.1/stm32cubeide/plugins/com.st.stm32cube.ide.mcu.externaltools.gnu-tools-for-stm32.9-2020-q2-update.win32_1.5.0.202011040924/tools/bin/../lib/gcc/arm-none-eabi/9.3.1/../../../../arm-none-eabi/lib/thumb/v7e-m+fp/hard\libc_nano.a(lib_a-nano-svfprintf.o)
                              c:/st/stm32cubeide_1.6.1/stm32cubeide/plugins/com.st.stm32cube.ide.mcu.externaltools.gnu-tools-for-stm32.9-2020-q2-update.win32_1.5.0.202011040924/tools/bin/../lib/gcc/arm-none-eabi/9.3.1/../../../../arm-none-eabi/lib/thumb/v7e-m+fp/hard\libc_nano.a(lib_a-sprintf.o) (_svfprintf_r)
c:/st/stm32cubeide_1.6.1/stm32cubeide/plugins/com.st.stm32cube.ide.mcu.externaltools.gnu-tools-for-stm32.9-2020-q2-update.win32_1.5.0.202011040924/tools/bin/../lib/gcc/arm-none-eabi/9.3.1/../../../../arm-none-eabi/lib/thumb/v7e-m+fp/hard\libc_nano.a(lib_a-nano-vfprintf_i.o)
                              c:/st/stm32cubeide_1.6.1/stm32cubeide/plugins/com.st.stm32cube.ide.mcu.externaltools.gnu-tools-for-stm32.9-2020-q2-update.win32_1.5.0.202011040924/tools/bin/../lib/gcc/arm-none-eabi/9.3.1/../../../../arm-none-eabi/lib/thumb/v7e-m+fp/hard\libc_nano.a(lib_a-nano-svfprintf.o) (_printf_i)
[...]
Memory Configuration

Name             Origin             Length             Attributes
CCMRAM           0x0000000010000000 0x0000000000010000 xrw
RAM              0x0000000020000000 0x0000000000020000 xrw
FLASH            0x0000000008000000 0x0000000000100000 xr
*default*        0x0000000000000000 0xffffffffffffffff

Linker script and memory map

LOAD c:/st/stm32cubeide_1.6.1/stm32cubeide/plugins/com.st.stm32cube.ide.mcu.externaltools.gnu-tools-for-stm32.9-2020-q2-update.win32_1.5.0.202011040924/tools/bin/../lib/gcc/arm-none-eabi/9.3.1/thumb/v7e-m+fp/hard/crti.o
LOAD c:/st/stm32cubeide_1.6.1/stm32cubeide/plugins/com.st.stm32cube.ide.mcu.externaltools.gnu-tools-for-stm32.9-2020-q2-update.win32_1.5.0.202011040924/tools/bin/../lib/gcc/arm-none-eabi/9.3.1/thumb/v7e-m+fp/hard/crtbegin.o
LOAD c:/st/stm32cubeide_1.6.1/stm32cubeide/plugins/com.st.stm32cube.ide.mcu.externaltools.gnu-tools-for-stm32.9-2020-q2-update.win32_1.5.0.202011040924/tools/bin/../lib/gcc/arm-none-eabi/9.3.1/../../../../arm-none-eabi/lib/thumb/v7e-m+fp/hard/crt0.o
LOAD Core/Src/STM_ENC28_J60.o
LOAD Core/Src/main.o
LOAD Core/Src/stm32f4xx_hal_msp.o
LOAD Core/Src/stm32f4xx_hal_timebase_tim.o
LOAD Core/Src/stm32f4xx_it.o
LOAD Core/Src/syscalls.o
LOAD Core/Src/sysmem.o
LOAD Core/Src/system_stm32f4xx.o
LOAD Core/Startup/startup_stm32f407vgtx.o
LOAD Drivers/STM32F4xx_HAL_Driver/Src/stm32f4xx_hal.o
LOAD Drivers/STM32F4xx_HAL_Driver/Src/stm32f4xx_hal_adc.o
LOAD Drivers/STM32F4xx_HAL_Driver/Src/stm32f4xx_hal_adc_ex.o
LOAD Drivers/STM32F4xx_HAL_Driver/Src/stm32f4xx_hal_cortex.o
LOAD Drivers/STM32F4xx_HAL_Driver/Src/stm32f4xx_hal_dma.o
LOAD Drivers/STM32F4xx_HAL_Driver/Src/stm32f4xx_hal_dma_ex.o
LOAD Drivers/STM32F4xx_HAL_Driver/Src/stm32f4xx_hal_exti.o
LOAD Drivers/STM32F4xx_HAL_Driver/Src/stm32f4xx_hal_flash.o
LOAD Drivers/STM32F4xx_HAL_Driver/Src/stm32f4xx_hal_flash_ex.o
LOAD Drivers/STM32F4xx_HAL_Driver/Src/stm32f4xx_hal_flash_ramfunc.o
LOAD Drivers/STM32F4xx_HAL_Driver/Src/stm32f4xx_hal_gpio.o
LOAD Drivers/STM32F4xx_HAL_Driver/Src/stm32f4xx_hal_pwr.o
LOAD Drivers/STM32F4xx_HAL_Driver/Src/stm32f4xx_hal_pwr_ex.o
LOAD Drivers/STM32F4xx_HAL_Driver/Src/stm32f4xx_hal_rcc.o
LOAD Drivers/STM32F4xx_HAL_Driver/Src/stm32f4xx_hal_rcc_ex.o
LOAD Drivers/STM32F4xx_HAL_Driver/Src/stm32f4xx_hal_spi.o
LOAD Drivers/STM32F4xx_HAL_Driver/Src/stm32f4xx_hal_tim.o
LOAD Drivers/STM32F4xx_HAL_Driver/Src/stm32f4xx_hal_tim_ex.o
LOAD Drivers/STM32F4xx_HAL_Driver/Src/stm32f4xx_hal_uart.o
LOAD Drivers/STM32F4xx_HAL_Driver/Src/stm32f4xx_ll_adc.o
LOAD FreeRTOS/croutine.o
LOAD FreeRTOS/event_groups.o
LOAD FreeRTOS/list.o
LOAD FreeRTOS/queue.o
LOAD FreeRTOS/tasks.o
LOAD FreeRTOS/timers.o
LOAD FreeRTOS/portable/ARM_CM4F/port.o
LOAD FreeRTOS/portable/MemMang/heap_4.o
START GROUP
LOAD c:/st/stm32cubeide_1.6.1/stm32cubeide/plugins/com.st.stm32cube.ide.mcu.externaltools.gnu-tools-for-stm32.9-2020-q2-update.win32_1.5.0.202011040924/tools/bin/../lib/gcc/arm-none-eabi/9.3.1/../../../../arm-none-eabi/lib/thumb/v7e-m+fp/hard\libc_nano.a
LOAD c:/st/stm32cubeide_1.6.1/stm32cubeide/plugins/com.st.stm32cube.ide.mcu.externaltools.gnu-tools-for-stm32.9-2020-q2-update.win32_1.5.0.202011040924/tools/bin/../lib/gcc/arm-none-eabi/9.3.1/../../../../arm-none-eabi/lib/thumb/v7e-m+fp/hard\libm.a
END GROUP
START GROUP
LOAD c:/st/stm32cubeide_1.6.1/stm32cubeide/plugins/com.st.stm32cube.ide.mcu.externaltools.gnu-tools-for-stm32.9-2020-q2-update.win32_1.5.0.202011040924/tools/bin/../lib/gcc/arm-none-eabi/9.3.1/thumb/v7e-m+fp/hard\libgcc.a
LOAD c:/st/stm32cubeide_1.6.1/stm32cubeide/plugins/com.st.stm32cube.ide.mcu.externaltools.gnu-tools-for-stm32.9-2020-q2-update.win32_1.5.0.202011040924/tools/bin/../lib/gcc/arm-none-eabi/9.3.1/../../../../arm-none-eabi/lib/thumb/v7e-m+fp/hard\libc_nano.a
END GROUP
START GROUP
LOAD c:/st/stm32cubeide_1.6.1/stm32cubeide/plugins/com.st.stm32cube.ide.mcu.externaltools.gnu-tools-for-stm32.9-2020-q2-update.win32_1.5.0.202011040924/tools/bin/../lib/gcc/arm-none-eabi/9.3.1/thumb/v7e-m+fp/hard\libgcc.a
LOAD c:/st/stm32cubeide_1.6.1/stm32cubeide/plugins/com.st.stm32cube.ide.mcu.externaltools.gnu-tools-for-stm32.9-2020-q2-update.win32_1.5.0.202011040924/tools/bin/../lib/gcc/arm-none-eabi/9.3.1/../../../../arm-none-eabi/lib/thumb/v7e-m+fp/hard\libc_nano.a
LOAD c:/st/stm32cubeide_1.6.1/stm32cubeide/plugins/com.st.stm32cube.ide.mcu.externaltools.gnu-tools-for-stm32.9-2020-q2-update.win32_1.5.0.202011040924/tools/bin/../lib/gcc/arm-none-eabi/9.3.1/../../../../arm-none-eabi/lib/thumb/v7e-m+fp/hard\libnosys.a
END GROUP
START GROUP
LOAD c:/st/stm32cubeide_1.6.1/stm32cubeide/plugins/com.st.stm32cube.ide.mcu.externaltools.gnu-tools-for-stm32.9-2020-q2-update.win32_1.5.0.202011040924/tools/bin/../lib/gcc/arm-none-eabi/9.3.1/thumb/v7e-m+fp/hard\libgcc.a
LOAD c:/st/stm32cubeide_1.6.1/stm32cubeide/plugins/com.st.stm32cube.ide.mcu.externaltools.gnu-tools-for-stm32.9-2020-q2-update.win32_1.5.0.202011040924/tools/bin/../lib/gcc/arm-none-eabi/9.3.1/../../../../arm-none-eabi/lib/thumb/v7e-m+fp/hard\libc_nano.a
LOAD c:/st/stm32cubeide_1.6.1/stm32cubeide/plugins/com.st.stm32cube.ide.mcu.externaltools.gnu-tools-for-stm32.9-2020-q2-update.win32_1.5.0.202011040924/tools/bin/../lib/gcc/arm-none-eabi/9.3.1/../../../../arm-none-eabi/lib/thumb/v7e-m+fp/hard\libnosys.a
END GROUP
LOAD c:/st/stm32cubeide_1.6.1/stm32cubeide/plugins/com.st.stm32cube.ide.mcu.externaltools.gnu-tools-for-stm32.9-2020-q2-update.win32_1.5.0.202011040924/tools/bin/../lib/gcc/arm-none-eabi/9.3.1/thumb/v7e-m+fp/hard/crtend.o
LOAD c:/st/stm32cubeide_1.6.1/stm32cubeide/plugins/com.st.stm32cube.ide.mcu.externaltools.gnu-tools-for-stm32.9-2020-q2-update.win32_1.5.0.202011040924/tools/bin/../lib/gcc/arm-none-eabi/9.3.1/thumb/v7e-m+fp/hard/crtn.o
                0x0000000020020000                _estack = (ORIGIN (RAM) + LENGTH (RAM))
                0x0000000000000200                _Min_Heap_Size = 0x200
                0x0000000000000400                _Min_Stack_Size = 0x400

.isr_vector     0x0000000008000000      0x188
                0x0000000008000000                . = ALIGN (0x4)
 *(.isr_vector)
 .isr_vector    0x0000000008000000      0x188 Core/Startup/startup_stm32f407vgtx.o
                0x0000000008000000                g_pfnVectors
                0x0000000008000188                . = ALIGN (0x4)

.text           0x0000000008000190     0x4a6c
                0x0000000008000190                . = ALIGN (0x4)
 *(.text)
 .text          0x0000000008000190       0x40 c:/st/stm32cubeide_1.6.1/stm32cubeide/plugins/com.st.stm32cube.ide.mcu.externaltools.gnu-tools-for-stm32.9-2020-q2-update.win32_1.5.0.202011040924/tools/bin/../lib/gcc/arm-none-eabi/9.3.1/thumb/v7e-m+fp/hard/crtbegin.o
 .text          0x00000000080001d0       0x30 c:/st/stm32cubeide_1.6.1/stm32cubeide/plugins/com.st.stm32cube.ide.mcu.externaltools.gnu-tools-for-stm32.9-2020-q2-update.win32_1.5.0.202011040924/tools/bin/../lib/gcc/arm-none-eabi/9.3.1/thumb/v7e-m+fp/hard\libgcc.a(_aeabi_uldivmod.o)
                0x00000000080001d0                __aeabi_uldivmod
 .text          0x0000000008000200      0x2c4 c:/st/stm32cubeide_1.6.1/stm32cubeide/plugins/com.st.stm32cube.ide.mcu.externaltools.gnu-tools-for-stm32.9-2020-q2-update.win32_1.5.0.202011040924/tools/bin/../lib/gcc/arm-none-eabi/9.3.1/thumb/v7e-m+fp/hard\libgcc.a(_udivmoddi4.o)
                0x0000000008000200                __udivmoddi4
 .text          0x00000000080004c4        0x4 c:/st/stm32cubeide_1.6.1/stm32cubeide/plugins/com.st.stm32cube.ide.mcu.externaltools.gnu-tools-for-stm32.9-2020-q2-update.win32_1.5.0.202011040924/tools/bin/../lib/gcc/arm-none-eabi/9.3.1/thumb/v7e-m+fp/hard\libgcc.a(_dvmd_tls.o)
                0x00000000080004c4                __aeabi_idiv0
                0x00000000080004c4                __aeabi_ldiv0
 *(.text*)
 .text.ENC28_readOp
                0x00000000080004c8       0x84 Core/Src/STM_ENC28_J60.o
                0x00000000080004c8                ENC28_readOp
 .text.ENC28_writeOp
                0x000000000800054c       0x60 Core/Src/STM_ENC28_J60.o
                0x000000000800054c                ENC28_writeOp
 .text.ENC28_readReg8
                0x00000000080005ac       0x26 Core/Src/STM_ENC28_J60.o
                0x00000000080005ac                ENC28_readReg8
 .text.ENC28_writeReg8
                0x00000000080005d2       0x2c Core/Src/STM_ENC28_J60.o
                0x00000000080005d2                ENC28_writeReg8
 .text.ENC28_readReg16
                0x00000000080005fe       0x36 Core/Src/STM_ENC28_J60.o
                0x00000000080005fe                ENC28_readReg16
 .text.ENC28_writeReg16
                0x0000000008000634       0x3c Core/Src/STM_ENC28_J60.o
                0x0000000008000634                ENC28_writeReg16
 .text.ENC28_setBank
                0x0000000008000670       0x4c Core/Src/STM_ENC28_J60.o
                0x0000000008000670                ENC28_setBank
 .text.ENC28_writePhy
                0x00000000080006bc       0x42 Core/Src/STM_ENC28_J60.o
                0x00000000080006bc                ENC28_writePhy
 *fill*         0x00000000080006fe        0x2 
 .text.ENC28_Init
                0x0000000008000700      0x19c Core/Src/STM_ENC28_J60.o
                0x0000000008000700                ENC28_Init
 .text.ENC28_packetSend
                0x000000000800089c       0xbe Core/Src/STM_ENC28_J60.o
                0x000000000800089c                ENC28_packetSend
 *fill*         0x000000000800095a        0x2 
 .text.ENC28_writeBuf
                0x000000000800095c       0x50 Core/Src/STM_ENC28_J60.o
                0x000000000800095c                ENC28_writeBuf
 .text.main     0x00000000080009ac       0x3c Core/Src/main.o
                0x00000000080009ac                main
 .text.SystemClock_Config
                0x00000000080009e8       0xd0 Core/Src/main.o
                0x00000000080009e8                SystemClock_Config
 .text.MX_ADC1_Init
                0x0000000008000ab8       0xa4 Core/Src/main.o
 .text.MX_SPI1_Init
                0x0000000008000b5c       0x6c Core/Src/main.o
 .text.MX_TIM2_Init
                0x0000000008000bc8       0xec Core/Src/main.o
 .text.MX_USART3_UART_Init
                0x0000000008000cb4       0x54 Core/Src/main.o
 .text.MX_GPIO_Init
                0x0000000008000d08       0xd8 Core/Src/main.o
 .text.HAL_ADC_ConvCpltCallback
                0x0000000008000de0       0x54 Core/Src/main.o
                0x0000000008000de0                HAL_ADC_ConvCpltCallback
 .text.HAL_TIM_PeriodElapsedCallback
                0x0000000008000e34       0x24 Core/Src/main.o
                0x0000000008000e34                HAL_TIM_PeriodElapsedCallback
 .text.Error_Handler
                0x0000000008000e58        0xa Core/Src/main.o
                0x0000000008000e58                Error_Handler
 *fill*         0x0000000008000e62        0x2 
 .text.HAL_MspInit
                0x0000000008000e64       0x50 Core/Src/stm32f4xx_hal_msp.o
                0x0000000008000e64                HAL_MspInit
 .text.HAL_ADC_MspInit
                0x0000000008000eb4       0x98 Core/Src/stm32f4xx_hal_msp.o
                0x0000000008000eb4                HAL_ADC_MspInit
 .text.HAL_SPI_MspInit
                0x0000000008000f4c       0x90 Core/Src/stm32f4xx_hal_msp.o
                0x0000000008000f4c                HAL_SPI_MspInit
 .text.HAL_TIM_Base_MspInit
                0x0000000008000fdc       0x4c Core/Src/stm32f4xx_hal_msp.o
                0x0000000008000fdc                HAL_TIM_Base_MspInit
 .text.HAL_TIM_MspPostInit
                0x0000000008001028       0x70 Core/Src/stm32f4xx_hal_msp.o
                0x0000000008001028                HAL_TIM_MspPostInit
 .text.HAL_UART_MspInit
                0x0000000008001098       0x90 Core/Src/stm32f4xx_hal_msp.o
                0x0000000008001098                HAL_UART_MspInit
 .text.HAL_InitTick
                0x0000000008001128       0xb4 Core/Src/stm32f4xx_hal_timebase_tim.o
                0x0000000008001128                HAL_InitTick
 .text.NMI_Handler
                0x00000000080011dc        0x6 Core/Src/stm32f4xx_it.o
                0x00000000080011dc                NMI_Handler
 .text.HardFault_Handler
                0x00000000080011e2        0x6 Core/Src/stm32f4xx_it.o
                0x00000000080011e2                HardFault_Handler
 .text.MemManage_Handler
                0x00000000080011e8        0x6 Core/Src/stm32f4xx_it.o
                0x00000000080011e8                MemManage_Handler
 .text.BusFault_Handler
                0x00000000080011ee        0x6 Core/Src/stm32f4xx_it.o
                0x00000000080011ee                BusFault_Handler
 .text.UsageFault_Handler
                0x00000000080011f4        0x6 Core/Src/stm32f4xx_it.o
                0x00000000080011f4                UsageFault_Handler
 .text.DebugMon_Handler
                0x00000000080011fa        0xe Core/Src/stm32f4xx_it.o
                0x00000000080011fa                DebugMon_Handler
 .text.ADC_IRQHandler
                0x0000000008001208       0x14 Core/Src/stm32f4xx_it.o
                0x0000000008001208                ADC_IRQHandler
 .text.TIM2_IRQHandler
                0x000000000800121c       0x14 Core/Src/stm32f4xx_it.o
                0x000000000800121c                TIM2_IRQHandler
 .text.TIM6_DAC_IRQHandler
                0x0000000008001230       0x14 Core/Src/stm32f4xx_it.o
                0x0000000008001230                TIM6_DAC_IRQHandler
 .text.SystemInit
                0x0000000008001244       0x24 Core/Src/system_stm32f4xx.o
                0x0000000008001244                SystemInit
 .text.Reset_Handler
                0x0000000008001268       0x50 Core/Startup/startup_stm32f407vgtx.o
                0x0000000008001268                Reset_Handler
 .text.Default_Handler
                0x00000000080012b8        0x2 Core/Startup/startup_stm32f407vgtx.o
                0x00000000080012b8                RTC_Alarm_IRQHandler
                0x00000000080012b8                HASH_RNG_IRQHandler
                0x00000000080012b8                EXTI2_IRQHandler
                0x00000000080012b8                TIM8_CC_IRQHandler
                0x00000000080012b8                TIM1_CC_IRQHandler
                0x00000000080012b8                DMA2_Stream5_IRQHandler
                0x00000000080012b8                DMA1_Stream5_IRQHandler
                0x00000000080012b8                PVD_IRQHandler
                0x00000000080012b8                SDIO_IRQHandler
                0x00000000080012b8                TAMP_STAMP_IRQHandler
                0x00000000080012b8                CAN2_RX1_IRQHandler
                0x00000000080012b8                EXTI3_IRQHandler
                0x00000000080012b8                TIM8_TRG_COM_TIM14_IRQHandler
                0x00000000080012b8                TIM1_UP_TIM10_IRQHandler
                0x00000000080012b8                TIM8_UP_TIM13_IRQHandler
                0x00000000080012b8                I2C3_ER_IRQHandler
                0x00000000080012b8                EXTI0_IRQHandler
                0x00000000080012b8                I2C2_EV_IRQHandler
                0x00000000080012b8                DMA1_Stream2_IRQHandler
                0x00000000080012b8                CAN1_RX0_IRQHandler
                0x00000000080012b8                FPU_IRQHandler
                0x00000000080012b8                OTG_HS_WKUP_IRQHandler
                0x00000000080012b8                CAN2_SCE_IRQHandler
                0x00000000080012b8                DMA2_Stream2_IRQHandler
                0x00000000080012b8                SPI1_IRQHandler
                0x00000000080012b8                TIM1_BRK_TIM9_IRQHandler
                0x00000000080012b8                DCMI_IRQHandler
                0x00000000080012b8                CAN2_RX0_IRQHandler
                0x00000000080012b8                DMA2_Stream3_IRQHandler
                0x00000000080012b8                USART6_IRQHandler
                0x00000000080012b8                USART3_IRQHandler
                0x00000000080012b8                CAN1_RX1_IRQHandler
                0x00000000080012b8                UART5_IRQHandler
                0x00000000080012b8                DMA2_Stream0_IRQHandler
                0x00000000080012b8                TIM4_IRQHandler
                0x00000000080012b8                I2C1_EV_IRQHandler
                0x00000000080012b8                DMA1_Stream6_IRQHandler
                0x00000000080012b8                DMA1_Stream1_IRQHandler
                0x00000000080012b8                UART4_IRQHandler
                0x00000000080012b8                TIM3_IRQHandler
                0x00000000080012b8                RCC_IRQHandler
                0x00000000080012b8                TIM8_BRK_TIM12_IRQHandler
                0x00000000080012b8                Default_Handler
                0x00000000080012b8                EXTI15_10_IRQHandler
                0x00000000080012b8                DMA1_Stream7_IRQHandler
                0x00000000080012b8                TIM7_IRQHandler
                0x00000000080012b8                CAN2_TX_IRQHandler
                0x00000000080012b8                TIM5_IRQHandler
                0x00000000080012b8                DMA2_Stream7_IRQHandler
                0x00000000080012b8                I2C3_EV_IRQHandler
                0x00000000080012b8                EXTI9_5_IRQHandler
                0x00000000080012b8                RTC_WKUP_IRQHandler
                0x00000000080012b8                ETH_WKUP_IRQHandler
                0x00000000080012b8                SPI2_IRQHandler
                0x00000000080012b8                OTG_HS_EP1_IN_IRQHandler
                0x00000000080012b8                DMA1_Stream0_IRQHandler
                0x00000000080012b8                CAN1_TX_IRQHandler
                0x00000000080012b8                EXTI4_IRQHandler
                0x00000000080012b8                FSMC_IRQHandler
                0x00000000080012b8                ETH_IRQHandler
                0x00000000080012b8                OTG_HS_EP1_OUT_IRQHandler
                0x00000000080012b8                WWDG_IRQHandler
                0x00000000080012b8                OTG_FS_WKUP_IRQHandler
                0x00000000080012b8                TIM1_TRG_COM_TIM11_IRQHandler
                0x00000000080012b8                OTG_HS_IRQHandler
                0x00000000080012b8                EXTI1_IRQHandler
                0x00000000080012b8                USART2_IRQHandler
                0x00000000080012b8                I2C2_ER_IRQHandler
                0x00000000080012b8                DMA2_Stream1_IRQHandler
                0x00000000080012b8                CAN1_SCE_IRQHandler
                0x00000000080012b8                FLASH_IRQHandler
                0x00000000080012b8                DMA2_Stream4_IRQHandler
                0x00000000080012b8                USART1_IRQHandler
                0x00000000080012b8                OTG_FS_IRQHandler
                0x00000000080012b8                SPI3_IRQHandler
                0x00000000080012b8                DMA1_Stream4_IRQHandler
                0x00000000080012b8                I2C1_ER_IRQHandler
                0x00000000080012b8                DMA2_Stream6_IRQHandler
                0x00000000080012b8                DMA1_Stream3_IRQHandler
 *fill*         0x00000000080012ba        0x2 
 .text.HAL_Init
                0x00000000080012bc       0x44 Drivers/STM32F4xx_HAL_Driver/Src/stm32f4xx_hal.o
                0x00000000080012bc                HAL_Init
 .text.HAL_IncTick
                0x0000000008001300       0x28 Drivers/STM32F4xx_HAL_Driver/Src/stm32f4xx_hal.o
                0x0000000008001300                HAL_IncTick
 .text.HAL_GetTick
                0x0000000008001328       0x18 Drivers/STM32F4xx_HAL_Driver/Src/stm32f4xx_hal.o
                0x0000000008001328                HAL_GetTick
 .text.HAL_Delay
                0x0000000008001340       0x48 Drivers/STM32F4xx_HAL_Driver/Src/stm32f4xx_hal.o
                0x0000000008001340                HAL_Delay
 .text.HAL_ADC_Init
                0x0000000008001388       0x86 Drivers/STM32F4xx_HAL_Driver/Src/stm32f4xx_hal_adc.o
                0x0000000008001388                HAL_ADC_Init
 .text.HAL_ADC_IRQHandler
                0x000000000800140e      0x282 Drivers/STM32F4xx_HAL_Driver/Src/stm32f4xx_hal_adc.o
                0x000000000800140e                HAL_ADC_IRQHandler
 .text.HAL_ADC_GetValue
                0x0000000008001690       0x1a Drivers/STM32F4xx_HAL_Driver/Src/stm32f4xx_hal_adc.o
                0x0000000008001690                HAL_ADC_GetValue
 .text.HAL_ADC_LevelOutOfWindowCallback
                0x00000000080016aa       0x14 Drivers/STM32F4xx_HAL_Driver/Src/stm32f4xx_hal_adc.o
                0x00000000080016aa                HAL_ADC_LevelOutOfWindowCallback
 .text.HAL_ADC_ErrorCallback
                0x00000000080016be       0x14 Drivers/STM32F4xx_HAL_Driver/Src/stm32f4xx_hal_adc.o
                0x00000000080016be                HAL_ADC_ErrorCallback
 *fill*         0x00000000080016d2        0x2 
 .text.HAL_ADC_ConfigChannel
                0x00000000080016d4      0x244 Drivers/STM32F4xx_HAL_Driver/Src/stm32f4xx_hal_adc.o
                0x00000000080016d4                HAL_ADC_ConfigChannel
 .text.ADC_Init
                0x0000000008001918      0x1f8 Drivers/STM32F4xx_HAL_Driver/Src/stm32f4xx_hal_adc.o
 .text.HAL_ADCEx_InjectedConvCpltCallback
                0x0000000008001b10       0x14 Drivers/STM32F4xx_HAL_Driver/Src/stm32f4xx_hal_adc_ex.o
                0x0000000008001b10                HAL_ADCEx_InjectedConvCpltCallback
 .text.__NVIC_SetPriorityGrouping
                0x0000000008001b24       0x48 Drivers/STM32F4xx_HAL_Driver/Src/stm32f4xx_hal_cortex.o
 .text.__NVIC_GetPriorityGrouping
                0x0000000008001b6c       0x1c Drivers/STM32F4xx_HAL_Driver/Src/stm32f4xx_hal_cortex.o
 .text.__NVIC_EnableIRQ
                0x0000000008001b88       0x3c Drivers/STM32F4xx_HAL_Driver/Src/stm32f4xx_hal_cortex.o
 .text.__NVIC_SetPriority
                0x0000000008001bc4       0x54 Drivers/STM32F4xx_HAL_Driver/Src/stm32f4xx_hal_cortex.o
 .text.NVIC_EncodePriority
                0x0000000008001c18       0x66 Drivers/STM32F4xx_HAL_Driver/Src/stm32f4xx_hal_cortex.o
 .text.HAL_NVIC_SetPriorityGrouping
                0x0000000008001c7e       0x16 Drivers/STM32F4xx_HAL_Driver/Src/stm32f4xx_hal_cortex.o
                0x0000000008001c7e                HAL_NVIC_SetPriorityGrouping
 .text.HAL_NVIC_SetPriority
                0x0000000008001c94       0x38 Drivers/STM32F4xx_HAL_Driver/Src/stm32f4xx_hal_cortex.o
                0x0000000008001c94                HAL_NVIC_SetPriority
 .text.HAL_NVIC_EnableIRQ
                0x0000000008001ccc       0x1c Drivers/STM32F4xx_HAL_Driver/Src/stm32f4xx_hal_cortex.o
                0x0000000008001ccc                HAL_NVIC_EnableIRQ
 .text.HAL_GPIO_Init
                0x0000000008001ce8      0x338 Drivers/STM32F4xx_HAL_Driver/Src/stm32f4xx_hal_gpio.o
                0x0000000008001ce8                HAL_GPIO_Init
 .text.HAL_GPIO_WritePin
                0x0000000008002020       0x32 Drivers/STM32F4xx_HAL_Driver/Src/stm32f4xx_hal_gpio.o
                0x0000000008002020                HAL_GPIO_WritePin
 *fill*         0x0000000008002052        0x2 
 .text.HAL_RCC_OscConfig
                0x0000000008002054      0x4f0 Drivers/STM32F4xx_HAL_Driver/Src/stm32f4xx_hal_rcc.o
                0x0000000008002054                HAL_RCC_OscConfig
 .text.HAL_RCC_ClockConfig
                0x0000000008002544      0x1cc Drivers/STM32F4xx_HAL_Driver/Src/stm32f4xx_hal_rcc.o
                0x0000000008002544                HAL_RCC_ClockConfig
 .text.HAL_RCC_GetSysClockFreq
                0x0000000008002710      0x1c4 Drivers/STM32F4xx_HAL_Driver/Src/stm32f4xx_hal_rcc.o
                0x0000000008002710                HAL_RCC_GetSysClockFreq
 .text.HAL_RCC_GetHCLKFreq
                0x00000000080028d4       0x18 Drivers/STM32F4xx_HAL_Driver/Src/stm32f4xx_hal_rcc.o
                0x00000000080028d4                HAL_RCC_GetHCLKFreq
 .text.HAL_RCC_GetPCLK1Freq
                0x00000000080028ec       0x28 Drivers/STM32F4xx_HAL_Driver/Src/stm32f4xx_hal_rcc.o
                0x00000000080028ec                HAL_RCC_GetPCLK1Freq
 .text.HAL_RCC_GetPCLK2Freq
                0x0000000008002914       0x28 Drivers/STM32F4xx_HAL_Driver/Src/stm32f4xx_hal_rcc.o
                0x0000000008002914                HAL_RCC_GetPCLK2Freq
 .text.HAL_RCC_GetClockConfig
                0x000000000800293c       0x64 Drivers/STM32F4xx_HAL_Driver/Src/stm32f4xx_hal_rcc.o
                0x000000000800293c                HAL_RCC_GetClockConfig
 .text.HAL_SPI_Init
                0x00000000080029a0      0x112 Drivers/STM32F4xx_HAL_Driver/Src/stm32f4xx_hal_spi.o
                0x00000000080029a0                HAL_SPI_Init
 .text.HAL_SPI_Transmit
                0x0000000008002ab2      0x278 Drivers/STM32F4xx_HAL_Driver/Src/stm32f4xx_hal_spi.o
                0x0000000008002ab2                HAL_SPI_Transmit
 .text.HAL_SPI_Receive
                0x0000000008002d2a      0x222 Drivers/STM32F4xx_HAL_Driver/Src/stm32f4xx_hal_spi.o
                0x0000000008002d2a                HAL_SPI_Receive
 .text.HAL_SPI_TransmitReceive
                0x0000000008002f4c      0x344 Drivers/STM32F4xx_HAL_Driver/Src/stm32f4xx_hal_spi.o
                0x0000000008002f4c                HAL_SPI_TransmitReceive
 .text.SPI_WaitFlagStateUntilTimeout
                0x0000000008003290      0x110 Drivers/STM32F4xx_HAL_Driver/Src/stm32f4xx_hal_spi.o
 .text.SPI_EndRxTransaction
                0x00000000080033a0       0xca Drivers/STM32F4xx_HAL_Driver/Src/stm32f4xx_hal_spi.o
 *fill*         0x000000000800346a        0x2 
 .text.SPI_EndRxTxTransaction
                0x000000000800346c       0x84 Drivers/STM32F4xx_HAL_Driver/Src/stm32f4xx_hal_spi.o
 .text.HAL_TIM_Base_Init
                0x00000000080034f0       0x9e Drivers/STM32F4xx_HAL_Driver/Src/stm32f4xx_hal_tim.o
                0x00000000080034f0                HAL_TIM_Base_Init
 *fill*         0x000000000800358e        0x2 
 .text.HAL_TIM_Base_Start_IT
                0x0000000008003590       0xe0 Drivers/STM32F4xx_HAL_Driver/Src/stm32f4xx_hal_tim.o
                0x0000000008003590                HAL_TIM_Base_Start_IT
 .text.HAL_TIM_PWM_Init
                0x0000000008003670       0x9e Drivers/STM32F4xx_HAL_Driver/Src/stm32f4xx_hal_tim.o
                0x0000000008003670                HAL_TIM_PWM_Init
 .text.HAL_TIM_PWM_MspInit
                0x000000000800370e       0x14 Drivers/STM32F4xx_HAL_Driver/Src/stm32f4xx_hal_tim.o
                0x000000000800370e                HAL_TIM_PWM_MspInit
 .text.HAL_TIM_IRQHandler
                0x0000000008003722      0x210 Drivers/STM32F4xx_HAL_Driver/Src/stm32f4xx_hal_tim.o
                0x0000000008003722                HAL_TIM_IRQHandler
 *fill*         0x0000000008003932        0x2 
 .text.HAL_TIM_PWM_ConfigChannel
                0x0000000008003934      0x17c Drivers/STM32F4xx_HAL_Driver/Src/stm32f4xx_hal_tim.o
                0x0000000008003934                HAL_TIM_PWM_ConfigChannel
 .text.HAL_TIM_ConfigClockSource
                0x0000000008003ab0      0x188 Drivers/STM32F4xx_HAL_Driver/Src/stm32f4xx_hal_tim.o
                0x0000000008003ab0                HAL_TIM_ConfigClockSource
 .text.HAL_TIM_OC_DelayElapsedCallback
                0x0000000008003c38       0x14 Drivers/STM32F4xx_HAL_Driver/Src/stm32f4xx_hal_tim.o
                0x0000000008003c38                HAL_TIM_OC_DelayElapsedCallback
 .text.HAL_TIM_IC_CaptureCallback
                0x0000000008003c4c       0x14 Drivers/STM32F4xx_HAL_Driver/Src/stm32f4xx_hal_tim.o
                0x0000000008003c4c                HAL_TIM_IC_CaptureCallback
 .text.HAL_TIM_PWM_PulseFinishedCallback
                0x0000000008003c60       0x14 Drivers/STM32F4xx_HAL_Driver/Src/stm32f4xx_hal_tim.o
                0x0000000008003c60                HAL_TIM_PWM_PulseFinishedCallback
 .text.HAL_TIM_TriggerCallback
                0x0000000008003c74       0x14 Drivers/STM32F4xx_HAL_Driver/Src/stm32f4xx_hal_tim.o
                0x0000000008003c74                HAL_TIM_TriggerCallback
 .text.TIM_Base_SetConfig
                0x0000000008003c88      0x140 Drivers/STM32F4xx_HAL_Driver/Src/stm32f4xx_hal_tim.o
                0x0000000008003c88                TIM_Base_SetConfig
 .text.TIM_OC1_SetConfig
                0x0000000008003dc8       0xe0 Drivers/STM32F4xx_HAL_Driver/Src/stm32f4xx_hal_tim.o
 .text.TIM_OC2_SetConfig
                0x0000000008003ea8       0xec Drivers/STM32F4xx_HAL_Driver/Src/stm32f4xx_hal_tim.o
                0x0000000008003ea8                TIM_OC2_SetConfig
 .text.TIM_OC3_SetConfig
                0x0000000008003f94       0xe8 Drivers/STM32F4xx_HAL_Driver/Src/stm32f4xx_hal_tim.o
 .text.TIM_OC4_SetConfig
                0x000000000800407c       0xac Drivers/STM32F4xx_HAL_Driver/Src/stm32f4xx_hal_tim.o
 .text.TIM_TI1_ConfigInputStage
                0x0000000008004128       0x5e Drivers/STM32F4xx_HAL_Driver/Src/stm32f4xx_hal_tim.o
 .text.TIM_TI2_ConfigInputStage
                0x0000000008004186       0x60 Drivers/STM32F4xx_HAL_Driver/Src/stm32f4xx_hal_tim.o
 .text.TIM_ITRx_SetConfig
                0x00000000080041e6       0x36 Drivers/STM32F4xx_HAL_Driver/Src/stm32f4xx_hal_tim.o
 .text.TIM_ETR_SetConfig
                0x000000000800421c       0x40 Drivers/STM32F4xx_HAL_Driver/Src/stm32f4xx_hal_tim.o
                0x000000000800421c                TIM_ETR_SetConfig
 .text.HAL_TIMEx_MasterConfigSynchronization
                0x000000000800425c       0xf8 Drivers/STM32F4xx_HAL_Driver/Src/stm32f4xx_hal_tim_ex.o
                0x000000000800425c                HAL_TIMEx_MasterConfigSynchronization
 .text.HAL_TIMEx_CommutCallback
                0x0000000008004354       0x14 Drivers/STM32F4xx_HAL_Driver/Src/stm32f4xx_hal_tim_ex.o
                0x0000000008004354                HAL_TIMEx_CommutCallback
 .text.HAL_TIMEx_BreakCallback
                0x0000000008004368       0x14 Drivers/STM32F4xx_HAL_Driver/Src/stm32f4xx_hal_tim_ex.o
                0x0000000008004368                HAL_TIMEx_BreakCallback
 .text.HAL_UART_Init
                0x000000000800437c       0x9a Drivers/STM32F4xx_HAL_Driver/Src/stm32f4xx_hal_uart.o
                0x000000000800437c                HAL_UART_Init
 *fill*         0x0000000008004416        0x2 
 .text.UART_SetConfig
                0x0000000008004418      0x390 Drivers/STM32F4xx_HAL_Driver/Src/stm32f4xx_hal_uart.o
 .text.vListInsertEnd
                0x00000000080047a8       0x48 FreeRTOS/list.o
                0x00000000080047a8                vListInsertEnd
 .text.uxListRemove
                0x00000000080047f0       0x54 FreeRTOS/list.o
                0x00000000080047f0                uxListRemove
 .text.xTaskIncrementTick
                0x0000000008004844      0x170 FreeRTOS/tasks.o
                0x0000000008004844                xTaskIncrementTick
 .text.vTaskSwitchContext
                0x00000000080049b4       0xb8 FreeRTOS/tasks.o
                0x00000000080049b4                vTaskSwitchContext
 .text.prvResetNextTaskUnblockTime
                0x0000000008004a6c       0x38 FreeRTOS/tasks.o
 *fill*         0x0000000008004aa4        0xc 
 .text.SVC_Handler
                0x0000000008004ab0       0x28 FreeRTOS/portable/ARM_CM4F/port.o
                0x0000000008004ab0                SVC_Handler
 *fill*         0x0000000008004ad8        0x8 
 .text.PendSV_Handler
                0x0000000008004ae0       0x68 FreeRTOS/portable/ARM_CM4F/port.o
                0x0000000008004ae0                PendSV_Handler
 .text.SysTick_Handler
                0x0000000008004b48       0x44 FreeRTOS/portable/ARM_CM4F/port.o
                0x0000000008004b48                SysTick_Handler
 .text.__libc_init_array
                0x0000000008004b8c       0x48 c:/st/stm32cubeide_1.6.1/stm32cubeide/plugins/com.st.stm32cube.ide.mcu.externaltools.gnu-tools-for-stm32.9-2020-q2-update.win32_1.5.0.202011040924/tools/bin/../lib/gcc/arm-none-eabi/9.3.1/../../../../arm-none-eabi/lib/thumb/v7e-m+fp/hard\libc_nano.a(lib_a-init.o)
                0x0000000008004b8c                __libc_init_array
 .text.memset   0x0000000008004bd4       0x10 c:/st/stm32cubeide_1.6.1/stm32cubeide/plugins/com.st.stm32cube.ide.mcu.externaltools.gnu-tools-for-stm32.9-2020-q2-update.win32_1.5.0.202011040924/tools/bin/../lib/gcc/arm-none-eabi/9.3.1/../../../../arm-none-eabi/lib/thumb/v7e-m+fp/hard\libc_nano.a(lib_a-memset.o)
                0x0000000008004bd4                memset
 *(.glue_7)
 .glue_7        0x0000000008004be4        0x0 linker stubs
 *(.glue_7t)
 .glue_7t       0x0000000008004be4        0x0 linker stubs
 *(.eh_frame)
 .eh_frame      0x0000000008004be4        0x0 c:/st/stm32cubeide_1.6.1/stm32cubeide/plugins/com.st.stm32cube.ide.mcu.externaltools.gnu-tools-for-stm32.9-2020-q2-update.win32_1.5.0.202011040924/tools/bin/../lib/gcc/arm-none-eabi/9.3.1/thumb/v7e-m+fp/hard/crtbegin.o
 *(.init)
 .init          0x0000000008004be4        0x4 c:/st/stm32cubeide_1.6.1/stm32cubeide/plugins/com.st.stm32cube.ide.mcu.externaltools.gnu-tools-for-stm32.9-2020-q2-update.win32_1.5.0.202011040924/tools/bin/../lib/gcc/arm-none-eabi/9.3.1/thumb/v7e-m+fp/hard/crti.o
                0x0000000008004be4                _init
 .init          0x0000000008004be8        0x8 c:/st/stm32cubeide_1.6.1/stm32cubeide/plugins/com.st.stm32cube.ide.mcu.externaltools.gnu-tools-for-stm32.9-2020-q2-update.win32_1.5.0.202011040924/tools/bin/../lib/gcc/arm-none-eabi/9.3.1/thumb/v7e-m+fp/hard/crtn.o
 *(.fini)
 .fini          0x0000000008004bf0        0x4 c:/st/stm32cubeide_1.6.1/stm32cubeide/plugins/com.st.stm32cube.ide.mcu.externaltools.gnu-tools-for-stm32.9-2020-q2-update.win32_1.5.0.202011040924/tools/bin/../lib/gcc/arm-none-eabi/9.3.1/thumb/v7e-m+fp/hard/crti.o
                0x0000000008004bf0                _fini
 .fini          0x0000000008004bf4        0x8 c:/st/stm32cubeide_1.6.1/stm32cubeide/plugins/com.st.stm32cube.ide.mcu.externaltools.gnu-tools-for-stm32.9-2020-q2-update.win32_1.5.0.202011040924/tools/bin/../lib/gcc/arm-none-eabi/9.3.1/thumb/v7e-m+fp/hard/crtn.o
                0x0000000008004bfc                . = ALIGN (0x4)
                0x0000000008004bfc                _etext = .

.vfp11_veneer   0x0000000008004bfc        0x0
 .vfp11_veneer  0x0000000008004bfc        0x0 linker stubs

.v4_bx          0x0000000008004bfc        0x0
 .v4_bx         0x0000000008004bfc        0x0 linker stubs

.iplt           0x0000000008004bfc        0x0
 .iplt          0x0000000008004bfc        0x0 c:/st/stm32cubeide_1.6.1/stm32cubeide/plugins/com.st.stm32cube.ide.mcu.externaltools.gnu-tools-for-stm32.9-2020-q2-update.win32_1.5.0.202011040924/tools/bin/../lib/gcc/arm-none-eabi/9.3.1/thumb/v7e-m+fp/hard/crtbegin.o

.rodata         0x0000000008004bfc       0x18
                0x0000000008004bfc                . = ALIGN (0x4)
 *(.rodata)
 *(.rodata*)
 .rodata.AHBPrescTable
                0x0000000008004bfc       0x10 Core/Src/system_stm32f4xx.o
                0x0000000008004bfc                AHBPrescTable
 .rodata.APBPrescTable
                0x0000000008004c0c        0x8 Core/Src/system_stm32f4xx.o
                0x0000000008004c0c                APBPrescTable
                0x0000000008004c14                . = ALIGN (0x4)

.ARM.extab      0x0000000008004c14        0x0
                0x0000000008004c14                . = ALIGN (0x4)
 *(.ARM.extab* .gnu.linkonce.armextab.*)
                0x0000000008004c14                . = ALIGN (0x4)

.ARM            0x0000000008004c14        0x8
                0x0000000008004c14                . = ALIGN (0x4)
                0x0000000008004c14                __exidx_start = .
 *(.ARM.exidx*)
 .ARM.exidx     0x0000000008004c14        0x8 c:/st/stm32cubeide_1.6.1/stm32cubeide/plugins/com.st.stm32cube.ide.mcu.externaltools.gnu-tools-for-stm32.9-2020-q2-update.win32_1.5.0.202011040924/tools/bin/../lib/gcc/arm-none-eabi/9.3.1/thumb/v7e-m+fp/hard\libgcc.a(_udivmoddi4.o)
                0x0000000008004c1c                __exidx_end = .
                0x0000000008004c1c                . = ALIGN (0x4)

.rel.dyn        0x0000000008004c1c        0x0
 .rel.iplt      0x0000000008004c1c        0x0 c:/st/stm32cubeide_1.6.1/stm32cubeide/plugins/com.st.stm32cube.ide.mcu.externaltools.gnu-tools-for-stm32.9-2020-q2-update.win32_1.5.0.202011040924/tools/bin/../lib/gcc/arm-none-eabi/9.3.1/thumb/v7e-m+fp/hard/crtbegin.o

.preinit_array  0x0000000008004c1c        0x0
                0x0000000008004c1c                . = ALIGN (0x4)
                0x0000000008004c1c                PROVIDE (__preinit_array_start = .)
 *(.preinit_array*)
                0x0000000008004c1c                PROVIDE (__preinit_array_end = .)
                0x0000000008004c1c                . = ALIGN (0x4)

.init_array     0x0000000008004c1c        0x4
                0x0000000008004c1c                . = ALIGN (0x4)
                0x0000000008004c1c                PROVIDE (__init_array_start = .)
 *(SORT_BY_NAME(.init_array.*))
 *(.init_array*)
 .init_array    0x0000000008004c1c        0x4 c:/st/stm32cubeide_1.6.1/stm32cubeide/plugins/com.st.stm32cube.ide.mcu.externaltools.gnu-tools-for-stm32.9-2020-q2-update.win32_1.5.0.202011040924/tools/bin/../lib/gcc/arm-none-eabi/9.3.1/thumb/v7e-m+fp/hard/crtbegin.o
                0x0000000008004c20                PROVIDE (__init_array_end = .)
                0x0000000008004c20                . = ALIGN (0x4)

.fini_array     0x0000000008004c20        0x4
                0x0000000008004c20                . = ALIGN (0x4)
                [!provide]                        PROVIDE (__fini_array_start = .)
 *(SORT_BY_NAME(.fini_array.*))
 *(.fini_array*)
 .fini_array    0x0000000008004c20        0x4 c:/st/stm32cubeide_1.6.1/stm32cubeide/plugins/com.st.stm32cube.ide.mcu.externaltools.gnu-tools-for-stm32.9-2020-q2-update.win32_1.5.0.202011040924/tools/bin/../lib/gcc/arm-none-eabi/9.3.1/thumb/v7e-m+fp/hard/crtbegin.o
                [!provide]                        PROVIDE (__fini_array_end = .)
                0x0000000008004c24                . = ALIGN (0x4)
                0x0000000008004c24                _sidata = LOADADDR (.data)

.data           0x0000000020000000       0x38 load address 0x0000000008004c24
                0x0000000020000000                . = ALIGN (0x4)
                0x0000000020000000                _sdata = .
 *(.data)
 *(.data*)
 .data.ARP_req  0x0000000020000000       0x2a Core/Src/main.o
                0x0000000020000000                ARP_req
 *fill*         0x000000002000002a        0x2 
 .data.SystemCoreClock
                0x000000002000002c        0x4 Core/Src/system_stm32f4xx.o
                0x000000002000002c                SystemCoreClock
 .data.uwTickPrio
                0x0000000020000030        0x4 Drivers/STM32F4xx_HAL_Driver/Src/stm32f4xx_hal.o
                0x0000000020000030                uwTickPrio
 .data.uwTickFreq
                0x0000000020000034        0x1 Drivers/STM32F4xx_HAL_Driver/Src/stm32f4xx_hal.o
                0x0000000020000034                uwTickFreq
 *(.RamFunc)
 *(.RamFunc*)
                0x0000000020000038                . = ALIGN (0x4)
 *fill*         0x0000000020000035        0x3 
                0x0000000020000038                _edata = .

.igot.plt       0x0000000020000038        0x0 load address 0x0000000008004c5c
 .igot.plt      0x0000000020000038        0x0 c:/st/stm32cubeide_1.6.1/stm32cubeide/plugins/com.st.stm32cube.ide.mcu.externaltools.gnu-tools-for-stm32.9-2020-q2-update.win32_1.5.0.202011040924/tools/bin/../lib/gcc/arm-none-eabi/9.3.1/thumb/v7e-m+fp/hard/crtbegin.o
                0x0000000020000038                . = ALIGN (0x4)

.bss            0x0000000020000038      0x22c load address 0x0000000008004c5c
                0x0000000020000038                _sbss = .
                0x0000000020000038                __bss_start__ = _sbss
 *(.bss)
 .bss           0x0000000020000038       0x1c c:/st/stm32cubeide_1.6.1/stm32cubeide/plugins/com.st.stm32cube.ide.mcu.externaltools.gnu-tools-for-stm32.9-2020-q2-update.win32_1.5.0.202011040924/tools/bin/../lib/gcc/arm-none-eabi/9.3.1/thumb/v7e-m+fp/hard/crtbegin.o
 *(.bss*)
 .bss.Enc28_Bank
                0x0000000020000054        0x1 Core/Src/STM_ENC28_J60.o
 .bss.flag      0x0000000020000055        0x1 Core/Src/main.o
                0x0000000020000055                flag
 *fill*         0x0000000020000056        0x2 
 .bss.pxCurrentTCB
                0x0000000020000058        0x4 FreeRTOS/tasks.o
                0x0000000020000058                pxCurrentTCB
 .bss.pxReadyTasksLists
                0x000000002000005c       0x64 FreeRTOS/tasks.o
 .bss.pxDelayedTaskList
                0x00000000200000c0        0x4 FreeRTOS/tasks.o
 .bss.pxOverflowDelayedTaskList
                0x00000000200000c4        0x4 FreeRTOS/tasks.o
 .bss.xTickCount
                0x00000000200000c8        0x4 FreeRTOS/tasks.o
 .bss.uxTopReadyPriority
                0x00000000200000cc        0x4 FreeRTOS/tasks.o
 .bss.xPendedTicks
                0x00000000200000d0        0x4 FreeRTOS/tasks.o
 .bss.xYieldPending
                0x00000000200000d4        0x4 FreeRTOS/tasks.o
 .bss.xNumOfOverflows
                0x00000000200000d8        0x4 FreeRTOS/tasks.o
 .bss.xNextTaskUnblockTime
                0x00000000200000dc        0x4 FreeRTOS/tasks.o
 .bss.uxSchedulerSuspended
                0x00000000200000e0        0x4 FreeRTOS/tasks.o
 *(COMMON)
 COMMON         0x00000000200000e4        0x4 Core/Src/STM_ENC28_J60.o
                0x00000000200000e4                dataWatch8
                0x00000000200000e6                dataWatch16
 COMMON         0x00000000200000e8      0x130 Core/Src/main.o
                0x00000000200000e8                huart3
                0x000000002000012c                spiData
                0x000000002000012e                adc_value
                0x0000000020000130                hadc1
                0x0000000020000178                hspi1
                0x00000000200001d0                htim2
 COMMON         0x0000000020000218       0x48 Core/Src/stm32f4xx_hal_timebase_tim.o
                0x0000000020000218                htim6
 COMMON         0x0000000020000260        0x4 Drivers/STM32F4xx_HAL_Driver/Src/stm32f4xx_hal.o
                0x0000000020000260                uwTick
                0x0000000020000264                . = ALIGN (0x4)
                0x0000000020000264                _ebss = .
                0x0000000020000264                __bss_end__ = _ebss

._user_heap_stack
                0x0000000020000264      0x604 load address 0x0000000008004c5c
                0x0000000020000268                . = ALIGN (0x8)
 *fill*         0x0000000020000264        0x4 
                [!provide]                        PROVIDE (end = .)
                0x0000000020000268                PROVIDE (_end = .)
                0x0000000020000468                . = (. + _Min_Heap_Size)
 *fill*         0x0000000020000268      0x200 
                0x0000000020000868                . = (. + _Min_Stack_Size)
 *fill*         0x0000000020000468      0x400 
                0x0000000020000868                . = ALIGN (0x8)

/DISCARD/
 libc.a(*)
 libm.a(*)
 libgcc.a(*)

.ARM.attributes
                0x0000000000000000       0x30
 *(.ARM.attributes)
 .ARM.attributes
                0x0000000000000000       0x1e c:/st/stm32cubeide_1.6.1/stm32cubeide/plugins/com.st.stm32cube.ide.mcu.externaltools.gnu-tools-for-stm32.9-2020-q2-update.win32_1.5.0.202011040924/tools/bin/../lib/gcc/arm-none-eabi/9.3.1/thumb/v7e-m+fp/hard/crti.o
 .ARM.attributes
                0x000000000000001e       0x34 c:/st/stm32cubeide_1.6.1/stm32cubeide/plugins/com.st.stm32cube.ide.mcu.externaltools.gnu-tools-for-stm32.9-2020-q2-update.win32_1.5.0.202011040924/tools/bin/../lib/gcc/arm-none-eabi/9.3.1/thumb/v7e-m+fp/hard/crtbegin.o
 .ARM.attributes
                0x0000000000000052       0x34 Core/Src/STM_ENC28_J60.o
 .ARM.attributes
                0x0000000000000086       0x34 Core/Src/main.o
 .ARM.attributes
                0x00000000000000ba       0x34 Core/Src/stm32f4xx_hal_msp.o
 .ARM.attributes
                0x00000000000000ee       0x34 Core/Src/stm32f4xx_hal_timebase_tim.o
 .ARM.attributes
                0x0000000000000122       0x34 Core/Src/stm32f4xx_it.o
 .ARM.attributes
                0x0000000000000156       0x34 Core/Src/system_stm32f4xx.o
 .ARM.attributes
                0x000000000000018a       0x21 Core/Startup/startup_stm32f407vgtx.o
 .ARM.attributes
                0x00000000000001ab       0x34 Drivers/STM32F4xx_HAL_Driver/Src/stm32f4xx_hal.o
 .ARM.attributes
                0x00000000000001df       0x34 Drivers/STM32F4xx_HAL_Driver/Src/stm32f4xx_hal_adc.o
 .ARM.attributes
                0x0000000000000213       0x34 Drivers/STM32F4xx_HAL_Driver/Src/stm32f4xx_hal_adc_ex.o
 .ARM.attributes
                0x0000000000000247       0x34 Drivers/STM32F4xx_HAL_Driver/Src/stm32f4xx_hal_cortex.o
 .ARM.attributes
                0x000000000000027b       0x34 Drivers/STM32F4xx_HAL_Driver/Src/stm32f4xx_hal_gpio.o
 .ARM.attributes
                0x00000000000002af       0x34 Drivers/STM32F4xx_HAL_Driver/Src/stm32f4xx_hal_rcc.o
 .ARM.attributes
                0x00000000000002e3       0x34 Drivers/STM32F4xx_HAL_Driver/Src/stm32f4xx_hal_spi.o
 .ARM.attributes
                0x0000000000000317       0x34 Drivers/STM32F4xx_HAL_Driver/Src/stm32f4xx_hal_tim.o
 .ARM.attributes
                0x000000000000034b       0x34 Drivers/STM32F4xx_HAL_Driver/Src/stm32f4xx_hal_tim_ex.o
 .ARM.attributes
                0x000000000000037f       0x34 Drivers/STM32F4xx_HAL_Driver/Src/stm32f4xx_hal_uart.o
 .ARM.attributes
                0x00000000000003b3       0x34 FreeRTOS/list.o
 .ARM.attributes
                0x00000000000003e7       0x34 FreeRTOS/tasks.o
 .ARM.attributes
                0x000000000000041b       0x34 FreeRTOS/portable/ARM_CM4F/port.o
 .ARM.attributes
                0x000000000000044f       0x34 c:/st/stm32cubeide_1.6.1/stm32cubeide/plugins/com.st.stm32cube.ide.mcu.externaltools.gnu-tools-for-stm32.9-2020-q2-update.win32_1.5.0.202011040924/tools/bin/../lib/gcc/arm-none-eabi/9.3.1/../../../../arm-none-eabi/lib/thumb/v7e-m+fp/hard\libc_nano.a(lib_a-init.o)
 .ARM.attributes
                0x0000000000000483       0x34 c:/st/stm32cubeide_1.6.1/stm32cubeide/plugins/com.st.stm32cube.ide.mcu.externaltools.gnu-tools-for-stm32.9-2020-q2-update.win32_1.5.0.202011040924/tools/bin/../lib/gcc/arm-none-eabi/9.3.1/../../../../arm-none-eabi/lib/thumb/v7e-m+fp/hard\libc_nano.a(lib_a-memset.o)
 .ARM.attributes
                0x00000000000004b7       0x1e c:/st/stm32cubeide_1.6.1/stm32cubeide/plugins/com.st.stm32cube.ide.mcu.externaltools.gnu-tools-for-stm32.9-2020-q2-update.win32_1.5.0.202011040924/tools/bin/../lib/gcc/arm-none-eabi/9.3.1/thumb/v7e-m+fp/hard\libgcc.a(_aeabi_uldivmod.o)
 .ARM.attributes
                0x00000000000004d5       0x34 c:/st/stm32cubeide_1.6.1/stm32cubeide/plugins/com.st.stm32cube.ide.mcu.externaltools.gnu-tools-for-stm32.9-2020-q2-update.win32_1.5.0.202011040924/tools/bin/../lib/gcc/arm-none-eabi/9.3.1/thumb/v7e-m+fp/hard\libgcc.a(_udivmoddi4.o)
 .ARM.attributes
                0x0000000000000509       0x1e c:/st/stm32cubeide_1.6.1/stm32cubeide/plugins/com.st.stm32cube.ide.mcu.externaltools.gnu-tools-for-stm32.9-2020-q2-update.win32_1.5.0.202011040924/tools/bin/../lib/gcc/arm-none-eabi/9.3.1/thumb/v7e-m+fp/hard\libgcc.a(_dvmd_tls.o)
 .ARM.attributes
                0x0000000000000527       0x1e c:/st/stm32cubeide_1.6.1/stm32cubeide/plugins/com.st.stm32cube.ide.mcu.externaltools.gnu-tools-for-stm32.9-2020-q2-update.win32_1.5.0.202011040924/tools/bin/../lib/gcc/arm-none-eabi/9.3.1/thumb/v7e-m+fp/hard/crtn.o
OUTPUT(final project.elf elf32-littlearm)
LOAD linker stubs
LOAD c:/st/stm32cubeide_1.6.1/stm32cubeide/plugins/com.st.stm32cube.ide.mcu.externaltools.gnu-tools-for-stm32.9-2020-q2-update.win32_1.5.0.202011040924/tools/bin/../lib/gcc/arm-none-eabi/9.3.1/../../../../arm-none-eabi/lib/thumb/v7e-m+fp/hard\libc.a
LOAD c:/st/stm32cubeide_1.6.1/stm32cubeide/plugins/com.st.stm32cube.ide.mcu.externaltools.gnu-tools-for-stm32.9-2020-q2-update.win32_1.5.0.202011040924/tools/bin/../lib/gcc/arm-none-eabi/9.3.1/../../../../arm-none-eabi/lib/thumb/v7e-m+fp/hard\libm.a
LOAD c:/st/stm32cubeide_1.6.1/stm32cubeide/plugins/com.st.stm32cube.ide.mcu.externaltools.gnu-tools-for-stm32.9-2020-q2-update.win32_1.5.0.202011040924/tools/bin/../lib/gcc/arm-none-eabi/9.3.1/thumb/v7e-m+fp/hard\libgcc.a

.debug_info     0x0000000000000000    0x1498a
 .debug_info    0x0000000000000000      0xa5c Core/Src/STM_ENC28_J60.o
 .debug_info    0x0000000000000a5c     0x204a Core/Src/main.o
 .debug_info    0x0000000000002aa6     0x163e Core/Src/stm32f4xx_hal_msp.o
 .debug_info    0x00000000000040e4      0xc6c Core/Src/stm32f4xx_hal_timebase_tim.o
 .debug_info    0x0000000000004d50      0xa6f Core/Src/stm32f4xx_it.o
 .debug_info    0x00000000000057bf      0x5a4 Core/Src/system_stm32f4xx.o
 .debug_info    0x0000000000005d63       0x22 Core/Startup/startup_stm32f407vgtx.o
 .debug_info    0x0000000000005d85      0x9b2 Drivers/STM32F4xx_HAL_Driver/Src/stm32f4xx_hal.o
 .debug_info    0x0000000000006737      0xdbc Drivers/STM32F4xx_HAL_Driver/Src/stm32f4xx_hal_adc.o
 .debug_info    0x00000000000074f3      0xc22 Drivers/STM32F4xx_HAL_Driver/Src/stm32f4xx_hal_adc_ex.o
 .debug_info    0x0000000000008115      0xed7 Drivers/STM32F4xx_HAL_Driver/Src/stm32f4xx_hal_cortex.o
 .debug_info    0x0000000000008fec      0x83e Drivers/STM32F4xx_HAL_Driver/Src/stm32f4xx_hal_gpio.o
 .debug_info    0x000000000000982a      0x996 Drivers/STM32F4xx_HAL_Driver/Src/stm32f4xx_hal_rcc.o
 .debug_info    0x000000000000a1c0     0x17c0 Drivers/STM32F4xx_HAL_Driver/Src/stm32f4xx_hal_spi.o
 .debug_info    0x000000000000b980     0x2a90 Drivers/STM32F4xx_HAL_Driver/Src/stm32f4xx_hal_tim.o
 .debug_info    0x000000000000e410     0x1522 Drivers/STM32F4xx_HAL_Driver/Src/stm32f4xx_hal_tim_ex.o
 .debug_info    0x000000000000f932     0x1665 Drivers/STM32F4xx_HAL_Driver/Src/stm32f4xx_hal_uart.o
 .debug_info    0x0000000000010f97      0xb82 FreeRTOS/list.o
 .debug_info    0x0000000000011b19     0x2980 FreeRTOS/tasks.o
 .debug_info    0x0000000000014499      0x4f1 FreeRTOS/portable/ARM_CM4F/port.o

.debug_abbrev   0x0000000000000000     0x2b1e
 .debug_abbrev  0x0000000000000000      0x1e5 Core/Src/STM_ENC28_J60.o
 .debug_abbrev  0x00000000000001e5      0x30f Core/Src/main.o
 .debug_abbrev  0x00000000000004f4      0x206 Core/Src/stm32f4xx_hal_msp.o
 .debug_abbrev  0x00000000000006fa      0x1bf Core/Src/stm32f4xx_hal_timebase_tim.o
 .debug_abbrev  0x00000000000008b9      0x187 Core/Src/stm32f4xx_it.o
 .debug_abbrev  0x0000000000000a40      0x145 Core/Src/system_stm32f4xx.o
 .debug_abbrev  0x0000000000000b85       0x12 Core/Startup/startup_stm32f407vgtx.o
 .debug_abbrev  0x0000000000000b97      0x1ed Drivers/STM32F4xx_HAL_Driver/Src/stm32f4xx_hal.o
 .debug_abbrev  0x0000000000000d84      0x22f Drivers/STM32F4xx_HAL_Driver/Src/stm32f4xx_hal_adc.o
 .debug_abbrev  0x0000000000000fb3      0x24a Drivers/STM32F4xx_HAL_Driver/Src/stm32f4xx_hal_adc_ex.o
 .debug_abbrev  0x00000000000011fd      0x33c Drivers/STM32F4xx_HAL_Driver/Src/stm32f4xx_hal_cortex.o
 .debug_abbrev  0x0000000000001539      0x1f1 Drivers/STM32F4xx_HAL_Driver/Src/stm32f4xx_hal_gpio.o
 .debug_abbrev  0x000000000000172a      0x275 Drivers/STM32F4xx_HAL_Driver/Src/stm32f4xx_hal_rcc.o
 .debug_abbrev  0x000000000000199f      0x26e Drivers/STM32F4xx_HAL_Driver/Src/stm32f4xx_hal_spi.o
 .debug_abbrev  0x0000000000001c0d      0x25e Drivers/STM32F4xx_HAL_Driver/Src/stm32f4xx_hal_tim.o
 .debug_abbrev  0x0000000000001e6b      0x266 Drivers/STM32F4xx_HAL_Driver/Src/stm32f4xx_hal_tim_ex.o
 .debug_abbrev  0x00000000000020d1      0x28b Drivers/STM32F4xx_HAL_Driver/Src/stm32f4xx_hal_uart.o
 .debug_abbrev  0x000000000000235c      0x1f7 FreeRTOS/list.o
 .debug_abbrev  0x0000000000002553      0x39a FreeRTOS/tasks.o
 .debug_abbrev  0x00000000000028ed      0x231 FreeRTOS/portable/ARM_CM4F/port.o

.debug_aranges  0x0000000000000000     0x1258
 .debug_aranges
                0x0000000000000000       0x78 Core/Src/STM_ENC28_J60.o
 .debug_aranges
                0x0000000000000078       0x78 Core/Src/main.o
 .debug_aranges
                0x00000000000000f0       0x68 Core/Src/stm32f4xx_hal_msp.o
 .debug_aranges
                0x0000000000000158       0x30 Core/Src/stm32f4xx_hal_timebase_tim.o
 .debug_aranges
                0x0000000000000188       0x60 Core/Src/stm32f4xx_it.o
 .debug_aranges
                0x00000000000001e8       0x28 Core/Src/system_stm32f4xx.o
 .debug_aranges
                0x0000000000000210       0x28 Core/Startup/startup_stm32f407vgtx.o
 .debug_aranges
                0x0000000000000238       0xf0 Drivers/STM32F4xx_HAL_Driver/Src/stm32f4xx_hal.o
 .debug_aranges
                0x0000000000000328       0xe8 Drivers/STM32F4xx_HAL_Driver/Src/stm32f4xx_hal_adc.o
 .debug_aranges
                0x0000000000000410       0x90 Drivers/STM32F4xx_HAL_Driver/Src/stm32f4xx_hal_adc_ex.o
 .debug_aranges
                0x00000000000004a0      0x118 Drivers/STM32F4xx_HAL_Driver/Src/stm32f4xx_hal_cortex.o
 .debug_aranges
                0x00000000000005b8       0x58 Drivers/STM32F4xx_HAL_Driver/Src/stm32f4xx_hal_gpio.o
 .debug_aranges
                0x0000000000000610       0x88 Drivers/STM32F4xx_HAL_Driver/Src/stm32f4xx_hal_rcc.o
 .debug_aranges
                0x0000000000000698      0x1d0 Drivers/STM32F4xx_HAL_Driver/Src/stm32f4xx_hal_spi.o
 .debug_aranges
                0x0000000000000868      0x3d0 Drivers/STM32F4xx_HAL_Driver/Src/stm32f4xx_hal_tim.o
 .debug_aranges
                0x0000000000000c38      0x168 Drivers/STM32F4xx_HAL_Driver/Src/stm32f4xx_hal_tim_ex.o
 .debug_aranges
                0x0000000000000da0      0x200 Drivers/STM32F4xx_HAL_Driver/Src/stm32f4xx_hal_uart.o
 .debug_aranges
                0x0000000000000fa0       0x40 FreeRTOS/list.o
 .debug_aranges
                0x0000000000000fe0      0x1f8 FreeRTOS/tasks.o
 .debug_aranges
                0x00000000000011d8       0x80 FreeRTOS/portable/ARM_CM4F/port.o

.debug_ranges   0x0000000000000000     0x1150
 .debug_ranges  0x0000000000000000       0x68 Core/Src/STM_ENC28_J60.o
 .debug_ranges  0x0000000000000068       0x68 Core/Src/main.o
 .debug_ranges  0x00000000000000d0       0x58 Core/Src/stm32f4xx_hal_msp.o
 .debug_ranges  0x0000000000000128       0x20 Core/Src/stm32f4xx_hal_timebase_tim.o
 .debug_ranges  0x0000000000000148       0x50 Core/Src/stm32f4xx_it.o
 .debug_ranges  0x0000000000000198       0x18 Core/Src/system_stm32f4xx.o
 .debug_ranges  0x00000000000001b0       0x20 Core/Startup/startup_stm32f407vgtx.o
 .debug_ranges  0x00000000000001d0       0xe0 Drivers/STM32F4xx_HAL_Driver/Src/stm32f4xx_hal.o
 .debug_ranges  0x00000000000002b0       0xd8 Drivers/STM32F4xx_HAL_Driver/Src/stm32f4xx_hal_adc.o
 .debug_ranges  0x0000000000000388       0x80 Drivers/STM32F4xx_HAL_Driver/Src/stm32f4xx_hal_adc_ex.o
 .debug_ranges  0x0000000000000408      0x108 Drivers/STM32F4xx_HAL_Driver/Src/stm32f4xx_hal_cortex.o
 .debug_ranges  0x0000000000000510       0x48 Drivers/STM32F4xx_HAL_Driver/Src/stm32f4xx_hal_gpio.o
 .debug_ranges  0x0000000000000558       0x78 Drivers/STM32F4xx_HAL_Driver/Src/stm32f4xx_hal_rcc.o
 .debug_ranges  0x00000000000005d0      0x1c0 Drivers/STM32F4xx_HAL_Driver/Src/stm32f4xx_hal_spi.o
 .debug_ranges  0x0000000000000790      0x3c0 Drivers/STM32F4xx_HAL_Driver/Src/stm32f4xx_hal_tim.o
 .debug_ranges  0x0000000000000b50      0x158 Drivers/STM32F4xx_HAL_Driver/Src/stm32f4xx_hal_tim_ex.o
 .debug_ranges  0x0000000000000ca8      0x220 Drivers/STM32F4xx_HAL_Driver/Src/stm32f4xx_hal_uart.o
 .debug_ranges  0x0000000000000ec8       0x30 FreeRTOS/list.o
 .debug_ranges  0x0000000000000ef8      0x1e8 FreeRTOS/tasks.o
 .debug_ranges  0x00000000000010e0       0x70 FreeRTOS/portable/ARM_CM4F/port.o

.debug_macro    0x0000000000000000    0x23f8f
 .debug_macro   0x0000000000000000      0x20f Core/Src/STM_ENC28_J60.o
 .debug_macro   0x000000000000020f      0xaa8 Core/Src/STM_ENC28_J60.o
 .debug_macro   0x0000000000000cb7      0x2a7 Core/Src/STM_ENC28_J60.o
 .debug_macro   0x0000000000000f5e       0x2e Core/Src/STM_ENC28_J60.o
 .debug_macro   0x0000000000000f8c       0x2f Core/Src/STM_ENC28_J60.o
 .debug_macro   0x0000000000000fbb       0x22 Core/Src/STM_ENC28_J60.o
 .debug_macro   0x0000000000000fdd       0x8e Core/Src/STM_ENC28_J60.o
 .debug_macro   0x000000000000106b       0x51 Core/Src/STM_ENC28_J60.o
 .debug_macro   0x00000000000010bc      0x103 Core/Src/STM_ENC28_J60.o
 .debug_macro   0x00000000000011bf       0x6a Core/Src/STM_ENC28_J60.o
 .debug_macro   0x0000000000001229      0x1df Core/Src/STM_ENC28_J60.o
 .debug_macro   0x0000000000001408       0x1c Core/Src/STM_ENC28_J60.o
 .debug_macro   0x0000000000001424       0x22 Core/Src/STM_ENC28_J60.o
 .debug_macro   0x0000000000001446       0xdf Core/Src/STM_ENC28_J60.o
 .debug_macro   0x0000000000001525     0x102d Core/Src/STM_ENC28_J60.o
 .debug_macro   0x0000000000002552      0x11f Core/Src/STM_ENC28_J60.o
 .debug_macro   0x0000000000002671    0x15e3c Core/Src/STM_ENC28_J60.o
 .debug_macro   0x00000000000184ad       0x43 Core/Src/STM_ENC28_J60.o
 .debug_macro   0x00000000000184f0     0x3659 Core/Src/STM_ENC28_J60.o
 .debug_macro   0x000000000001bb49      0x174 Core/Src/STM_ENC28_J60.o
 .debug_macro   0x000000000001bcbd       0x5c Core/Src/STM_ENC28_J60.o
 .debug_macro   0x000000000001bd19      0x96b Core/Src/STM_ENC28_J60.o
 .debug_macro   0x000000000001c684      0x9fe Core/Src/STM_ENC28_J60.o
 .debug_macro   0x000000000001d082      0x117 Core/Src/STM_ENC28_J60.o
 .debug_macro   0x000000000001d199      0x13e Core/Src/STM_ENC28_J60.o
 .debug_macro   0x000000000001d2d7       0x82 Core/Src/STM_ENC28_J60.o
 .debug_macro   0x000000000001d359      0x174 Core/Src/STM_ENC28_J60.o
 .debug_macro   0x000000000001d4cd      0x287 Core/Src/STM_ENC28_J60.o
 .debug_macro   0x000000000001d754       0x5f Core/Src/STM_ENC28_J60.o
 .debug_macro   0x000000000001d7b3      0x236 Core/Src/STM_ENC28_J60.o
 .debug_macro   0x000000000001d9e9      0xb5b Core/Src/STM_ENC28_J60.o
 .debug_macro   0x000000000001e544      0x38b Core/Src/STM_ENC28_J60.o
 .debug_macro   0x000000000001e8cf      0x176 Core/Src/STM_ENC28_J60.o
 .debug_macro   0x000000000001ea45       0xf9 Core/Src/STM_ENC28_J60.o
 .debug_macro   0x000000000001eb3e      0x12c Core/Src/STM_ENC28_J60.o
 .debug_macro   0x000000000001ec6a      0x21e Core/Src/STM_ENC28_J60.o
 .debug_macro   0x000000000001ee88       0x2e Core/Src/STM_ENC28_J60.o
 .debug_macro   0x000000000001eeb6      0x11a Core/Src/STM_ENC28_J60.o
 .debug_macro   0x000000000001efd0       0x7e Core/Src/STM_ENC28_J60.o
 .debug_macro   0x000000000001f04e       0x89 Core/Src/STM_ENC28_J60.o
 .debug_macro   0x000000000001f0d7      0x225 Core/Src/STM_ENC28_J60.o
 .debug_macro   0x000000000001f2fc      0x8d1 Core/Src/STM_ENC28_J60.o
 .debug_macro   0x000000000001fbcd       0x47 Core/Src/STM_ENC28_J60.o
 .debug_macro   0x000000000001fc14      0x295 Core/Src/STM_ENC28_J60.o
 .debug_macro   0x000000000001fea9      0x12d Core/Src/STM_ENC28_J60.o
 .debug_macro   0x000000000001ffd6      0x20e Core/Src/STM_ENC28_J60.o
 .debug_macro   0x00000000000201e4      0x40a Core/Src/main.o
 .debug_macro   0x00000000000205ee      0x106 Core/Src/main.o
 .debug_macro   0x00000000000206f4      0x15a Core/Src/main.o
 .debug_macro   0x000000000002084e       0xea Core/Src/main.o
 .debug_macro   0x0000000000020938       0x1c Core/Src/main.o
 .debug_macro   0x0000000000020954       0x26 Core/Src/main.o
 .debug_macro   0x000000000002097a      0x4fd Core/Src/main.o
 .debug_macro   0x0000000000020e77       0xb5 Core/Src/main.o
 .debug_macro   0x0000000000020f2c      0x120 Core/Src/main.o
 .debug_macro   0x000000000002104c       0x52 Core/Src/main.o
 .debug_macro   0x000000000002109e       0x18 Core/Src/main.o
 .debug_macro   0x00000000000210b6       0x3c Core/Src/main.o
 .debug_macro   0x00000000000210f2       0x34 Core/Src/main.o
 .debug_macro   0x0000000000021126       0x16 Core/Src/main.o
 .debug_macro   0x000000000002113c       0x35 Core/Src/main.o
 .debug_macro   0x0000000000021171      0x333 Core/Src/main.o
 .debug_macro   0x00000000000214a4       0x10 Core/Src/main.o
 .debug_macro   0x00000000000214b4       0x16 Core/Src/main.o
 .debug_macro   0x00000000000214ca       0x43 Core/Src/main.o
 .debug_macro   0x000000000002150d       0x34 Core/Src/main.o
 .debug_macro   0x0000000000021541       0x10 Core/Src/main.o
 .debug_macro   0x0000000000021551       0x58 Core/Src/main.o
 .debug_macro   0x00000000000215a9       0x71 Core/Src/main.o
 .debug_macro   0x000000000002161a       0x1c Core/Src/main.o
 .debug_macro   0x0000000000021636      0x12a Core/Src/main.o
 .debug_macro   0x0000000000021760       0x10 Core/Src/main.o
 .debug_macro   0x0000000000021770       0x1c Core/Src/main.o
 .debug_macro   0x000000000002178c       0x52 Core/Src/main.o
 .debug_macro   0x00000000000217de       0x22 Core/Src/main.o
 .debug_macro   0x0000000000021800       0x10 Core/Src/main.o
 .debug_macro   0x0000000000021810       0x40 Core/Src/main.o
 .debug_macro   0x0000000000021850       0xd5 Core/Src/main.o
 .debug_macro   0x0000000000021925       0x1c Core/Src/main.o
 .debug_macro   0x0000000000021941       0x3d Core/Src/main.o
 .debug_macro   0x000000000002197e       0x16 Core/Src/main.o
 .debug_macro   0x0000000000021994      0x145 Core/Src/main.o
 .debug_macro   0x0000000000021ad9       0x16 Core/Src/main.o
 .debug_macro   0x0000000000021aef       0x20 Core/Src/main.o
 .debug_macro   0x0000000000021b0f      0x214 Core/Src/main.o
 .debug_macro   0x0000000000021d23      0x20a Core/Src/stm32f4xx_hal_msp.o
 .debug_macro   0x0000000000021f2d      0x200 Core/Src/stm32f4xx_hal_timebase_tim.o
 .debug_macro   0x000000000002212d      0x214 Core/Src/stm32f4xx_it.o
 .debug_macro   0x0000000000022341      0x200 Core/Src/system_stm32f4xx.o
 .debug_macro   0x0000000000022541      0x260 Drivers/STM32F4xx_HAL_Driver/Src/stm32f4xx_hal.o
 .debug_macro   0x00000000000227a1      0x201 Drivers/STM32F4xx_HAL_Driver/Src/stm32f4xx_hal_adc.o
 .debug_macro   0x00000000000229a2      0x200 Drivers/STM32F4xx_HAL_Driver/Src/stm32f4xx_hal_adc_ex.o
 .debug_macro   0x0000000000022ba2      0x200 Drivers/STM32F4xx_HAL_Driver/Src/stm32f4xx_hal_cortex.o
 .debug_macro   0x0000000000022da2      0x206 Drivers/STM32F4xx_HAL_Driver/Src/stm32f4xx_hal_gpio.o
 .debug_macro   0x0000000000022fa8      0x224 Drivers/STM32F4xx_HAL_Driver/Src/stm32f4xx_hal_rcc.o
 .debug_macro   0x00000000000231cc      0x20f Drivers/STM32F4xx_HAL_Driver/Src/stm32f4xx_hal_spi.o
 .debug_macro   0x00000000000233db      0x201 Drivers/STM32F4xx_HAL_Driver/Src/stm32f4xx_hal_tim.o
 .debug_macro   0x00000000000235dc      0x200 Drivers/STM32F4xx_HAL_Driver/Src/stm32f4xx_hal_tim_ex.o
 .debug_macro   0x00000000000237dc      0x201 Drivers/STM32F4xx_HAL_Driver/Src/stm32f4xx_hal_uart.o
 .debug_macro   0x00000000000239dd      0x193 FreeRTOS/list.o
 .debug_macro   0x0000000000023b70      0x279 FreeRTOS/tasks.o
 .debug_macro   0x0000000000023de9       0x10 FreeRTOS/tasks.o
 .debug_macro   0x0000000000023df9      0x196 FreeRTOS/portable/ARM_CM4F/port.o

.debug_line     0x0000000000000000    0x13ae9
 .debug_line    0x0000000000000000      0x988 Core/Src/STM_ENC28_J60.o
 .debug_line    0x0000000000000988      0xd42 Core/Src/main.o
 .debug_line    0x00000000000016ca      0x873 Core/Src/stm32f4xx_hal_msp.o
 .debug_line    0x0000000000001f3d      0x784 Core/Src/stm32f4xx_hal_timebase_tim.o
 .debug_line    0x00000000000026c1      0x7f1 Core/Src/stm32f4xx_it.o
 .debug_line    0x0000000000002eb2      0x7a6 Core/Src/system_stm32f4xx.o
 .debug_line    0x0000000000003658       0x88 Core/Startup/startup_stm32f407vgtx.o
 .debug_line    0x00000000000036e0      0xa0c Drivers/STM32F4xx_HAL_Driver/Src/stm32f4xx_hal.o
 .debug_line    0x00000000000040ec     0x1296 Drivers/STM32F4xx_HAL_Driver/Src/stm32f4xx_hal_adc.o
 .debug_line    0x0000000000005382      0xecc Drivers/STM32F4xx_HAL_Driver/Src/stm32f4xx_hal_adc_ex.o
 .debug_line    0x000000000000624e      0xcbb Drivers/STM32F4xx_HAL_Driver/Src/stm32f4xx_hal_cortex.o
 .debug_line    0x0000000000006f09      0xb84 Drivers/STM32F4xx_HAL_Driver/Src/stm32f4xx_hal_gpio.o
 .debug_line    0x0000000000007a8d      0xd88 Drivers/STM32F4xx_HAL_Driver/Src/stm32f4xx_hal_rcc.o
 .debug_line    0x0000000000008815     0x1c94 Drivers/STM32F4xx_HAL_Driver/Src/stm32f4xx_hal_spi.o
 .debug_line    0x000000000000a4a9     0x3638 Drivers/STM32F4xx_HAL_Driver/Src/stm32f4xx_hal_tim.o
 .debug_line    0x000000000000dae1     0x19d9 Drivers/STM32F4xx_HAL_Driver/Src/stm32f4xx_hal_tim_ex.o
 .debug_line    0x000000000000f4ba     0x1ad2 Drivers/STM32F4xx_HAL_Driver/Src/stm32f4xx_hal_uart.o
 .debug_line    0x0000000000010f8c      0x710 FreeRTOS/list.o
 .debug_line    0x000000000001169c     0x1c5e FreeRTOS/tasks.o
 .debug_line    0x00000000000132fa      0x7ef FreeRTOS/portable/ARM_CM4F/port.o

.debug_str      0x0000000000000000    0xe06df
 .debug_str     0x0000000000000000    0xd1280 Core/Src/STM_ENC28_J60.o
                                      0xd1579 (size before relaxing)
 .debug_str     0x00000000000d1280     0x95a3 Core/Src/main.o
                                      0xdaba1 (size before relaxing)
 .debug_str     0x00000000000da823      0x5ba Core/Src/stm32f4xx_hal_msp.o
                                      0xd1b46 (size before relaxing)
 .debug_str     0x00000000000daddd       0xaa Core/Src/stm32f4xx_hal_timebase_tim.o
                                      0xd160e (size before relaxing)
 .debug_str     0x00000000000dae87       0xb6 Core/Src/stm32f4xx_it.o
                                      0xd115e (size before relaxing)
 .debug_str     0x00000000000daf3d       0xaf Core/Src/system_stm32f4xx.o
                                      0xd0b81 (size before relaxing)
 .debug_str     0x00000000000dafec       0x36 Core/Startup/startup_stm32f407vgtx.o
                                         0x76 (size before relaxing)
 .debug_str     0x00000000000db022      0x538 Drivers/STM32F4xx_HAL_Driver/Src/stm32f4xx_hal.o
                                      0xd1663 (size before relaxing)
 .debug_str     0x00000000000db55a      0x284 Drivers/STM32F4xx_HAL_Driver/Src/stm32f4xx_hal_adc.o
                                      0xd112d (size before relaxing)
 .debug_str     0x00000000000db7de      0x302 Drivers/STM32F4xx_HAL_Driver/Src/stm32f4xx_hal_adc_ex.o
                                      0xd1167 (size before relaxing)
 .debug_str     0x00000000000dbae0      0x392 Drivers/STM32F4xx_HAL_Driver/Src/stm32f4xx_hal_cortex.o
                                      0xd1452 (size before relaxing)
 .debug_str     0x00000000000dbe72      0x15f Drivers/STM32F4xx_HAL_Driver/Src/stm32f4xx_hal_gpio.o
                                      0xd0d28 (size before relaxing)
 .debug_str     0x00000000000dbfd1      0x24f Drivers/STM32F4xx_HAL_Driver/Src/stm32f4xx_hal_rcc.o
                                      0xd0f83 (size before relaxing)
 .debug_str     0x00000000000dc220      0x574 Drivers/STM32F4xx_HAL_Driver/Src/stm32f4xx_hal_spi.o
                                      0xd1425 (size before relaxing)
 .debug_str     0x00000000000dc794      0xd65 Drivers/STM32F4xx_HAL_Driver/Src/stm32f4xx_hal_tim.o
                                      0xd1ea9 (size before relaxing)
 .debug_str     0x00000000000dd4f9      0x4ee Drivers/STM32F4xx_HAL_Driver/Src/stm32f4xx_hal_tim_ex.o
                                      0xd165a (size before relaxing)
 .debug_str     0x00000000000dd9e7      0x5de Drivers/STM32F4xx_HAL_Driver/Src/stm32f4xx_hal_uart.o
                                      0xd14e5 (size before relaxing)
 .debug_str     0x00000000000ddfc5      0x283 FreeRTOS/list.o
                                       0xad35 (size before relaxing)
 .debug_str     0x00000000000de248     0x1cbf FreeRTOS/tasks.o
                                       0xdd14 (size before relaxing)
 .debug_str     0x00000000000dff07      0x7d8 FreeRTOS/portable/ARM_CM4F/port.o
                                       0x93ef (size before relaxing)

.comment        0x0000000000000000       0x53
 .comment       0x0000000000000000       0x53 Core/Src/STM_ENC28_J60.o
                                         0x54 (size before relaxing)
 .comment       0x0000000000000053       0x54 Core/Src/main.o
 .comment       0x0000000000000053       0x54 Core/Src/stm32f4xx_hal_msp.o
 .comment       0x0000000000000053       0x54 Core/Src/stm32f4xx_hal_timebase_tim.o
 .comment       0x0000000000000053       0x54 Core/Src/stm32f4xx_it.o
 .comment       0x0000000000000053       0x54 Core/Src/system_stm32f4xx.o
 .comment       0x0000000000000053       0x54 Drivers/STM32F4xx_HAL_Driver/Src/stm32f4xx_hal.o
 .comment       0x0000000000000053       0x54 Drivers/STM32F4xx_HAL_Driver/Src/stm32f4xx_hal_adc.o
 .comment       0x0000000000000053       0x54 Drivers/STM32F4xx_HAL_Driver/Src/stm32f4xx_hal_adc_ex.o
 .comment       0x0000000000000053       0x54 Drivers/STM32F4xx_HAL_Driver/Src/stm32f4xx_hal_cortex.o
 .comment       0x0000000000000053       0x54 Drivers/STM32F4xx_HAL_Driver/Src/stm32f4xx_hal_gpio.o
 .comment       0x0000000000000053       0x54 Drivers/STM32F4xx_HAL_Driver/Src/stm32f4xx_hal_rcc.o
 .comment       0x0000000000000053       0x54 Drivers/STM32F4xx_HAL_Driver/Src/stm32f4xx_hal_spi.o
 .comment       0x0000000000000053       0x54 Drivers/STM32F4xx_HAL_Driver/Src/stm32f4xx_hal_tim.o
 .comment       0x0000000000000053       0x54 Drivers/STM32F4xx_HAL_Driver/Src/stm32f4xx_hal_tim_ex.o
 .comment       0x0000000000000053       0x54 Drivers/STM32F4xx_HAL_Driver/Src/stm32f4xx_hal_uart.o
 .comment       0x0000000000000053       0x54 FreeRTOS/list.o
 .comment       0x0000000000000053       0x54 FreeRTOS/tasks.o
 .comment       0x0000000000000053       0x54 FreeRTOS/portable/ARM_CM4F/port.o

.debug_frame    0x0000000000000000     0x4d30
 .debug_frame   0x0000000000000000      0x1c8 Core/Src/STM_ENC28_J60.o
 .debug_frame   0x00000000000001c8      0x194 Core/Src/main.o
 .debug_frame   0x000000000000035c      0x17c Core/Src/stm32f4xx_hal_msp.o
 .debug_frame   0x00000000000004d8       0x74 Core/Src/stm32f4xx_hal_timebase_tim.o
 .debug_frame   0x000000000000054c       0xfc Core/Src/stm32f4xx_it.o
 .debug_frame   0x0000000000000648       0x58 Core/Src/system_stm32f4xx.o
 .debug_frame   0x00000000000006a0      0x374 Drivers/STM32F4xx_HAL_Driver/Src/stm32f4xx_hal.o
 .debug_frame   0x0000000000000a14      0x3fc Drivers/STM32F4xx_HAL_Driver/Src/stm32f4xx_hal_adc.o
 .debug_frame   0x0000000000000e10      0x250 Drivers/STM32F4xx_HAL_Driver/Src/stm32f4xx_hal_adc_ex.o
 .debug_frame   0x0000000000001060      0x498 Drivers/STM32F4xx_HAL_Driver/Src/stm32f4xx_hal_cortex.o
 .debug_frame   0x00000000000014f8      0x14c Drivers/STM32F4xx_HAL_Driver/Src/stm32f4xx_hal_gpio.o
 .debug_frame   0x0000000000001644      0x1f0 Drivers/STM32F4xx_HAL_Driver/Src/stm32f4xx_hal_rcc.o
 .debug_frame   0x0000000000001834      0x824 Drivers/STM32F4xx_HAL_Driver/Src/stm32f4xx_hal_spi.o
 .debug_frame   0x0000000000002058     0x11bc Drivers/STM32F4xx_HAL_Driver/Src/stm32f4xx_hal_tim.o
 .debug_frame   0x0000000000003214      0x638 Drivers/STM32F4xx_HAL_Driver/Src/stm32f4xx_hal_tim_ex.o
 .debug_frame   0x000000000000384c      0x924 Drivers/STM32F4xx_HAL_Driver/Src/stm32f4xx_hal_uart.o
 .debug_frame   0x0000000000004170       0xd8 FreeRTOS/list.o
 .debug_frame   0x0000000000004248      0x894 FreeRTOS/tasks.o
 .debug_frame   0x0000000000004adc      0x1a8 FreeRTOS/portable/ARM_CM4F/port.o
 .debug_frame   0x0000000000004c84       0x2c c:/st/stm32cubeide_1.6.1/stm32cubeide/plugins/com.st.stm32cube.ide.mcu.externaltools.gnu-tools-for-stm32.9-2020-q2-update.win32_1.5.0.202011040924/tools/bin/../lib/gcc/arm-none-eabi/9.3.1/../../../../arm-none-eabi/lib/thumb/v7e-m+fp/hard\libc_nano.a(lib_a-init.o)
 .debug_frame   0x0000000000004cb0       0x20 c:/st/stm32cubeide_1.6.1/stm32cubeide/plugins/com.st.stm32cube.ide.mcu.externaltools.gnu-tools-for-stm32.9-2020-q2-update.win32_1.5.0.202011040924/tools/bin/../lib/gcc/arm-none-eabi/9.3.1/../../../../arm-none-eabi/lib/thumb/v7e-m+fp/hard\libc_nano.a(lib_a-memset.o)
 .debug_frame   0x0000000000004cd0       0x2c c:/st/stm32cubeide_1.6.1/stm32cubeide/plugins/com.st.stm32cube.ide.mcu.externaltools.gnu-tools-for-stm32.9-2020-q2-update.win32_1.5.0.202011040924/tools/bin/../lib/gcc/arm-none-eabi/9.3.1/thumb/v7e-m+fp/hard\libgcc.a(_aeabi_uldivmod.o)
 .debug_frame   0x0000000000004cfc       0x34 c:/st/stm32cubeide_1.6.1/stm32cubeide/plugins/com.st.stm32cube.ide.mcu.externaltools.gnu-tools-for-stm32.9-2020-q2-update.win32_1.5.0.202011040924/tools/bin/../lib/gcc/arm-none-eabi/9.3.1/thumb/v7e-m+fp/hard\libgcc.a(_udivmoddi4.o)
