enc28j60.c:41:9:enc28j60ReadOp	24	static
enc28j60.c:58:6:enc28j60WriteOp	24	static
enc28j60.c:68:6:enc28j60ReadBuffer	24	static
enc28j60.c:84:6:enc28j60WriteBuffer	24	static
enc28j60.c:102:6:enc28j60SetBank	16	static
enc28j60.c:114:9:enc28j60Read	16	static
enc28j60.c:122:6:enc28j60Write	16	static
enc28j60.c:130:6:enc28j60PhyWrite	16	static
enc28j60.c:145:6:enc28j60clkout	16	static
enc28j60.c:151:6:enc28j60Init	16	static
enc28j60.c:231:9:enc28j60getrev	8	static
enc28j60.c:236:6:enc28j60PacketSend	16	static
enc28j60.c:261:10:enc28j60PacketReceive	24	static
