enc28j60.c:41:15:ENC28J60_SendByte	32	static
enc28j60.c:54:9:enc28j60ReadOp	24	static
enc28j60.c:68:6:enc28j60WriteOp	16	static
enc28j60.c:76:6:enc28j60ReadBuffer	24	static
enc28j60.c:86:6:enc28j60WriteBuffer	16	static
enc28j60.c:95:6:enc28j60SetBank	16	static
enc28j60.c:107:9:enc28j60Read	16	static
enc28j60.c:115:6:enc28j60Write	16	static
enc28j60.c:123:6:enc28j60PhyWrite	16	static
enc28j60.c:138:6:enc28j60clkout	16	static
enc28j60.c:144:6:enc28j60Init	16	static
enc28j60.c:224:9:enc28j60getrev	8	static
enc28j60.c:229:6:enc28j60PacketSend	16	static
enc28j60.c:254:10:enc28j60PacketReceive	24	static
