main.c:121:5:main	16	static
main.c:186:6:SystemClock_Config	88	static
main.c:230:13:MX_ADC1_Init	24	static
main.c:280:13:MX_SPI1_Init	8	static
main.c:318:13:MX_TIM2_Init	64	static
main.c:377:13:MX_TIM3_Init	32	static
main.c:422:13:MX_USART3_UART_Init	8	static
main.c:455:13:MX_GPIO_Init	48	static
main.c:489:6:servo_Motor	16	static
main.c:498:6:vHandlerTask	16	static
main.c:519:6:HAL_ADC_ConvCpltCallback	16	static
main.c:546:6:server	24	static
main.c:584:6:frottemp	24	static
main.c:602:6:backtemp	8	static
main.c:610:6:homePage	24	static
main.c:640:6:HAL_TIM_PeriodElapsedCallback	16	static
main.c:657:6:Error_Handler	4	static,ignoring_inline_asm
