main.c:123:5:main	16	static
main.c:202:6:SystemClock_Config	88	static
main.c:246:13:MX_ADC1_Init	24	static
main.c:296:13:MX_SPI1_Init	8	static
main.c:334:13:MX_TIM2_Init	64	static
main.c:393:13:MX_TIM3_Init	32	static
main.c:438:13:MX_USART3_UART_Init	8	static
main.c:471:13:MX_GPIO_Init	48	static
main.c:505:6:servo_Motor	16	static
main.c:514:6:vHandlerTask	96	static
main.c:535:6:HAL_ADC_ConvCpltCallback	16	static
main.c:562:6:server	16	static
main.c:613:6:frottemp	24	static
main.c:631:6:backtemp	8	static
main.c:639:6:redirect	24	static
main.c:687:6:HAL_TIM_PeriodElapsedCallback	16	static
main.c:704:6:Error_Handler	4	static,ignoring_inline_asm
